Starting ASYMMETRIC Study on cuda...

--- Testing ASYMMETRIC T_CUT_half = 0.5 ns (Full Window=1.0) ---
Epoch 1 completed
Epoch 2 completed
Epoch 3 completed
Epoch 4 completed
Epoch 5 completed
Epoch 6 completed
Epoch 7 completed
Epoch 8 completed
Epoch 9 completed
Epoch 10 completed
Final V-P@R0.9 for Asymmetric T_CUT_half=0.5: 0.5107

--- Testing ASYMMETRIC T_CUT_half = 0.8 ns (Full Window=1.6) ---
Epoch 1 completed
Epoch 2 completed
Epoch 3 completed
Epoch 4 completed
Epoch 5 completed
Epoch 6 completed
Epoch 7 completed
Epoch 8 completed
Epoch 9 completed
Epoch 10 completed
Final V-P@R0.9 for Asymmetric T_CUT_half=0.8: 0.4724

--- Testing ASYMMETRIC T_CUT_half = 1.1 ns (Full Window=2.2) ---
Epoch 1 completed
Epoch 2 completed
Epoch 3 completed
Epoch 4 completed
Epoch 5 completed
Epoch 6 completed
Epoch 7 completed
Epoch 8 completed
Epoch 9 completed
Epoch 10 completed
Final V-P@R0.9 for Asymmetric T_CUT_half=1.1: 0.4617

--- Testing ASYMMETRIC T_CUT_half = 1.4 ns (Full Window=2.8) ---
Epoch 1 completed
Epoch 2 completed
Epoch 3 completed
Epoch 4 completed
Epoch 5 completed
Epoch 6 completed
Epoch 7 completed
Epoch 8 completed
Epoch 9 completed
Epoch 10 completed
Final V-P@R0.9 for Asymmetric T_CUT_half=1.4: 0.4590

--- Testing ASYMMETRIC T_CUT_half = 1.7 ns (Full Window=3.4) ---
Epoch 1 completed
Epoch 2 completed
Epoch 3 completed
Epoch 4 completed
Epoch 5 completed
Epoch 6 completed
Epoch 7 completed
Epoch 8 completed
Epoch 9 completed
Epoch 10 completed
Final V-P@R0.9 for Asymmetric T_CUT_half=1.7: 0.4723

--- Testing ASYMMETRIC T_CUT_half = 2.0 ns (Full Window=4.0) ---
Epoch 1 completed
Epoch 2 completed
Epoch 3 completed
Epoch 4 completed
Epoch 5 completed
Epoch 6 completed
Epoch 7 completed
Epoch 8 completed
Epoch 9 completed
Epoch 10 completed
Final V-P@R0.9 for Asymmetric T_CUT_half=2.0: 0.4702

--- Testing ASYMMETRIC T_CUT_half = 2.3 ns (Full Window=4.6) ---
Epoch 1 completed
Epoch 2 completed
Epoch 3 completed
Epoch 4 completed
Epoch 5 completed
Epoch 6 completed
Epoch 7 completed
Epoch 8 completed
Epoch 9 completed
Epoch 10 completed
Final V-P@R0.9 for Asymmetric T_CUT_half=2.3: 0.4679

--- Testing ASYMMETRIC T_CUT_half = 2.6 ns (Full Window=5.2) ---
Epoch 1 completed
Epoch 2 completed
Epoch 3 completed
Epoch 4 completed
Epoch 5 completed
Epoch 6 completed
Epoch 7 completed
Epoch 8 completed
Epoch 9 completed
Epoch 10 completed
Final V-P@R0.9 for Asymmetric T_CUT_half=2.6: 0.4670

--- Testing ASYMMETRIC T_CUT_half = 2.9 ns (Full Window=5.8) ---
Epoch 1 completed
Epoch 2 completed
Epoch 3 completed
Epoch 4 completed
Epoch 5 completed
Epoch 6 completed
Epoch 7 completed
Epoch 8 completed
Epoch 9 completed
Epoch 10 completed
Final V-P@R0.9 for Asymmetric T_CUT_half=2.9: 0.4729

--- Testing ASYMMETRIC T_CUT_half = 3.2 ns (Full Window=6.4) ---
Epoch 1 completed
Epoch 2 completed
Epoch 3 completed
Epoch 4 completed
Epoch 5 completed
Epoch 6 completed
Epoch 7 completed
Epoch 8 completed
Epoch 9 completed
Epoch 10 completed
Final V-P@R0.9 for Asymmetric T_CUT_half=3.2: 0.4619

--- Testing ASYMMETRIC T_CUT_half = 3.5 ns (Full Window=7.0) ---
Epoch 1 completed
Epoch 2 completed
Epoch 3 completed
Epoch 4 completed
Epoch 5 completed
Epoch 6 completed
Epoch 7 completed
Epoch 8 completed
Epoch 9 completed
Epoch 10 completed
Final V-P@R0.9 for Asymmetric T_CUT_half=3.5: 0.4785

Asymmetric Study complete!
T_CUTs: [0.5, 0.8, 1.1, 1.4, 1.7, 2.0, 2.3, 2.6, 2.9, 3.2, 3.5]
Results: [np.float64(0.5106699648496642), np.float64(0.4723829512687917), np.float64(0.46169408590659644), np.float64(0.45895888872772717), np.float64(0.4722556427107715), np.float64(0.4701739255372131), np.float64(0.46793785624507983), np.float64(0.46696995364502414), np.float64(0.472944533154816), np.float64(0.4619491022703166), np.float64(0.4785195299111026)]
