Device: cuda | MLP-BYPASS STUDY | GCN 5Layer
Epoch 0001 | Time: 42.2s | T-Loss: 0.1341 | V-Loss: 0.1135 | T-Prec: 0.7243 | V-Prec: 0.6889 | T-Rec: 0.4205 | V-Rec: 0.3420 | T-P@R0.9: 0.3646 | V-P@R0.9: 0.2824
Epoch 0002 | Time: 39.8s | T-Loss: 0.1200 | V-Loss: 0.1059 | T-Prec: 0.7291 | V-Prec: 0.6973 | T-Rec: 0.5675 | V-Rec: 0.5222 | T-P@R0.9: 0.3578 | V-P@R0.9: 0.2869
Epoch 0003 | Time: 42.4s | T-Loss: 0.1132 | V-Loss: 0.1017 | T-Prec: 0.7875 | V-Prec: 0.7683 | T-Rec: 0.5487 | V-Rec: 0.4984 | T-P@R0.9: 0.3597 | V-P@R0.9: 0.2886
Epoch 0004 | Time: 43.2s | T-Loss: 0.1049 | V-Loss: 0.0944 | T-Prec: 0.8039 | V-Prec: 0.7802 | T-Rec: 0.5992 | V-Rec: 0.5496 | T-P@R0.9: 0.3904 | V-P@R0.9: 0.3167
Epoch 0005 | Time: 43.4s | T-Loss: 0.1020 | V-Loss: 0.0924 | T-Prec: 0.8017 | V-Prec: 0.7740 | T-Rec: 0.6294 | V-Rec: 0.5803 | T-P@R0.9: 0.4082 | V-P@R0.9: 0.3261
Epoch 0006 | Time: 43.2s | T-Loss: 0.1002 | V-Loss: 0.0901 | T-Prec: 0.7894 | V-Prec: 0.7593 | T-Rec: 0.6808 | V-Rec: 0.6257 | T-P@R0.9: 0.4397 | V-P@R0.9: 0.3378
Epoch 0007 | Time: 43.8s | T-Loss: 0.0963 | V-Loss: 0.0874 | T-Prec: 0.8221 | V-Prec: 0.7970 | T-Rec: 0.6438 | V-Rec: 0.6036 | T-P@R0.9: 0.4305 | V-P@R0.9: 0.3496
Epoch 0008 | Time: 43.4s | T-Loss: 0.0946 | V-Loss: 0.0857 | T-Prec: 0.8135 | V-Prec: 0.7846 | T-Rec: 0.6846 | V-Rec: 0.6410 | T-P@R0.9: 0.4452 | V-P@R0.9: 0.3549
Epoch 0009 | Time: 45.2s | T-Loss: 0.0906 | V-Loss: 0.0847 | T-Prec: 0.8197 | V-Prec: 0.7954 | T-Rec: 0.6956 | V-Rec: 0.6498 | T-P@R0.9: 0.4449 | V-P@R0.9: 0.3576
Epoch 0010 | Time: 44.8s | T-Loss: 0.0873 | V-Loss: 0.0826 | T-Prec: 0.8166 | V-Prec: 0.7958 | T-Rec: 0.7081 | V-Rec: 0.6641 | T-P@R0.9: 0.4612 | V-P@R0.9: 0.3697
Epoch 0011 | Time: 41.4s | T-Loss: 0.0880 | V-Loss: 0.0815 | T-Prec: 0.8445 | V-Prec: 0.8183 | T-Rec: 0.6857 | V-Rec: 0.6450 | T-P@R0.9: 0.4720 | V-P@R0.9: 0.3746
Epoch 0012 | Time: 42.4s | T-Loss: 0.0869 | V-Loss: 0.0800 | T-Prec: 0.8390 | V-Prec: 0.8129 | T-Rec: 0.7083 | V-Rec: 0.6638 | T-P@R0.9: 0.4984 | V-P@R0.9: 0.3928
Epoch 0013 | Time: 47.3s | T-Loss: 0.0863 | V-Loss: 0.0782 | T-Prec: 0.8450 | V-Prec: 0.8164 | T-Rec: 0.7216 | V-Rec: 0.6742 | T-P@R0.9: 0.5275 | V-P@R0.9: 0.4028
Epoch 0014 | Time: 43.7s | T-Loss: 0.0856 | V-Loss: 0.0801 | T-Prec: 0.8458 | V-Prec: 0.8251 | T-Rec: 0.7021 | V-Rec: 0.6564 | T-P@R0.9: 0.4856 | V-P@R0.9: 0.3868
Epoch 0015 | Time: 40.2s | T-Loss: 0.0829 | V-Loss: 0.0761 | T-Prec: 0.8439 | V-Prec: 0.8212 | T-Rec: 0.7269 | V-Rec: 0.6832 | T-P@R0.9: 0.5364 | V-P@R0.9: 0.4218
Epoch 0016 | Time: 43.4s | T-Loss: 0.0815 | V-Loss: 0.0755 | T-Prec: 0.8521 | V-Prec: 0.8336 | T-Rec: 0.7238 | V-Rec: 0.6791 | T-P@R0.9: 0.5286 | V-P@R0.9: 0.4212
Epoch 0017 | Time: 45.8s | T-Loss: 0.0804 | V-Loss: 0.0747 | T-Prec: 0.8562 | V-Prec: 0.8337 | T-Rec: 0.7202 | V-Rec: 0.6836 | T-P@R0.9: 0.5340 | V-P@R0.9: 0.4323
Epoch 0018 | Time: 42.6s | T-Loss: 0.0802 | V-Loss: 0.0735 | T-Prec: 0.8657 | V-Prec: 0.8404 | T-Rec: 0.7305 | V-Rec: 0.6822 | T-P@R0.9: 0.5824 | V-P@R0.9: 0.4508
Epoch 0019 | Time: 44.2s | T-Loss: 0.0764 | V-Loss: 0.0730 | T-Prec: 0.8546 | V-Prec: 0.8335 | T-Rec: 0.7290 | V-Rec: 0.6963 | T-P@R0.9: 0.5451 | V-P@R0.9: 0.4485
Epoch 0020 | Time: 44.4s | T-Loss: 0.0793 | V-Loss: 0.0728 | T-Prec: 0.8519 | V-Prec: 0.8243 | T-Rec: 0.7567 | V-Rec: 0.7108 | T-P@R0.9: 0.5844 | V-P@R0.9: 0.4498
Epoch 0021 | Time: 46.6s | T-Loss: 0.0772 | V-Loss: 0.0727 | T-Prec: 0.8611 | V-Prec: 0.8391 | T-Rec: 0.7399 | V-Rec: 0.6951 | T-P@R0.9: 0.5845 | V-P@R0.9: 0.4557
Epoch 0022 | Time: 43.1s | T-Loss: 0.0765 | V-Loss: 0.0715 | T-Prec: 0.8499 | V-Prec: 0.8309 | T-Rec: 0.7518 | V-Rec: 0.7141 | T-P@R0.9: 0.5796 | V-P@R0.9: 0.4647
Epoch 0023 | Time: 43.4s | T-Loss: 0.0751 | V-Loss: 0.0712 | T-Prec: 0.8737 | V-Prec: 0.8482 | T-Rec: 0.7397 | V-Rec: 0.6963 | T-P@R0.9: 0.5907 | V-P@R0.9: 0.4629
Epoch 0024 | Time: 45.9s | T-Loss: 0.0747 | V-Loss: 0.0712 | T-Prec: 0.8461 | V-Prec: 0.8183 | T-Rec: 0.7787 | V-Rec: 0.7337 | T-P@R0.9: 0.6028 | V-P@R0.9: 0.4673
Epoch 0025 | Time: 43.1s | T-Loss: 0.0738 | V-Loss: 0.0713 | T-Prec: 0.8556 | V-Prec: 0.8332 | T-Rec: 0.7592 | V-Rec: 0.7160 | T-P@R0.9: 0.5917 | V-P@R0.9: 0.4667
Epoch 0026 | Time: 47.2s | T-Loss: 0.0724 | V-Loss: 0.0700 | T-Prec: 0.8492 | V-Prec: 0.8282 | T-Rec: 0.7618 | V-Rec: 0.7293 | T-P@R0.9: 0.5893 | V-P@R0.9: 0.4855
Epoch 0027 | Time: 45.0s | T-Loss: 0.0745 | V-Loss: 0.0702 | T-Prec: 0.8613 | V-Prec: 0.8342 | T-Rec: 0.7711 | V-Rec: 0.7228 | T-P@R0.9: 0.6214 | V-P@R0.9: 0.4772
Epoch 0028 | Time: 43.5s | T-Loss: 0.0721 | V-Loss: 0.0694 | T-Prec: 0.8435 | V-Prec: 0.8206 | T-Rec: 0.7801 | V-Rec: 0.7439 | T-P@R0.9: 0.6078 | V-P@R0.9: 0.4991
Epoch 0029 | Time: 44.4s | T-Loss: 0.0735 | V-Loss: 0.0689 | T-Prec: 0.8687 | V-Prec: 0.8389 | T-Rec: 0.7675 | V-Rec: 0.7268 | T-P@R0.9: 0.6317 | V-P@R0.9: 0.4913
Epoch 0030 | Time: 47.0s | T-Loss: 0.0711 | V-Loss: 0.0685 | T-Prec: 0.8669 | V-Prec: 0.8396 | T-Rec: 0.7702 | V-Rec: 0.7266 | T-P@R0.9: 0.6305 | V-P@R0.9: 0.4944
Epoch 0031 | Time: 46.9s | T-Loss: 0.0718 | V-Loss: 0.0676 | T-Prec: 0.8720 | V-Prec: 0.8445 | T-Rec: 0.7735 | V-Rec: 0.7277 | T-P@R0.9: 0.6455 | V-P@R0.9: 0.5034
Epoch 0032 | Time: 44.0s | T-Loss: 0.0731 | V-Loss: 0.0683 | T-Prec: 0.8743 | V-Prec: 0.8484 | T-Rec: 0.7626 | V-Rec: 0.7201 | T-P@R0.9: 0.6447 | V-P@R0.9: 0.5011
Epoch 0033 | Time: 52.3s | T-Loss: 0.0731 | V-Loss: 0.0683 | T-Prec: 0.8549 | V-Prec: 0.8308 | T-Rec: 0.7805 | V-Rec: 0.7405 | T-P@R0.9: 0.6366 | V-P@R0.9: 0.5030
Epoch 0034 | Time: 46.2s | T-Loss: 0.0723 | V-Loss: 0.0676 | T-Prec: 0.8509 | V-Prec: 0.8254 | T-Rec: 0.7873 | V-Rec: 0.7528 | T-P@R0.9: 0.6312 | V-P@R0.9: 0.5175
Epoch 0035 | Time: 44.9s | T-Loss: 0.0703 | V-Loss: 0.0676 | T-Prec: 0.8604 | V-Prec: 0.8325 | T-Rec: 0.7867 | V-Rec: 0.7461 | T-P@R0.9: 0.6555 | V-P@R0.9: 0.5138
Epoch 0036 | Time: 45.0s | T-Loss: 0.0719 | V-Loss: 0.0674 | T-Prec: 0.8673 | V-Prec: 0.8467 | T-Rec: 0.7770 | V-Rec: 0.7298 | T-P@R0.9: 0.6542 | V-P@R0.9: 0.5125
Epoch 0037 | Time: 44.4s | T-Loss: 0.0714 | V-Loss: 0.0668 | T-Prec: 0.8664 | V-Prec: 0.8371 | T-Rec: 0.7893 | V-Rec: 0.7462 | T-P@R0.9: 0.6631 | V-P@R0.9: 0.5176
Epoch 0038 | Time: 48.4s | T-Loss: 0.0692 | V-Loss: 0.0674 | T-Prec: 0.8758 | V-Prec: 0.8526 | T-Rec: 0.7672 | V-Rec: 0.7275 | T-P@R0.9: 0.6305 | V-P@R0.9: 0.5094
Epoch 0039 | Time: 43.7s | T-Loss: 0.0686 | V-Loss: 0.0665 | T-Prec: 0.8669 | V-Prec: 0.8448 | T-Rec: 0.7830 | V-Rec: 0.7389 | T-P@R0.9: 0.6584 | V-P@R0.9: 0.5208
Epoch 0040 | Time: 44.1s | T-Loss: 0.0733 | V-Loss: 0.0666 | T-Prec: 0.8719 | V-Prec: 0.8406 | T-Rec: 0.7871 | V-Rec: 0.7406 | T-P@R0.9: 0.6845 | V-P@R0.9: 0.5258
Epoch 0041 | Time: 45.8s | T-Loss: 0.0676 | V-Loss: 0.0668 | T-Prec: 0.8538 | V-Prec: 0.8281 | T-Rec: 0.7892 | V-Rec: 0.7557 | T-P@R0.9: 0.6429 | V-P@R0.9: 0.5296
Epoch 0042 | Time: 46.1s | T-Loss: 0.0691 | V-Loss: 0.0659 | T-Prec: 0.8783 | V-Prec: 0.8542 | T-Rec: 0.7635 | V-Rec: 0.7289 | T-P@R0.9: 0.6411 | V-P@R0.9: 0.5296
Epoch 0043 | Time: 44.9s | T-Loss: 0.0693 | V-Loss: 0.0656 | T-Prec: 0.8646 | V-Prec: 0.8399 | T-Rec: 0.7895 | V-Rec: 0.7503 | T-P@R0.9: 0.6566 | V-P@R0.9: 0.5314
Epoch 0044 | Time: 45.5s | T-Loss: 0.0702 | V-Loss: 0.0668 | T-Prec: 0.8903 | V-Prec: 0.8650 | T-Rec: 0.7487 | V-Rec: 0.7081 | T-P@R0.9: 0.6605 | V-P@R0.9: 0.5264
Epoch 0045 | Time: 45.8s | T-Loss: 0.0685 | V-Loss: 0.0658 | T-Prec: 0.8860 | V-Prec: 0.8590 | T-Rec: 0.7677 | V-Rec: 0.7254 | T-P@R0.9: 0.6772 | V-P@R0.9: 0.5334
Epoch 0046 | Time: 47.9s | T-Loss: 0.0696 | V-Loss: 0.0670 | T-Prec: 0.8701 | V-Prec: 0.8412 | T-Rec: 0.7815 | V-Rec: 0.7406 | T-P@R0.9: 0.6628 | V-P@R0.9: 0.5241
Epoch 0047 | Time: 45.2s | T-Loss: 0.0695 | V-Loss: 0.0656 | T-Prec: 0.8780 | V-Prec: 0.8528 | T-Rec: 0.7754 | V-Rec: 0.7367 | T-P@R0.9: 0.6631 | V-P@R0.9: 0.5316
Epoch 0048 | Time: 43.4s | T-Loss: 0.0678 | V-Loss: 0.0648 | T-Prec: 0.8797 | V-Prec: 0.8532 | T-Rec: 0.7838 | V-Rec: 0.7437 | T-P@R0.9: 0.6796 | V-P@R0.9: 0.5405
Epoch 0049 | Time: 45.4s | T-Loss: 0.0694 | V-Loss: 0.0647 | T-Prec: 0.8793 | V-Prec: 0.8543 | T-Rec: 0.7827 | V-Rec: 0.7390 | T-P@R0.9: 0.6900 | V-P@R0.9: 0.5445
Epoch 0050 | Time: 44.4s | T-Loss: 0.0686 | V-Loss: 0.0648 | T-Prec: 0.8902 | V-Prec: 0.8649 | T-Rec: 0.7653 | V-Rec: 0.7242 | T-P@R0.9: 0.6809 | V-P@R0.9: 0.5495
Epoch 0051 | Time: 49.5s | T-Loss: 0.0695 | V-Loss: 0.0651 | T-Prec: 0.8752 | V-Prec: 0.8465 | T-Rec: 0.7984 | V-Rec: 0.7488 | T-P@R0.9: 0.6988 | V-P@R0.9: 0.5377
Epoch 0052 | Time: 47.4s | T-Loss: 0.0664 | V-Loss: 0.0659 | T-Prec: 0.8548 | V-Prec: 0.8296 | T-Rec: 0.7969 | V-Rec: 0.7638 | T-P@R0.9: 0.6543 | V-P@R0.9: 0.5382
Epoch 0053 | Time: 44.6s | T-Loss: 0.0715 | V-Loss: 0.0651 | T-Prec: 0.8914 | V-Prec: 0.8632 | T-Rec: 0.7793 | V-Rec: 0.7307 | T-P@R0.9: 0.7001 | V-P@R0.9: 0.5385
Epoch 0054 | Time: 45.4s | T-Loss: 0.0660 | V-Loss: 0.0644 | T-Prec: 0.8752 | V-Prec: 0.8522 | T-Rec: 0.7872 | V-Rec: 0.7471 | T-P@R0.9: 0.6685 | V-P@R0.9: 0.5482
Epoch 0055 | Time: 48.8s | T-Loss: 0.0682 | V-Loss: 0.0642 | T-Prec: 0.8875 | V-Prec: 0.8612 | T-Rec: 0.7776 | V-Rec: 0.7352 | T-P@R0.9: 0.6902 | V-P@R0.9: 0.5511
Epoch 0056 | Time: 45.9s | T-Loss: 0.0664 | V-Loss: 0.0648 | T-Prec: 0.8624 | V-Prec: 0.8336 | T-Rec: 0.8091 | V-Rec: 0.7672 | T-P@R0.9: 0.6981 | V-P@R0.9: 0.5586
Epoch 0057 | Time: 45.9s | T-Loss: 0.0666 | V-Loss: 0.0637 | T-Prec: 0.8757 | V-Prec: 0.8522 | T-Rec: 0.7895 | V-Rec: 0.7511 | T-P@R0.9: 0.6864 | V-P@R0.9: 0.5586
Epoch 0058 | Time: 46.4s | T-Loss: 0.0667 | V-Loss: 0.0645 | T-Prec: 0.8845 | V-Prec: 0.8617 | T-Rec: 0.7771 | V-Rec: 0.7370 | T-P@R0.9: 0.6684 | V-P@R0.9: 0.5417
Epoch 0059 | Time: 45.5s | T-Loss: 0.0679 | V-Loss: 0.0641 | T-Prec: 0.8758 | V-Prec: 0.8473 | T-Rec: 0.7945 | V-Rec: 0.7580 | T-P@R0.9: 0.6858 | V-P@R0.9: 0.5496
Epoch 0060 | Time: 46.9s | T-Loss: 0.0664 | V-Loss: 0.0639 | T-Prec: 0.8797 | V-Prec: 0.8558 | T-Rec: 0.7932 | V-Rec: 0.7491 | T-P@R0.9: 0.6880 | V-P@R0.9: 0.5447
Epoch 0061 | Time: 47.2s | T-Loss: 0.0658 | V-Loss: 0.0639 | T-Prec: 0.8791 | V-Prec: 0.8559 | T-Rec: 0.7803 | V-Rec: 0.7438 | T-P@R0.9: 0.6728 | V-P@R0.9: 0.5543
Epoch 0062 | Time: 46.3s | T-Loss: 0.0669 | V-Loss: 0.0641 | T-Prec: 0.8702 | V-Prec: 0.8393 | T-Rec: 0.8111 | V-Rec: 0.7668 | T-P@R0.9: 0.7105 | V-P@R0.9: 0.5618
Epoch 0063 | Time: 48.3s | T-Loss: 0.0659 | V-Loss: 0.0642 | T-Prec: 0.8890 | V-Prec: 0.8639 | T-Rec: 0.7747 | V-Rec: 0.7359 | T-P@R0.9: 0.6835 | V-P@R0.9: 0.5495
Epoch 0064 | Time: 47.1s | T-Loss: 0.0667 | V-Loss: 0.0633 | T-Prec: 0.8847 | V-Prec: 0.8562 | T-Rec: 0.7903 | V-Rec: 0.7498 | T-P@R0.9: 0.7060 | V-P@R0.9: 0.5620
Epoch 0065 | Time: 45.6s | T-Loss: 0.0651 | V-Loss: 0.0636 | T-Prec: 0.8701 | V-Prec: 0.8485 | T-Rec: 0.7929 | V-Rec: 0.7587 | T-P@R0.9: 0.6725 | V-P@R0.9: 0.5573
Epoch 0066 | Time: 46.7s | T-Loss: 0.0656 | V-Loss: 0.0639 | T-Prec: 0.8685 | V-Prec: 0.8430 | T-Rec: 0.7957 | V-Rec: 0.7641 | T-P@R0.9: 0.6772 | V-P@R0.9: 0.5616
Epoch 0067 | Time: 48.6s | T-Loss: 0.0681 | V-Loss: 0.0630 | T-Prec: 0.8737 | V-Prec: 0.8476 | T-Rec: 0.7970 | V-Rec: 0.7625 | T-P@R0.9: 0.6907 | V-P@R0.9: 0.5681
Epoch 0068 | Time: 46.7s | T-Loss: 0.0682 | V-Loss: 0.0632 | T-Prec: 0.8703 | V-Prec: 0.8396 | T-Rec: 0.8110 | V-Rec: 0.7705 | T-P@R0.9: 0.7189 | V-P@R0.9: 0.5741
Epoch 0069 | Time: 47.0s | T-Loss: 0.0671 | V-Loss: 0.0635 | T-Prec: 0.8821 | V-Prec: 0.8546 | T-Rec: 0.7909 | V-Rec: 0.7505 | T-P@R0.9: 0.7043 | V-P@R0.9: 0.5626
Epoch 0070 | Time: 47.3s | T-Loss: 0.0658 | V-Loss: 0.0627 | T-Prec: 0.8801 | V-Prec: 0.8555 | T-Rec: 0.7909 | V-Rec: 0.7549 | T-P@R0.9: 0.6966 | V-P@R0.9: 0.5758
Epoch 0071 | Time: 48.8s | T-Loss: 0.0675 | V-Loss: 0.0629 | T-Prec: 0.8785 | V-Prec: 0.8500 | T-Rec: 0.7965 | V-Rec: 0.7608 | T-P@R0.9: 0.7004 | V-P@R0.9: 0.5687
Epoch 0072 | Time: 46.7s | T-Loss: 0.0676 | V-Loss: 0.0626 | T-Prec: 0.8923 | V-Prec: 0.8613 | T-Rec: 0.7951 | V-Rec: 0.7467 | T-P@R0.9: 0.7316 | V-P@R0.9: 0.5724
Epoch 0073 | Time: 47.4s | T-Loss: 0.0661 | V-Loss: 0.0622 | T-Prec: 0.8949 | V-Prec: 0.8694 | T-Rec: 0.7829 | V-Rec: 0.7429 | T-P@R0.9: 0.6994 | V-P@R0.9: 0.5682
Epoch 0074 | Time: 45.9s | T-Loss: 0.0633 | V-Loss: 0.0627 | T-Prec: 0.8722 | V-Prec: 0.8494 | T-Rec: 0.7954 | V-Rec: 0.7639 | T-P@R0.9: 0.6844 | V-P@R0.9: 0.5748
Epoch 0075 | Time: 45.9s | T-Loss: 0.0658 | V-Loss: 0.0629 | T-Prec: 0.8756 | V-Prec: 0.8488 | T-Rec: 0.7955 | V-Rec: 0.7636 | T-P@R0.9: 0.6853 | V-P@R0.9: 0.5679
Epoch 0076 | Time: 48.0s | T-Loss: 0.0645 | V-Loss: 0.0630 | T-Prec: 0.8738 | V-Prec: 0.8421 | T-Rec: 0.8111 | V-Rec: 0.7700 | T-P@R0.9: 0.7193 | V-P@R0.9: 0.5757
Epoch 0077 | Time: 47.0s | T-Loss: 0.0649 | V-Loss: 0.0626 | T-Prec: 0.8842 | V-Prec: 0.8561 | T-Rec: 0.7971 | V-Rec: 0.7562 | T-P@R0.9: 0.7213 | V-P@R0.9: 0.5788
Epoch 0078 | Time: 47.2s | T-Loss: 0.0654 | V-Loss: 0.0631 | T-Prec: 0.8797 | V-Prec: 0.8514 | T-Rec: 0.8023 | V-Rec: 0.7612 | T-P@R0.9: 0.7126 | V-P@R0.9: 0.5711
Epoch 0079 | Time: 46.2s | T-Loss: 0.0661 | V-Loss: 0.0626 | T-Prec: 0.8782 | V-Prec: 0.8528 | T-Rec: 0.7985 | V-Rec: 0.7618 | T-P@R0.9: 0.7031 | V-P@R0.9: 0.5746
Epoch 0080 | Time: 48.0s | T-Loss: 0.0630 | V-Loss: 0.0626 | T-Prec: 0.9006 | V-Prec: 0.8762 | T-Rec: 0.7706 | V-Rec: 0.7334 | T-P@R0.9: 0.6971 | V-P@R0.9: 0.5765
Epoch 0081 | Time: 47.1s | T-Loss: 0.0643 | V-Loss: 0.0621 | T-Prec: 0.8739 | V-Prec: 0.8492 | T-Rec: 0.8035 | V-Rec: 0.7673 | T-P@R0.9: 0.7025 | V-P@R0.9: 0.5811
Epoch 0082 | Time: 46.8s | T-Loss: 0.0667 | V-Loss: 0.0621 | T-Prec: 0.8919 | V-Prec: 0.8618 | T-Rec: 0.7990 | V-Rec: 0.7531 | T-P@R0.9: 0.7361 | V-P@R0.9: 0.5808
Epoch 0083 | Time: 47.6s | T-Loss: 0.0661 | V-Loss: 0.0619 | T-Prec: 0.8964 | V-Prec: 0.8706 | T-Rec: 0.7828 | V-Rec: 0.7402 | T-P@R0.9: 0.7278 | V-P@R0.9: 0.5879
Epoch 0084 | Time: 49.7s | T-Loss: 0.0648 | V-Loss: 0.0620 | T-Prec: 0.8868 | V-Prec: 0.8612 | T-Rec: 0.7942 | V-Rec: 0.7563 | T-P@R0.9: 0.6991 | V-P@R0.9: 0.5775
Epoch 0085 | Time: 48.3s | T-Loss: 0.0625 | V-Loss: 0.0625 | T-Prec: 0.8885 | V-Prec: 0.8605 | T-Rec: 0.8032 | V-Rec: 0.7557 | T-P@R0.9: 0.7241 | V-P@R0.9: 0.5717
Epoch 0086 | Time: 46.1s | T-Loss: 0.0639 | V-Loss: 0.0624 | T-Prec: 0.8826 | V-Prec: 0.8524 | T-Rec: 0.8031 | V-Rec: 0.7641 | T-P@R0.9: 0.7222 | V-P@R0.9: 0.5814
Epoch 0087 | Time: 46.6s | T-Loss: 0.0659 | V-Loss: 0.0618 | T-Prec: 0.8896 | V-Prec: 0.8659 | T-Rec: 0.8009 | V-Rec: 0.7533 | T-P@R0.9: 0.7280 | V-P@R0.9: 0.5766
Epoch 0088 | Time: 46.4s | T-Loss: 0.0652 | V-Loss: 0.0613 | T-Prec: 0.8857 | V-Prec: 0.8606 | T-Rec: 0.8014 | V-Rec: 0.7594 | T-P@R0.9: 0.7237 | V-P@R0.9: 0.5850
Epoch 0089 | Time: 45.6s | T-Loss: 0.0673 | V-Loss: 0.0616 | T-Prec: 0.8822 | V-Prec: 0.8541 | T-Rec: 0.8014 | V-Rec: 0.7654 | T-P@R0.9: 0.7230 | V-P@R0.9: 0.5915
Epoch 0090 | Time: 45.4s | T-Loss: 0.0622 | V-Loss: 0.0614 | T-Prec: 0.8865 | V-Prec: 0.8640 | T-Rec: 0.7916 | V-Rec: 0.7541 | T-P@R0.9: 0.7069 | V-P@R0.9: 0.5864
Epoch 0091 | Time: 48.1s | T-Loss: 0.0651 | V-Loss: 0.0619 | T-Prec: 0.8856 | V-Prec: 0.8554 | T-Rec: 0.8054 | V-Rec: 0.7638 | T-P@R0.9: 0.7274 | V-P@R0.9: 0.5803
Epoch 0092 | Time: 49.0s | T-Loss: 0.0663 | V-Loss: 0.0613 | T-Prec: 0.8897 | V-Prec: 0.8621 | T-Rec: 0.7925 | V-Rec: 0.7558 | T-P@R0.9: 0.7228 | V-P@R0.9: 0.5920
Epoch 0093 | Time: 48.3s | T-Loss: 0.0644 | V-Loss: 0.0620 | T-Prec: 0.8674 | V-Prec: 0.8391 | T-Rec: 0.8190 | V-Rec: 0.7835 | T-P@R0.9: 0.7236 | V-P@R0.9: 0.5944
Epoch 0094 | Time: 45.9s | T-Loss: 0.0629 | V-Loss: 0.0613 | T-Prec: 0.8826 | V-Prec: 0.8559 | T-Rec: 0.8013 | V-Rec: 0.7654 | T-P@R0.9: 0.7179 | V-P@R0.9: 0.5899
Epoch 0095 | Time: 46.4s | T-Loss: 0.0636 | V-Loss: 0.0610 | T-Prec: 0.8937 | V-Prec: 0.8696 | T-Rec: 0.7911 | V-Rec: 0.7489 | T-P@R0.9: 0.7242 | V-P@R0.9: 0.5951
Epoch 0096 | Time: 51.6s | T-Loss: 0.0649 | V-Loss: 0.0621 | T-Prec: 0.8738 | V-Prec: 0.8434 | T-Rec: 0.8187 | V-Rec: 0.7743 | T-P@R0.9: 0.7322 | V-P@R0.9: 0.5862
Epoch 0097 | Time: 44.4s | T-Loss: 0.0631 | V-Loss: 0.0616 | T-Prec: 0.8710 | V-Prec: 0.8436 | T-Rec: 0.8138 | V-Rec: 0.7803 | T-P@R0.9: 0.7207 | V-P@R0.9: 0.5981
Epoch 0098 | Time: 46.4s | T-Loss: 0.0640 | V-Loss: 0.0603 | T-Prec: 0.8929 | V-Prec: 0.8688 | T-Rec: 0.7861 | V-Rec: 0.7535 | T-P@R0.9: 0.7114 | V-P@R0.9: 0.5989
Epoch 0099 | Time: 46.8s | T-Loss: 0.0648 | V-Loss: 0.0615 | T-Prec: 0.8709 | V-Prec: 0.8447 | T-Rec: 0.8141 | V-Rec: 0.7809 | T-P@R0.9: 0.7180 | V-P@R0.9: 0.5989
Epoch 0100 | Time: 48.4s | T-Loss: 0.0625 | V-Loss: 0.0607 | T-Prec: 0.8918 | V-Prec: 0.8670 | T-Rec: 0.7920 | V-Rec: 0.7554 | T-P@R0.9: 0.7230 | V-P@R0.9: 0.5965
Epoch 0101 | Time: 50.2s | T-Loss: 0.0632 | V-Loss: 0.0619 | T-Prec: 0.8776 | V-Prec: 0.8441 | T-Rec: 0.8186 | V-Rec: 0.7781 | T-P@R0.9: 0.7340 | V-P@R0.9: 0.5905
Epoch 0102 | Time: 48.0s | T-Loss: 0.0631 | V-Loss: 0.0616 | T-Prec: 0.8863 | V-Prec: 0.8564 | T-Rec: 0.8107 | V-Rec: 0.7647 | T-P@R0.9: 0.7474 | V-P@R0.9: 0.5891
Epoch 0103 | Time: 46.7s | T-Loss: 0.0643 | V-Loss: 0.0608 | T-Prec: 0.8858 | V-Prec: 0.8642 | T-Rec: 0.7951 | V-Rec: 0.7613 | T-P@R0.9: 0.7127 | V-P@R0.9: 0.5981
Epoch 0104 | Time: 48.5s | T-Loss: 0.0629 | V-Loss: 0.0602 | T-Prec: 0.8831 | V-Prec: 0.8558 | T-Rec: 0.8054 | V-Rec: 0.7732 | T-P@R0.9: 0.7225 | V-P@R0.9: 0.6053
Epoch 0105 | Time: 50.7s | T-Loss: 0.0617 | V-Loss: 0.0610 | T-Prec: 0.8905 | V-Prec: 0.8618 | T-Rec: 0.8010 | V-Rec: 0.7630 | T-P@R0.9: 0.7238 | V-P@R0.9: 0.5906
Epoch 0106 | Time: 47.6s | T-Loss: 0.0630 | V-Loss: 0.0602 | T-Prec: 0.8866 | V-Prec: 0.8631 | T-Rec: 0.7995 | V-Rec: 0.7631 | T-P@R0.9: 0.7282 | V-P@R0.9: 0.6097
Epoch 0107 | Time: 47.7s | T-Loss: 0.0624 | V-Loss: 0.0603 | T-Prec: 0.8932 | V-Prec: 0.8724 | T-Rec: 0.7898 | V-Rec: 0.7526 | T-P@R0.9: 0.7173 | V-P@R0.9: 0.6001
Epoch 0108 | Time: 48.9s | T-Loss: 0.0634 | V-Loss: 0.0603 | T-Prec: 0.8840 | V-Prec: 0.8554 | T-Rec: 0.8080 | V-Rec: 0.7730 | T-P@R0.9: 0.7275 | V-P@R0.9: 0.6046
Epoch 0109 | Time: 52.1s | T-Loss: 0.0609 | V-Loss: 0.0607 | T-Prec: 0.8855 | V-Prec: 0.8530 | T-Rec: 0.8103 | V-Rec: 0.7739 | T-P@R0.9: 0.7333 | V-P@R0.9: 0.6017
Epoch 0110 | Time: 48.1s | T-Loss: 0.0642 | V-Loss: 0.0614 | T-Prec: 0.8751 | V-Prec: 0.8397 | T-Rec: 0.8261 | V-Rec: 0.7860 | T-P@R0.9: 0.7541 | V-P@R0.9: 0.6078
Epoch 0111 | Time: 49.2s | T-Loss: 0.0633 | V-Loss: 0.0605 | T-Prec: 0.8900 | V-Prec: 0.8651 | T-Rec: 0.8066 | V-Rec: 0.7644 | T-P@R0.9: 0.7391 | V-P@R0.9: 0.5969
Epoch 0112 | Time: 47.8s | T-Loss: 0.0606 | V-Loss: 0.0605 | T-Prec: 0.8794 | V-Prec: 0.8565 | T-Rec: 0.8054 | V-Rec: 0.7731 | T-P@R0.9: 0.7166 | V-P@R0.9: 0.6014
Epoch 0113 | Time: 50.7s | T-Loss: 0.0605 | V-Loss: 0.0602 | T-Prec: 0.8807 | V-Prec: 0.8539 | T-Rec: 0.8096 | V-Rec: 0.7774 | T-P@R0.9: 0.7211 | V-P@R0.9: 0.6070
Epoch 0114 | Time: 46.9s | T-Loss: 0.0627 | V-Loss: 0.0606 | T-Prec: 0.8849 | V-Prec: 0.8545 | T-Rec: 0.8181 | V-Rec: 0.7755 | T-P@R0.9: 0.7538 | V-P@R0.9: 0.6055
Epoch 0115 | Time: 47.7s | T-Loss: 0.0615 | V-Loss: 0.0599 | T-Prec: 0.8967 | V-Prec: 0.8693 | T-Rec: 0.8000 | V-Rec: 0.7612 | T-P@R0.9: 0.7395 | V-P@R0.9: 0.6053
Epoch 0116 | Time: 48.8s | T-Loss: 0.0609 | V-Loss: 0.0608 | T-Prec: 0.8896 | V-Prec: 0.8639 | T-Rec: 0.8021 | V-Rec: 0.7638 | T-P@R0.9: 0.7314 | V-P@R0.9: 0.5958
Epoch 0117 | Time: 49.3s | T-Loss: 0.0628 | V-Loss: 0.0601 | T-Prec: 0.8802 | V-Prec: 0.8545 | T-Rec: 0.8145 | V-Rec: 0.7803 | T-P@R0.9: 0.7306 | V-P@R0.9: 0.6057
Epoch 0118 | Time: 48.4s | T-Loss: 0.0612 | V-Loss: 0.0605 | T-Prec: 0.8721 | V-Prec: 0.8454 | T-Rec: 0.8248 | V-Rec: 0.7876 | T-P@R0.9: 0.7384 | V-P@R0.9: 0.6119
Epoch 0119 | Time: 49.1s | T-Loss: 0.0620 | V-Loss: 0.0601 | T-Prec: 0.8855 | V-Prec: 0.8538 | T-Rec: 0.8203 | V-Rec: 0.7784 | T-P@R0.9: 0.7539 | V-P@R0.9: 0.6121
Epoch 0120 | Time: 47.5s | T-Loss: 0.0624 | V-Loss: 0.0607 | T-Prec: 0.8877 | V-Prec: 0.8570 | T-Rec: 0.8093 | V-Rec: 0.7718 | T-P@R0.9: 0.7421 | V-P@R0.9: 0.6044
Epoch 0121 | Time: 52.3s | T-Loss: 0.0598 | V-Loss: 0.0594 | T-Prec: 0.8925 | V-Prec: 0.8681 | T-Rec: 0.8063 | V-Rec: 0.7649 | T-P@R0.9: 0.7413 | V-P@R0.9: 0.6162
Epoch 0122 | Time: 48.3s | T-Loss: 0.0606 | V-Loss: 0.0600 | T-Prec: 0.8849 | V-Prec: 0.8599 | T-Rec: 0.8058 | V-Rec: 0.7697 | T-P@R0.9: 0.7354 | V-P@R0.9: 0.6147
Epoch 0123 | Time: 48.5s | T-Loss: 0.0616 | V-Loss: 0.0597 | T-Prec: 0.8886 | V-Prec: 0.8615 | T-Rec: 0.8091 | V-Rec: 0.7682 | T-P@R0.9: 0.7511 | V-P@R0.9: 0.6183
Epoch 0124 | Time: 48.4s | T-Loss: 0.0601 | V-Loss: 0.0600 | T-Prec: 0.8895 | V-Prec: 0.8640 | T-Rec: 0.7978 | V-Rec: 0.7664 | T-P@R0.9: 0.7236 | V-P@R0.9: 0.6170
Epoch 0125 | Time: 48.7s | T-Loss: 0.0620 | V-Loss: 0.0597 | T-Prec: 0.9058 | V-Prec: 0.8776 | T-Rec: 0.7995 | V-Rec: 0.7549 | T-P@R0.9: 0.7556 | V-P@R0.9: 0.6049
Epoch 0126 | Time: 48.2s | T-Loss: 0.0630 | V-Loss: 0.0595 | T-Prec: 0.8925 | V-Prec: 0.8681 | T-Rec: 0.7998 | V-Rec: 0.7650 | T-P@R0.9: 0.7349 | V-P@R0.9: 0.6145
Epoch 0127 | Time: 46.3s | T-Loss: 0.0634 | V-Loss: 0.0594 | T-Prec: 0.8919 | V-Prec: 0.8661 | T-Rec: 0.8096 | V-Rec: 0.7689 | T-P@R0.9: 0.7478 | V-P@R0.9: 0.6129
Epoch 0128 | Time: 48.6s | T-Loss: 0.0635 | V-Loss: 0.0600 | T-Prec: 0.8986 | V-Prec: 0.8693 | T-Rec: 0.8012 | V-Rec: 0.7613 | T-P@R0.9: 0.7509 | V-P@R0.9: 0.6127
Epoch 0129 | Time: 47.1s | T-Loss: 0.0612 | V-Loss: 0.0595 | T-Prec: 0.8888 | V-Prec: 0.8615 | T-Rec: 0.8150 | V-Rec: 0.7746 | T-P@R0.9: 0.7517 | V-P@R0.9: 0.6160
Epoch 0130 | Time: 48.0s | T-Loss: 0.0621 | V-Loss: 0.0593 | T-Prec: 0.8856 | V-Prec: 0.8557 | T-Rec: 0.8192 | V-Rec: 0.7817 | T-P@R0.9: 0.7537 | V-P@R0.9: 0.6156
Epoch 0131 | Time: 48.8s | T-Loss: 0.0608 | V-Loss: 0.0596 | T-Prec: 0.8835 | V-Prec: 0.8559 | T-Rec: 0.8135 | V-Rec: 0.7793 | T-P@R0.9: 0.7381 | V-P@R0.9: 0.6175
Epoch 0132 | Time: 48.9s | T-Loss: 0.0607 | V-Loss: 0.0594 | T-Prec: 0.8967 | V-Prec: 0.8757 | T-Rec: 0.7850 | V-Rec: 0.7559 | T-P@R0.9: 0.7096 | V-P@R0.9: 0.6086
Epoch 0133 | Time: 47.1s | T-Loss: 0.0610 | V-Loss: 0.0601 | T-Prec: 0.8735 | V-Prec: 0.8456 | T-Rec: 0.8267 | V-Rec: 0.7902 | T-P@R0.9: 0.7346 | V-P@R0.9: 0.6084
Epoch 0134 | Time: 48.1s | T-Loss: 0.0629 | V-Loss: 0.0591 | T-Prec: 0.8867 | V-Prec: 0.8575 | T-Rec: 0.8207 | V-Rec: 0.7827 | T-P@R0.9: 0.7529 | V-P@R0.9: 0.6200
Epoch 0135 | Time: 48.2s | T-Loss: 0.0620 | V-Loss: 0.0592 | T-Prec: 0.8967 | V-Prec: 0.8696 | T-Rec: 0.8057 | V-Rec: 0.7645 | T-P@R0.9: 0.7483 | V-P@R0.9: 0.6161
Epoch 0136 | Time: 48.9s | T-Loss: 0.0615 | V-Loss: 0.0595 | T-Prec: 0.8824 | V-Prec: 0.8567 | T-Rec: 0.8190 | V-Rec: 0.7808 | T-P@R0.9: 0.7497 | V-P@R0.9: 0.6206
Epoch 0137 | Time: 51.7s | T-Loss: 0.0611 | V-Loss: 0.0583 | T-Prec: 0.8905 | V-Prec: 0.8650 | T-Rec: 0.8060 | V-Rec: 0.7765 | T-P@R0.9: 0.7416 | V-P@R0.9: 0.6298
Epoch 0138 | Time: 47.1s | T-Loss: 0.0603 | V-Loss: 0.0591 | T-Prec: 0.8990 | V-Prec: 0.8757 | T-Rec: 0.7952 | V-Rec: 0.7565 | T-P@R0.9: 0.7435 | V-P@R0.9: 0.6248
Epoch 0139 | Time: 47.0s | T-Loss: 0.0634 | V-Loss: 0.0586 | T-Prec: 0.8988 | V-Prec: 0.8710 | T-Rec: 0.8092 | V-Rec: 0.7655 | T-P@R0.9: 0.7700 | V-P@R0.9: 0.6291
Epoch 0140 | Time: 48.6s | T-Loss: 0.0608 | V-Loss: 0.0591 | T-Prec: 0.8944 | V-Prec: 0.8690 | T-Rec: 0.8107 | V-Rec: 0.7683 | T-P@R0.9: 0.7459 | V-P@R0.9: 0.6156
Epoch 0141 | Time: 52.5s | T-Loss: 0.0623 | V-Loss: 0.0594 | T-Prec: 0.8891 | V-Prec: 0.8610 | T-Rec: 0.8126 | V-Rec: 0.7749 | T-P@R0.9: 0.7510 | V-P@R0.9: 0.6187
Epoch 0142 | Time: 46.8s | T-Loss: 0.0615 | V-Loss: 0.0588 | T-Prec: 0.8876 | V-Prec: 0.8604 | T-Rec: 0.8174 | V-Rec: 0.7802 | T-P@R0.9: 0.7523 | V-P@R0.9: 0.6240
Epoch 0143 | Time: 47.4s | T-Loss: 0.0622 | V-Loss: 0.0588 | T-Prec: 0.8998 | V-Prec: 0.8769 | T-Rec: 0.7997 | V-Rec: 0.7595 | T-P@R0.9: 0.7481 | V-P@R0.9: 0.6245
Epoch 0144 | Time: 48.1s | T-Loss: 0.0606 | V-Loss: 0.0591 | T-Prec: 0.8946 | V-Prec: 0.8639 | T-Rec: 0.8152 | V-Rec: 0.7730 | T-P@R0.9: 0.7663 | V-P@R0.9: 0.6261
Epoch 0145 | Time: 50.6s | T-Loss: 0.0600 | V-Loss: 0.0587 | T-Prec: 0.8878 | V-Prec: 0.8623 | T-Rec: 0.8175 | V-Rec: 0.7793 | T-P@R0.9: 0.7568 | V-P@R0.9: 0.6298
Epoch 0146 | Time: 45.4s | T-Loss: 0.0642 | V-Loss: 0.0598 | T-Prec: 0.8904 | V-Prec: 0.8551 | T-Rec: 0.8160 | V-Rec: 0.7778 | T-P@R0.9: 0.7656 | V-P@R0.9: 0.6191
Epoch 0147 | Time: 43.8s | T-Loss: 0.0619 | V-Loss: 0.0589 | T-Prec: 0.8892 | V-Prec: 0.8605 | T-Rec: 0.8242 | V-Rec: 0.7794 | T-P@R0.9: 0.7616 | V-P@R0.9: 0.6193
Epoch 0148 | Time: 48.6s | T-Loss: 0.0606 | V-Loss: 0.0591 | T-Prec: 0.8814 | V-Prec: 0.8472 | T-Rec: 0.8340 | V-Rec: 0.7967 | T-P@R0.9: 0.7696 | V-P@R0.9: 0.6295
Epoch 0149 | Time: 50.2s | T-Loss: 0.0611 | V-Loss: 0.0590 | T-Prec: 0.8932 | V-Prec: 0.8690 | T-Rec: 0.8050 | V-Rec: 0.7705 | T-P@R0.9: 0.7349 | V-P@R0.9: 0.6142
Epoch 0150 | Time: 49.4s | T-Loss: 0.0617 | V-Loss: 0.0587 | T-Prec: 0.8879 | V-Prec: 0.8641 | T-Rec: 0.8105 | V-Rec: 0.7789 | T-P@R0.9: 0.7395 | V-P@R0.9: 0.6245
Epoch 0151 | Time: 49.4s | T-Loss: 0.0607 | V-Loss: 0.0588 | T-Prec: 0.8931 | V-Prec: 0.8636 | T-Rec: 0.8107 | V-Rec: 0.7763 | T-P@R0.9: 0.7527 | V-P@R0.9: 0.6288
Epoch 0152 | Time: 49.8s | T-Loss: 0.0583 | V-Loss: 0.0581 | T-Prec: 0.8906 | V-Prec: 0.8671 | T-Rec: 0.8049 | V-Rec: 0.7730 | T-P@R0.9: 0.7407 | V-P@R0.9: 0.6359
Epoch 0153 | Time: 50.6s | T-Loss: 0.0597 | V-Loss: 0.0587 | T-Prec: 0.8976 | V-Prec: 0.8743 | T-Rec: 0.7997 | V-Rec: 0.7665 | T-P@R0.9: 0.7391 | V-P@R0.9: 0.6227
Epoch 0154 | Time: 47.7s | T-Loss: 0.0603 | V-Loss: 0.0584 | T-Prec: 0.8902 | V-Prec: 0.8677 | T-Rec: 0.8073 | V-Rec: 0.7734 | T-P@R0.9: 0.7326 | V-P@R0.9: 0.6250
Epoch 0155 | Time: 47.0s | T-Loss: 0.0613 | V-Loss: 0.0591 | T-Prec: 0.9001 | V-Prec: 0.8749 | T-Rec: 0.8062 | V-Rec: 0.7637 | T-P@R0.9: 0.7591 | V-P@R0.9: 0.6231
Epoch 0156 | Time: 48.5s | T-Loss: 0.0604 | V-Loss: 0.0587 | T-Prec: 0.8913 | V-Prec: 0.8655 | T-Rec: 0.8110 | V-Rec: 0.7752 | T-P@R0.9: 0.7477 | V-P@R0.9: 0.6271
Epoch 0157 | Time: 49.3s | T-Loss: 0.0590 | V-Loss: 0.0583 | T-Prec: 0.8936 | V-Prec: 0.8660 | T-Rec: 0.8086 | V-Rec: 0.7779 | T-P@R0.9: 0.7355 | V-P@R0.9: 0.6269
Epoch 0158 | Time: 50.1s | T-Loss: 0.0592 | V-Loss: 0.0583 | T-Prec: 0.8856 | V-Prec: 0.8569 | T-Rec: 0.8260 | V-Rec: 0.7881 | T-P@R0.9: 0.7671 | V-P@R0.9: 0.6446
Epoch 0159 | Time: 46.5s | T-Loss: 0.0642 | V-Loss: 0.0584 | T-Prec: 0.8947 | V-Prec: 0.8634 | T-Rec: 0.8258 | V-Rec: 0.7808 | T-P@R0.9: 0.7819 | V-P@R0.9: 0.6278
Epoch 0160 | Time: 48.9s | T-Loss: 0.0592 | V-Loss: 0.0589 | T-Prec: 0.8883 | V-Prec: 0.8611 | T-Rec: 0.8185 | V-Rec: 0.7789 | T-P@R0.9: 0.7553 | V-P@R0.9: 0.6240
Epoch 0161 | Time: 45.6s | T-Loss: 0.0596 | V-Loss: 0.0587 | T-Prec: 0.8867 | V-Prec: 0.8605 | T-Rec: 0.8188 | V-Rec: 0.7815 | T-P@R0.9: 0.7572 | V-P@R0.9: 0.6332
Epoch 0162 | Time: 51.5s | T-Loss: 0.0606 | V-Loss: 0.0583 | T-Prec: 0.8926 | V-Prec: 0.8678 | T-Rec: 0.8116 | V-Rec: 0.7748 | T-P@R0.9: 0.7570 | V-P@R0.9: 0.6339
Epoch 0163 | Time: 46.0s | T-Loss: 0.0592 | V-Loss: 0.0588 | T-Prec: 0.8923 | V-Prec: 0.8604 | T-Rec: 0.8296 | V-Rec: 0.7835 | T-P@R0.9: 0.7825 | V-P@R0.9: 0.6278
Epoch 0164 | Time: 47.2s | T-Loss: 0.0589 | V-Loss: 0.0582 | T-Prec: 0.8894 | V-Prec: 0.8654 | T-Rec: 0.8109 | V-Rec: 0.7782 | T-P@R0.9: 0.7424 | V-P@R0.9: 0.6313
Epoch 0165 | Time: 48.3s | T-Loss: 0.0615 | V-Loss: 0.0581 | T-Prec: 0.8953 | V-Prec: 0.8655 | T-Rec: 0.8173 | V-Rec: 0.7807 | T-P@R0.9: 0.7720 | V-P@R0.9: 0.6398
Epoch 0166 | Time: 48.9s | T-Loss: 0.0617 | V-Loss: 0.0592 | T-Prec: 0.8817 | V-Prec: 0.8501 | T-Rec: 0.8352 | V-Rec: 0.7919 | T-P@R0.9: 0.7729 | V-P@R0.9: 0.6249
Epoch 0167 | Time: 49.5s | T-Loss: 0.0611 | V-Loss: 0.0582 | T-Prec: 0.8865 | V-Prec: 0.8528 | T-Rec: 0.8372 | V-Rec: 0.7959 | T-P@R0.9: 0.7858 | V-P@R0.9: 0.6382
Epoch 0168 | Time: 48.2s | T-Loss: 0.0599 | V-Loss: 0.0581 | T-Prec: 0.8932 | V-Prec: 0.8707 | T-Rec: 0.8093 | V-Rec: 0.7751 | T-P@R0.9: 0.7418 | V-P@R0.9: 0.6245
Epoch 0169 | Time: 47.8s | T-Loss: 0.0595 | V-Loss: 0.0584 | T-Prec: 0.8942 | V-Prec: 0.8689 | T-Rec: 0.8143 | V-Rec: 0.7749 | T-P@R0.9: 0.7543 | V-P@R0.9: 0.6252
Epoch 0170 | Time: 50.9s | T-Loss: 0.0602 | V-Loss: 0.0586 | T-Prec: 0.8866 | V-Prec: 0.8605 | T-Rec: 0.8272 | V-Rec: 0.7847 | T-P@R0.9: 0.7676 | V-P@R0.9: 0.6299
Epoch 0171 | Time: 47.8s | T-Loss: 0.0595 | V-Loss: 0.0580 | T-Prec: 0.8890 | V-Prec: 0.8563 | T-Rec: 0.8316 | V-Rec: 0.7908 | T-P@R0.9: 0.7764 | V-P@R0.9: 0.6360
Epoch 0172 | Time: 44.8s | T-Loss: 0.0599 | V-Loss: 0.0578 | T-Prec: 0.8924 | V-Prec: 0.8682 | T-Rec: 0.8126 | V-Rec: 0.7780 | T-P@R0.9: 0.7572 | V-P@R0.9: 0.6420
Epoch 0173 | Time: 47.4s | T-Loss: 0.0607 | V-Loss: 0.0578 | T-Prec: 0.9019 | V-Prec: 0.8748 | T-Rec: 0.8170 | V-Rec: 0.7748 | T-P@R0.9: 0.7720 | V-P@R0.9: 0.6305
Epoch 0174 | Time: 50.6s | T-Loss: 0.0600 | V-Loss: 0.0575 | T-Prec: 0.9005 | V-Prec: 0.8751 | T-Rec: 0.8147 | V-Rec: 0.7726 | T-P@R0.9: 0.7724 | V-P@R0.9: 0.6366
Epoch 0175 | Time: 48.2s | T-Loss: 0.0598 | V-Loss: 0.0577 | T-Prec: 0.8959 | V-Prec: 0.8687 | T-Rec: 0.8161 | V-Rec: 0.7758 | T-P@R0.9: 0.7648 | V-P@R0.9: 0.6367
Epoch 0176 | Time: 48.0s | T-Loss: 0.0588 | V-Loss: 0.0576 | T-Prec: 0.9018 | V-Prec: 0.8727 | T-Rec: 0.8140 | V-Rec: 0.7727 | T-P@R0.9: 0.7810 | V-P@R0.9: 0.6447
Epoch 0177 | Time: 48.9s | T-Loss: 0.0617 | V-Loss: 0.0575 | T-Prec: 0.8955 | V-Prec: 0.8691 | T-Rec: 0.8133 | V-Rec: 0.7802 | T-P@R0.9: 0.7562 | V-P@R0.9: 0.6364
Epoch 0178 | Time: 48.7s | T-Loss: 0.0608 | V-Loss: 0.0584 | T-Prec: 0.9095 | V-Prec: 0.8812 | T-Rec: 0.8127 | V-Rec: 0.7618 | T-P@R0.9: 0.7891 | V-P@R0.9: 0.6334
Epoch 0179 | Time: 46.6s | T-Loss: 0.0614 | V-Loss: 0.0576 | T-Prec: 0.8996 | V-Prec: 0.8754 | T-Rec: 0.8091 | V-Rec: 0.7695 | T-P@R0.9: 0.7678 | V-P@R0.9: 0.6401
Epoch 0180 | Time: 48.7s | T-Loss: 0.0580 | V-Loss: 0.0578 | T-Prec: 0.8967 | V-Prec: 0.8725 | T-Rec: 0.8091 | V-Rec: 0.7740 | T-P@R0.9: 0.7546 | V-P@R0.9: 0.6390
Epoch 0181 | Time: 48.0s | T-Loss: 0.0587 | V-Loss: 0.0575 | T-Prec: 0.8932 | V-Prec: 0.8643 | T-Rec: 0.8212 | V-Rec: 0.7873 | T-P@R0.9: 0.7669 | V-P@R0.9: 0.6442
Epoch 0182 | Time: 48.1s | T-Loss: 0.0580 | V-Loss: 0.0579 | T-Prec: 0.8899 | V-Prec: 0.8642 | T-Rec: 0.8181 | V-Rec: 0.7844 | T-P@R0.9: 0.7491 | V-P@R0.9: 0.6331
Epoch 0183 | Time: 46.7s | T-Loss: 0.0603 | V-Loss: 0.0576 | T-Prec: 0.8963 | V-Prec: 0.8713 | T-Rec: 0.8157 | V-Rec: 0.7759 | T-P@R0.9: 0.7679 | V-P@R0.9: 0.6385
Epoch 0184 | Time: 55.0s | T-Loss: 0.0585 | V-Loss: 0.0577 | T-Prec: 0.9047 | V-Prec: 0.8772 | T-Rec: 0.8136 | V-Rec: 0.7702 | T-P@R0.9: 0.7783 | V-P@R0.9: 0.6406
Epoch 0185 | Time: 45.8s | T-Loss: 0.0594 | V-Loss: 0.0576 | T-Prec: 0.8952 | V-Prec: 0.8699 | T-Rec: 0.8175 | V-Rec: 0.7802 | T-P@R0.9: 0.7664 | V-P@R0.9: 0.6436
Epoch 0186 | Time: 44.4s | T-Loss: 0.0606 | V-Loss: 0.0575 | T-Prec: 0.9020 | V-Prec: 0.8767 | T-Rec: 0.8133 | V-Rec: 0.7707 | T-P@R0.9: 0.7725 | V-P@R0.9: 0.6378
Epoch 0187 | Time: 47.4s | T-Loss: 0.0600 | V-Loss: 0.0579 | T-Prec: 0.8914 | V-Prec: 0.8649 | T-Rec: 0.8229 | V-Rec: 0.7828 | T-P@R0.9: 0.7716 | V-P@R0.9: 0.6429
Epoch 0188 | Time: 45.3s | T-Loss: 0.0599 | V-Loss: 0.0582 | T-Prec: 0.8911 | V-Prec: 0.8612 | T-Rec: 0.8317 | V-Rec: 0.7868 | T-P@R0.9: 0.7892 | V-P@R0.9: 0.6380
Device: cuda | MLP-BYPASS STUDY | GCN 5Layer (LR Reduced to 5e-5)
Resuming from checkpoint: 2026-03-23_gcn_mlp_bypass_investigation/checkpoints/model_mlp_bypass_180.pt
Device: cuda | MLP-BYPASS STUDY | GCN 5Layer (LR Reduced to 5e-5)
Resuming from checkpoint: 2026-03-23_gcn_mlp_bypass_investigation/checkpoints/model_mlp_bypass_180.pt
Epoch 0181 | Time: 41.3s | T-Loss: 0.0582 | V-Loss: 0.0574 | T-Prec: 0.8924 | V-Prec: 0.8631 | T-Rec: 0.8278 | V-Rec: 0.7875 | T-P@R0.9: 0.7842 | V-P@R0.9: 0.6526
Epoch 0182 | Time: 40.6s | T-Loss: 0.0578 | V-Loss: 0.0576 | T-Prec: 0.8942 | V-Prec: 0.8602 | T-Rec: 0.8332 | V-Rec: 0.7903 | T-P@R0.9: 0.7952 | V-P@R0.9: 0.6535
Epoch 0183 | Time: 41.6s | T-Loss: 0.0589 | V-Loss: 0.0575 | T-Prec: 0.8999 | V-Prec: 0.8787 | T-Rec: 0.8084 | V-Rec: 0.7741 | T-P@R0.9: 0.7580 | V-P@R0.9: 0.6400
Epoch 0184 | Time: 40.8s | T-Loss: 0.0600 | V-Loss: 0.0573 | T-Prec: 0.9008 | V-Prec: 0.8729 | T-Rec: 0.8254 | V-Rec: 0.7812 | T-P@R0.9: 0.7911 | V-P@R0.9: 0.6433
Epoch 0185 | Time: 46.1s | T-Loss: 0.0571 | V-Loss: 0.0580 | T-Prec: 0.8936 | V-Prec: 0.8625 | T-Rec: 0.8283 | V-Rec: 0.7860 | T-P@R0.9: 0.7904 | V-P@R0.9: 0.6494
Epoch 0186 | Time: 39.4s | T-Loss: 0.0578 | V-Loss: 0.0565 | T-Prec: 0.9034 | V-Prec: 0.8784 | T-Rec: 0.8095 | V-Rec: 0.7741 | T-P@R0.9: 0.7703 | V-P@R0.9: 0.6554
Epoch 0187 | Time: 42.3s | T-Loss: 0.0569 | V-Loss: 0.0570 | T-Prec: 0.8936 | V-Prec: 0.8677 | T-Rec: 0.8204 | V-Rec: 0.7862 | T-P@R0.9: 0.7644 | V-P@R0.9: 0.6511
Epoch 0188 | Time: 43.9s | T-Loss: 0.0599 | V-Loss: 0.0569 | T-Prec: 0.8985 | V-Prec: 0.8699 | T-Rec: 0.8294 | V-Rec: 0.7850 | T-P@R0.9: 0.7906 | V-P@R0.9: 0.6456
Epoch 0189 | Time: 44.3s | T-Loss: 0.0560 | V-Loss: 0.0567 | T-Prec: 0.8962 | V-Prec: 0.8669 | T-Rec: 0.8296 | V-Rec: 0.7894 | T-P@R0.9: 0.7873 | V-P@R0.9: 0.6549
Epoch 0190 | Time: 42.3s | T-Loss: 0.0591 | V-Loss: 0.0570 | T-Prec: 0.8907 | V-Prec: 0.8596 | T-Rec: 0.8318 | V-Rec: 0.7958 | T-P@R0.9: 0.7797 | V-P@R0.9: 0.6505
Epoch 0191 | Time: 42.3s | T-Loss: 0.0567 | V-Loss: 0.0570 | T-Prec: 0.8920 | V-Prec: 0.8691 | T-Rec: 0.8151 | V-Rec: 0.7856 | T-P@R0.9: 0.7529 | V-P@R0.9: 0.6503
Epoch 0192 | Time: 42.1s | T-Loss: 0.0580 | V-Loss: 0.0571 | T-Prec: 0.9048 | V-Prec: 0.8711 | T-Rec: 0.8283 | V-Rec: 0.7832 | T-P@R0.9: 0.8013 | V-P@R0.9: 0.6448
Epoch 0193 | Time: 47.1s | T-Loss: 0.0585 | V-Loss: 0.0566 | T-Prec: 0.8998 | V-Prec: 0.8717 | T-Rec: 0.8238 | V-Rec: 0.7838 | T-P@R0.9: 0.7851 | V-P@R0.9: 0.6531
Epoch 0194 | Time: 44.2s | T-Loss: 0.0582 | V-Loss: 0.0568 | T-Prec: 0.8941 | V-Prec: 0.8649 | T-Rec: 0.8287 | V-Rec: 0.7898 | T-P@R0.9: 0.7817 | V-P@R0.9: 0.6551
Epoch 0195 | Time: 46.1s | T-Loss: 0.0556 | V-Loss: 0.0564 | T-Prec: 0.8959 | V-Prec: 0.8710 | T-Rec: 0.8196 | V-Rec: 0.7863 | T-P@R0.9: 0.7650 | V-P@R0.9: 0.6577
Epoch 0196 | Time: 43.9s | T-Loss: 0.0591 | V-Loss: 0.0564 | T-Prec: 0.8978 | V-Prec: 0.8723 | T-Rec: 0.8197 | V-Rec: 0.7846 | T-P@R0.9: 0.7729 | V-P@R0.9: 0.6557
Epoch 0197 | Time: 47.5s | T-Loss: 0.0582 | V-Loss: 0.0564 | T-Prec: 0.9020 | V-Prec: 0.8770 | T-Rec: 0.8193 | V-Rec: 0.7784 | T-P@R0.9: 0.7776 | V-P@R0.9: 0.6470
Epoch 0198 | Time: 42.2s | T-Loss: 0.0589 | V-Loss: 0.0563 | T-Prec: 0.8998 | V-Prec: 0.8746 | T-Rec: 0.8218 | V-Rec: 0.7816 | T-P@R0.9: 0.7868 | V-P@R0.9: 0.6554
Epoch 0199 | Time: 45.1s | T-Loss: 0.0561 | V-Loss: 0.0570 | T-Prec: 0.9047 | V-Prec: 0.8749 | T-Rec: 0.8205 | V-Rec: 0.7770 | T-P@R0.9: 0.7936 | V-P@R0.9: 0.6491
Epoch 0200 | Time: 47.2s | T-Loss: 0.0601 | V-Loss: 0.0562 | T-Prec: 0.9054 | V-Prec: 0.8829 | T-Rec: 0.8130 | V-Rec: 0.7726 | T-P@R0.9: 0.7835 | V-P@R0.9: 0.6547
Epoch 0201 | Time: 46.1s | T-Loss: 0.0577 | V-Loss: 0.0565 | T-Prec: 0.9043 | V-Prec: 0.8718 | T-Rec: 0.8260 | V-Rec: 0.7849 | T-P@R0.9: 0.7963 | V-P@R0.9: 0.6522
Epoch 0202 | Time: 46.2s | T-Loss: 0.0587 | V-Loss: 0.0564 | T-Prec: 0.9053 | V-Prec: 0.8770 | T-Rec: 0.8190 | V-Rec: 0.7782 | T-P@R0.9: 0.7965 | V-P@R0.9: 0.6589
Epoch 0203 | Time: 46.2s | T-Loss: 0.0592 | V-Loss: 0.0565 | T-Prec: 0.8960 | V-Prec: 0.8655 | T-Rec: 0.8364 | V-Rec: 0.7924 | T-P@R0.9: 0.7982 | V-P@R0.9: 0.6556
Epoch 0204 | Time: 43.8s | T-Loss: 0.0565 | V-Loss: 0.0563 | T-Prec: 0.8938 | V-Prec: 0.8691 | T-Rec: 0.8262 | V-Rec: 0.7899 | T-P@R0.9: 0.7713 | V-P@R0.9: 0.6513
Epoch 0205 | Time: 44.9s | T-Loss: 0.0584 | V-Loss: 0.0563 | T-Prec: 0.9038 | V-Prec: 0.8732 | T-Rec: 0.8288 | V-Rec: 0.7827 | T-P@R0.9: 0.8063 | V-P@R0.9: 0.6608
Epoch 0206 | Time: 46.8s | T-Loss: 0.0599 | V-Loss: 0.0568 | T-Prec: 0.8974 | V-Prec: 0.8709 | T-Rec: 0.8178 | V-Rec: 0.7858 | T-P@R0.9: 0.7698 | V-P@R0.9: 0.6536
Epoch 0207 | Time: 44.5s | T-Loss: 0.0575 | V-Loss: 0.0565 | T-Prec: 0.8989 | V-Prec: 0.8702 | T-Rec: 0.8252 | V-Rec: 0.7858 | T-P@R0.9: 0.7880 | V-P@R0.9: 0.6592
Epoch 0208 | Time: 44.9s | T-Loss: 0.0558 | V-Loss: 0.0566 | T-Prec: 0.8999 | V-Prec: 0.8719 | T-Rec: 0.8312 | V-Rec: 0.7842 | T-P@R0.9: 0.7951 | V-P@R0.9: 0.6544
Epoch 0209 | Time: 43.9s | T-Loss: 0.0585 | V-Loss: 0.0560 | T-Prec: 0.9010 | V-Prec: 0.8744 | T-Rec: 0.8214 | V-Rec: 0.7839 | T-P@R0.9: 0.7881 | V-P@R0.9: 0.6602
Epoch 0210 | Time: 46.4s | T-Loss: 0.0569 | V-Loss: 0.0563 | T-Prec: 0.8988 | V-Prec: 0.8713 | T-Rec: 0.8255 | V-Rec: 0.7866 | T-P@R0.9: 0.7824 | V-P@R0.9: 0.6558
Epoch 0211 | Time: 45.9s | T-Loss: 0.0557 | V-Loss: 0.0563 | T-Prec: 0.8920 | V-Prec: 0.8674 | T-Rec: 0.8259 | V-Rec: 0.7908 | T-P@R0.9: 0.7716 | V-P@R0.9: 0.6603
Epoch 0212 | Time: 46.1s | T-Loss: 0.0566 | V-Loss: 0.0572 | T-Prec: 0.8966 | V-Prec: 0.8683 | T-Rec: 0.8288 | V-Rec: 0.7860 | T-P@R0.9: 0.7882 | V-P@R0.9: 0.6509
Epoch 0213 | Time: 46.1s | T-Loss: 0.0609 | V-Loss: 0.0569 | T-Prec: 0.9023 | V-Prec: 0.8745 | T-Rec: 0.8177 | V-Rec: 0.7786 | T-P@R0.9: 0.7878 | V-P@R0.9: 0.6551
Epoch 0214 | Time: 47.9s | T-Loss: 0.0568 | V-Loss: 0.0562 | T-Prec: 0.9037 | V-Prec: 0.8736 | T-Rec: 0.8261 | V-Rec: 0.7830 | T-P@R0.9: 0.7991 | V-P@R0.9: 0.6613
Epoch 0215 | Time: 46.6s | T-Loss: 0.0589 | V-Loss: 0.0559 | T-Prec: 0.9054 | V-Prec: 0.8782 | T-Rec: 0.8220 | V-Rec: 0.7798 | T-P@R0.9: 0.7995 | V-P@R0.9: 0.6628
Epoch 0216 | Time: 45.8s | T-Loss: 0.0562 | V-Loss: 0.0562 | T-Prec: 0.9013 | V-Prec: 0.8721 | T-Rec: 0.8254 | V-Rec: 0.7858 | T-P@R0.9: 0.7913 | V-P@R0.9: 0.6591
Epoch 0217 | Time: 48.0s | T-Loss: 0.0573 | V-Loss: 0.0561 | T-Prec: 0.9143 | V-Prec: 0.8886 | T-Rec: 0.8114 | V-Rec: 0.7662 | T-P@R0.9: 0.7922 | V-P@R0.9: 0.6557
Epoch 0218 | Time: 48.8s | T-Loss: 0.0577 | V-Loss: 0.0565 | T-Prec: 0.8853 | V-Prec: 0.8632 | T-Rec: 0.8226 | V-Rec: 0.7966 | T-P@R0.9: 0.7547 | V-P@R0.9: 0.6607
Epoch 0219 | Time: 46.0s | T-Loss: 0.0578 | V-Loss: 0.0559 | T-Prec: 0.9012 | V-Prec: 0.8742 | T-Rec: 0.8278 | V-Rec: 0.7830 | T-P@R0.9: 0.7971 | V-P@R0.9: 0.6607
Epoch 0220 | Time: 45.9s | T-Loss: 0.0578 | V-Loss: 0.0566 | T-Prec: 0.8972 | V-Prec: 0.8702 | T-Rec: 0.8204 | V-Rec: 0.7839 | T-P@R0.9: 0.7783 | V-P@R0.9: 0.6597
Epoch 0221 | Time: 49.3s | T-Loss: 0.0572 | V-Loss: 0.0558 | T-Prec: 0.8998 | V-Prec: 0.8703 | T-Rec: 0.8283 | V-Rec: 0.7902 | T-P@R0.9: 0.7941 | V-P@R0.9: 0.6623
Epoch 0222 | Time: 46.8s | T-Loss: 0.0545 | V-Loss: 0.0563 | T-Prec: 0.9122 | V-Prec: 0.8824 | T-Rec: 0.8135 | V-Rec: 0.7738 | T-P@R0.9: 0.7911 | V-P@R0.9: 0.6572
Epoch 0223 | Time: 45.4s | T-Loss: 0.0578 | V-Loss: 0.0564 | T-Prec: 0.9072 | V-Prec: 0.8770 | T-Rec: 0.8261 | V-Rec: 0.7818 | T-P@R0.9: 0.8027 | V-P@R0.9: 0.6556
Epoch 0224 | Time: 46.1s | T-Loss: 0.0586 | V-Loss: 0.0564 | T-Prec: 0.9004 | V-Prec: 0.8784 | T-Rec: 0.8139 | V-Rec: 0.7781 | T-P@R0.9: 0.7711 | V-P@R0.9: 0.6537
Epoch 0225 | Time: 49.9s | T-Loss: 0.0565 | V-Loss: 0.0557 | T-Prec: 0.8881 | V-Prec: 0.8670 | T-Rec: 0.8222 | V-Rec: 0.7945 | T-P@R0.9: 0.7612 | V-P@R0.9: 0.6664
Epoch 0226 | Time: 48.4s | T-Loss: 0.0568 | V-Loss: 0.0565 | T-Prec: 0.9076 | V-Prec: 0.8804 | T-Rec: 0.8207 | V-Rec: 0.7771 | T-P@R0.9: 0.7950 | V-P@R0.9: 0.6568
Epoch 0227 | Time: 46.7s | T-Loss: 0.0587 | V-Loss: 0.0562 | T-Prec: 0.9018 | V-Prec: 0.8747 | T-Rec: 0.8255 | V-Rec: 0.7850 | T-P@R0.9: 0.7907 | V-P@R0.9: 0.6555
Epoch 0228 | Time: 43.9s | T-Loss: 0.0573 | V-Loss: 0.0565 | T-Prec: 0.8955 | V-Prec: 0.8657 | T-Rec: 0.8360 | V-Rec: 0.7951 | T-P@R0.9: 0.7958 | V-P@R0.9: 0.6579
Epoch 0229 | Time: 47.1s | T-Loss: 0.0583 | V-Loss: 0.0556 | T-Prec: 0.9044 | V-Prec: 0.8793 | T-Rec: 0.8217 | V-Rec: 0.7813 | T-P@R0.9: 0.7946 | V-P@R0.9: 0.6651
Epoch 0230 | Time: 46.5s | T-Loss: 0.0568 | V-Loss: 0.0559 | T-Prec: 0.8994 | V-Prec: 0.8710 | T-Rec: 0.8276 | V-Rec: 0.7909 | T-P@R0.9: 0.7906 | V-P@R0.9: 0.6663
Epoch 0231 | Time: 46.5s | T-Loss: 0.0581 | V-Loss: 0.0566 | T-Prec: 0.9014 | V-Prec: 0.8748 | T-Rec: 0.8249 | V-Rec: 0.7819 | T-P@R0.9: 0.7929 | V-P@R0.9: 0.6572
Epoch 0232 | Time: 46.5s | T-Loss: 0.0603 | V-Loss: 0.0559 | T-Prec: 0.9027 | V-Prec: 0.8733 | T-Rec: 0.8271 | V-Rec: 0.7850 | T-P@R0.9: 0.8026 | V-P@R0.9: 0.6635
Epoch 0233 | Time: 49.0s | T-Loss: 0.0566 | V-Loss: 0.0561 | T-Prec: 0.8937 | V-Prec: 0.8721 | T-Rec: 0.8178 | V-Rec: 0.7878 | T-P@R0.9: 0.7659 | V-P@R0.9: 0.6651
Epoch 0234 | Time: 47.4s | T-Loss: 0.0565 | V-Loss: 0.0560 | T-Prec: 0.8923 | V-Prec: 0.8668 | T-Rec: 0.8234 | V-Rec: 0.7937 | T-P@R0.9: 0.7691 | V-P@R0.9: 0.6643
Epoch 0235 | Time: 45.9s | T-Loss: 0.0574 | V-Loss: 0.0561 | T-Prec: 0.9063 | V-Prec: 0.8814 | T-Rec: 0.8157 | V-Rec: 0.7773 | T-P@R0.9: 0.7873 | V-P@R0.9: 0.6616
Epoch 0236 | Time: 44.5s | T-Loss: 0.0562 | V-Loss: 0.0561 | T-Prec: 0.9041 | V-Prec: 0.8803 | T-Rec: 0.8168 | V-Rec: 0.7771 | T-P@R0.9: 0.7857 | V-P@R0.9: 0.6616
Epoch 0237 | Time: 48.5s | T-Loss: 0.0572 | V-Loss: 0.0561 | T-Prec: 0.8996 | V-Prec: 0.8761 | T-Rec: 0.8190 | V-Rec: 0.7828 | T-P@R0.9: 0.7787 | V-P@R0.9: 0.6609
Epoch 0238 | Time: 47.3s | T-Loss: 0.0576 | V-Loss: 0.0561 | T-Prec: 0.9053 | V-Prec: 0.8780 | T-Rec: 0.8221 | V-Rec: 0.7804 | T-P@R0.9: 0.7970 | V-P@R0.9: 0.6587
Epoch 0239 | Time: 45.7s | T-Loss: 0.0560 | V-Loss: 0.0565 | T-Prec: 0.8898 | V-Prec: 0.8636 | T-Rec: 0.8306 | V-Rec: 0.7952 | T-P@R0.9: 0.7807 | V-P@R0.9: 0.6611
Epoch 0240 | Time: 47.4s | T-Loss: 0.0553 | V-Loss: 0.0566 | T-Prec: 0.9016 | V-Prec: 0.8740 | T-Rec: 0.8250 | V-Rec: 0.7835 | T-P@R0.9: 0.7913 | V-P@R0.9: 0.6539
Epoch 0241 | Time: 48.0s | T-Loss: 0.0552 | V-Loss: 0.0564 | T-Prec: 0.8951 | V-Prec: 0.8662 | T-Rec: 0.8363 | V-Rec: 0.7927 | T-P@R0.9: 0.8001 | V-P@R0.9: 0.6648
Epoch 0242 | Time: 48.7s | T-Loss: 0.0563 | V-Loss: 0.0562 | T-Prec: 0.8979 | V-Prec: 0.8692 | T-Rec: 0.8325 | V-Rec: 0.7907 | T-P@R0.9: 0.7915 | V-P@R0.9: 0.6635
Epoch 0243 | Time: 47.7s | T-Loss: 0.0558 | V-Loss: 0.0558 | T-Prec: 0.8973 | V-Prec: 0.8702 | T-Rec: 0.8276 | V-Rec: 0.7908 | T-P@R0.9: 0.7866 | V-P@R0.9: 0.6670
Epoch 0244 | Time: 48.2s | T-Loss: 0.0589 | V-Loss: 0.0560 | T-Prec: 0.9011 | V-Prec: 0.8726 | T-Rec: 0.8292 | V-Rec: 0.7874 | T-P@R0.9: 0.8041 | V-P@R0.9: 0.6685
Epoch 0245 | Time: 47.7s | T-Loss: 0.0537 | V-Loss: 0.0564 | T-Prec: 0.8853 | V-Prec: 0.8597 | T-Rec: 0.8343 | V-Rec: 0.8006 | T-P@R0.9: 0.7751 | V-P@R0.9: 0.6688
Epoch 0246 | Time: 49.2s | T-Loss: 0.0573 | V-Loss: 0.0559 | T-Prec: 0.9024 | V-Prec: 0.8712 | T-Rec: 0.8320 | V-Rec: 0.7900 | T-P@R0.9: 0.8014 | V-P@R0.9: 0.6648
Epoch 0247 | Time: 45.8s | T-Loss: 0.0560 | V-Loss: 0.0560 | T-Prec: 0.8995 | V-Prec: 0.8710 | T-Rec: 0.8283 | V-Rec: 0.7895 | T-P@R0.9: 0.7886 | V-P@R0.9: 0.6645
Epoch 0248 | Time: 47.9s | T-Loss: 0.0563 | V-Loss: 0.0559 | T-Prec: 0.9122 | V-Prec: 0.8857 | T-Rec: 0.8195 | V-Rec: 0.7750 | T-P@R0.9: 0.8048 | V-P@R0.9: 0.6636
Epoch 0249 | Time: 45.9s | T-Loss: 0.0552 | V-Loss: 0.0558 | T-Prec: 0.8993 | V-Prec: 0.8733 | T-Rec: 0.8271 | V-Rec: 0.7871 | T-P@R0.9: 0.7908 | V-P@R0.9: 0.6653
Epoch 0250 | Time: 51.0s | T-Loss: 0.0555 | V-Loss: 0.0564 | T-Prec: 0.9034 | V-Prec: 0.8752 | T-Rec: 0.8316 | V-Rec: 0.7849 | T-P@R0.9: 0.8011 | V-P@R0.9: 0.6556
Epoch 0251 | Time: 48.3s | T-Loss: 0.0587 | V-Loss: 0.0559 | T-Prec: 0.9008 | V-Prec: 0.8751 | T-Rec: 0.8306 | V-Rec: 0.7865 | T-P@R0.9: 0.8015 | V-P@R0.9: 0.6630
Epoch 0252 | Time: 48.3s | T-Loss: 0.0571 | V-Loss: 0.0555 | T-Prec: 0.8982 | V-Prec: 0.8750 | T-Rec: 0.8192 | V-Rec: 0.7879 | T-P@R0.9: 0.7710 | V-P@R0.9: 0.6678
Epoch 0253 | Time: 45.0s | T-Loss: 0.0563 | V-Loss: 0.0557 | T-Prec: 0.8946 | V-Prec: 0.8710 | T-Rec: 0.8282 | V-Rec: 0.7913 | T-P@R0.9: 0.7787 | V-P@R0.9: 0.6623
Epoch 0254 | Time: 48.9s | T-Loss: 0.0545 | V-Loss: 0.0565 | T-Prec: 0.8938 | V-Prec: 0.8679 | T-Rec: 0.8249 | V-Rec: 0.7926 | T-P@R0.9: 0.7683 | V-P@R0.9: 0.6606
Epoch 0255 | Time: 47.5s | T-Loss: 0.0580 | V-Loss: 0.0563 | T-Prec: 0.8993 | V-Prec: 0.8738 | T-Rec: 0.8212 | V-Rec: 0.7865 | T-P@R0.9: 0.7817 | V-P@R0.9: 0.6590
Epoch 0256 | Time: 47.5s | T-Loss: 0.0589 | V-Loss: 0.0560 | T-Prec: 0.9007 | V-Prec: 0.8696 | T-Rec: 0.8319 | V-Rec: 0.7899 | T-P@R0.9: 0.8044 | V-P@R0.9: 0.6656
Epoch 0257 | Time: 47.5s | T-Loss: 0.0579 | V-Loss: 0.0558 | T-Prec: 0.8987 | V-Prec: 0.8693 | T-Rec: 0.8319 | V-Rec: 0.7928 | T-P@R0.9: 0.8057 | V-P@R0.9: 0.6661
Epoch 0258 | Time: 48.5s | T-Loss: 0.0573 | V-Loss: 0.0564 | T-Prec: 0.9030 | V-Prec: 0.8750 | T-Rec: 0.8290 | V-Rec: 0.7851 | T-P@R0.9: 0.7976 | V-P@R0.9: 0.6590
Epoch 0259 | Time: 45.9s | T-Loss: 0.0576 | V-Loss: 0.0557 | T-Prec: 0.9062 | V-Prec: 0.8759 | T-Rec: 0.8290 | V-Rec: 0.7860 | T-P@R0.9: 0.8077 | V-P@R0.9: 0.6691
Epoch 0260 | Time: 47.1s | T-Loss: 0.0557 | V-Loss: 0.0562 | T-Prec: 0.9005 | V-Prec: 0.8789 | T-Rec: 0.8164 | V-Rec: 0.7809 | T-P@R0.9: 0.7675 | V-P@R0.9: 0.6552
Epoch 0261 | Time: 47.8s | T-Loss: 0.0561 | V-Loss: 0.0563 | T-Prec: 0.8957 | V-Prec: 0.8653 | T-Rec: 0.8377 | V-Rec: 0.7957 | T-P@R0.9: 0.8019 | V-P@R0.9: 0.6635
Epoch 0262 | Time: 48.6s | T-Loss: 0.0561 | V-Loss: 0.0561 | T-Prec: 0.9011 | V-Prec: 0.8713 | T-Rec: 0.8287 | V-Rec: 0.7890 | T-P@R0.9: 0.7921 | V-P@R0.9: 0.6599
Epoch 0263 | Time: 50.7s | T-Loss: 0.0573 | V-Loss: 0.0564 | T-Prec: 0.9022 | V-Prec: 0.8758 | T-Rec: 0.8278 | V-Rec: 0.7841 | T-P@R0.9: 0.7961 | V-P@R0.9: 0.6564
Epoch 0264 | Time: 47.5s | T-Loss: 0.0568 | V-Loss: 0.0559 | T-Prec: 0.8995 | V-Prec: 0.8766 | T-Rec: 0.8157 | V-Rec: 0.7850 | T-P@R0.9: 0.7698 | V-P@R0.9: 0.6656
Epoch 0265 | Time: 47.2s | T-Loss: 0.0553 | V-Loss: 0.0558 | T-Prec: 0.9062 | V-Prec: 0.8774 | T-Rec: 0.8221 | V-Rec: 0.7833 | T-P@R0.9: 0.7894 | V-P@R0.9: 0.6605
Epoch 0266 | Time: 47.3s | T-Loss: 0.0564 | V-Loss: 0.0556 | T-Prec: 0.9035 | V-Prec: 0.8793 | T-Rec: 0.8196 | V-Rec: 0.7830 | T-P@R0.9: 0.7830 | V-P@R0.9: 0.6647
Epoch 0267 | Time: 51.0s | T-Loss: 0.0571 | V-Loss: 0.0554 | T-Prec: 0.8964 | V-Prec: 0.8701 | T-Rec: 0.8301 | V-Rec: 0.7939 | T-P@R0.9: 0.7886 | V-P@R0.9: 0.6753
Epoch 0268 | Time: 45.6s | T-Loss: 0.0561 | V-Loss: 0.0556 | T-Prec: 0.9041 | V-Prec: 0.8802 | T-Rec: 0.8194 | V-Rec: 0.7795 | T-P@R0.9: 0.7938 | V-P@R0.9: 0.6709
Epoch 0269 | Time: 47.3s | T-Loss: 0.0566 | V-Loss: 0.0560 | T-Prec: 0.8927 | V-Prec: 0.8612 | T-Rec: 0.8412 | V-Rec: 0.8020 | T-P@R0.9: 0.8043 | V-P@R0.9: 0.6727
Epoch 0270 | Time: 47.6s | T-Loss: 0.0564 | V-Loss: 0.0561 | T-Prec: 0.9000 | V-Prec: 0.8709 | T-Rec: 0.8273 | V-Rec: 0.7903 | T-P@R0.9: 0.7904 | V-P@R0.9: 0.6638
Epoch 0271 | Time: 52.3s | T-Loss: 0.0569 | V-Loss: 0.0562 | T-Prec: 0.9010 | V-Prec: 0.8707 | T-Rec: 0.8355 | V-Rec: 0.7911 | T-P@R0.9: 0.8108 | V-P@R0.9: 0.6634
Epoch 0272 | Time: 49.1s | T-Loss: 0.0573 | V-Loss: 0.0553 | T-Prec: 0.9045 | V-Prec: 0.8758 | T-Rec: 0.8298 | V-Rec: 0.7890 | T-P@R0.9: 0.8056 | V-P@R0.9: 0.6721
Epoch 0273 | Time: 46.3s | T-Loss: 0.0573 | V-Loss: 0.0556 | T-Prec: 0.8945 | V-Prec: 0.8665 | T-Rec: 0.8356 | V-Rec: 0.7989 | T-P@R0.9: 0.7949 | V-P@R0.9: 0.6695
Epoch 0274 | Time: 47.9s | T-Loss: 0.0577 | V-Loss: 0.0562 | T-Prec: 0.8909 | V-Prec: 0.8615 | T-Rec: 0.8335 | V-Rec: 0.8014 | T-P@R0.9: 0.7804 | V-P@R0.9: 0.6699
Epoch 0275 | Time: 50.4s | T-Loss: 0.0550 | V-Loss: 0.0557 | T-Prec: 0.9028 | V-Prec: 0.8767 | T-Rec: 0.8230 | V-Rec: 0.7858 | T-P@R0.9: 0.7874 | V-P@R0.9: 0.6661
Epoch 0276 | Time: 46.8s | T-Loss: 0.0562 | V-Loss: 0.0556 | T-Prec: 0.9105 | V-Prec: 0.8801 | T-Rec: 0.8227 | V-Rec: 0.7790 | T-P@R0.9: 0.8075 | V-P@R0.9: 0.6701
Epoch 0277 | Time: 49.0s | T-Loss: 0.0576 | V-Loss: 0.0554 | T-Prec: 0.9087 | V-Prec: 0.8857 | T-Rec: 0.8116 | V-Rec: 0.7784 | T-P@R0.9: 0.7789 | V-P@R0.9: 0.6665
Epoch 0278 | Time: 46.6s | T-Loss: 0.0544 | V-Loss: 0.0561 | T-Prec: 0.8924 | V-Prec: 0.8658 | T-Rec: 0.8318 | V-Rec: 0.7970 | T-P@R0.9: 0.7816 | V-P@R0.9: 0.6644
Epoch 0279 | Time: 51.9s | T-Loss: 0.0568 | V-Loss: 0.0553 | T-Prec: 0.9047 | V-Prec: 0.8808 | T-Rec: 0.8182 | V-Rec: 0.7812 | T-P@R0.9: 0.7859 | V-P@R0.9: 0.6717
Epoch 0280 | Time: 47.4s | T-Loss: 0.0558 | V-Loss: 0.0558 | T-Prec: 0.8976 | V-Prec: 0.8674 | T-Rec: 0.8348 | V-Rec: 0.7961 | T-P@R0.9: 0.8002 | V-P@R0.9: 0.6716
Epoch 0281 | Time: 48.7s | T-Loss: 0.0551 | V-Loss: 0.0552 | T-Prec: 0.8967 | V-Prec: 0.8747 | T-Rec: 0.8244 | V-Rec: 0.7923 | T-P@R0.9: 0.7774 | V-P@R0.9: 0.6695
Epoch 0282 | Time: 49.4s | T-Loss: 0.0570 | V-Loss: 0.0558 | T-Prec: 0.8933 | V-Prec: 0.8653 | T-Rec: 0.8378 | V-Rec: 0.8000 | T-P@R0.9: 0.7970 | V-P@R0.9: 0.6635
Epoch 0283 | Time: 51.9s | T-Loss: 0.0568 | V-Loss: 0.0555 | T-Prec: 0.9019 | V-Prec: 0.8764 | T-Rec: 0.8290 | V-Rec: 0.7900 | T-P@R0.9: 0.7965 | V-P@R0.9: 0.6646
Epoch 0284 | Time: 46.8s | T-Loss: 0.0567 | V-Loss: 0.0557 | T-Prec: 0.9027 | V-Prec: 0.8814 | T-Rec: 0.8207 | V-Rec: 0.7808 | T-P@R0.9: 0.7857 | V-P@R0.9: 0.6632
Epoch 0285 | Time: 49.0s | T-Loss: 0.0583 | V-Loss: 0.0553 | T-Prec: 0.9122 | V-Prec: 0.8841 | T-Rec: 0.8239 | V-Rec: 0.7789 | T-P@R0.9: 0.8092 | V-P@R0.9: 0.6690
Epoch 0286 | Time: 49.6s | T-Loss: 0.0569 | V-Loss: 0.0558 | T-Prec: 0.8920 | V-Prec: 0.8648 | T-Rec: 0.8379 | V-Rec: 0.8008 | T-P@R0.9: 0.7932 | V-P@R0.9: 0.6698
Epoch 0287 | Time: 49.9s | T-Loss: 0.0572 | V-Loss: 0.0554 | T-Prec: 0.9014 | V-Prec: 0.8740 | T-Rec: 0.8306 | V-Rec: 0.7904 | T-P@R0.9: 0.8027 | V-P@R0.9: 0.6740
Epoch 0288 | Time: 51.7s | T-Loss: 0.0546 | V-Loss: 0.0557 | T-Prec: 0.8950 | V-Prec: 0.8721 | T-Rec: 0.8252 | V-Rec: 0.7922 | T-P@R0.9: 0.7818 | V-P@R0.9: 0.6693
Epoch 0289 | Time: 50.1s | T-Loss: 0.0527 | V-Loss: 0.0553 | T-Prec: 0.9094 | V-Prec: 0.8814 | T-Rec: 0.8190 | V-Rec: 0.7804 | T-P@R0.9: 0.7967 | V-P@R0.9: 0.6753
Epoch 0290 | Time: 48.2s | T-Loss: 0.0543 | V-Loss: 0.0561 | T-Prec: 0.8977 | V-Prec: 0.8672 | T-Rec: 0.8324 | V-Rec: 0.7931 | T-P@R0.9: 0.8016 | V-P@R0.9: 0.6699
Epoch 0291 | Time: 48.9s | T-Loss: 0.0549 | V-Loss: 0.0554 | T-Prec: 0.8993 | V-Prec: 0.8757 | T-Rec: 0.8213 | V-Rec: 0.7904 | T-P@R0.9: 0.7755 | V-P@R0.9: 0.6659
Epoch 0292 | Time: 52.5s | T-Loss: 0.0538 | V-Loss: 0.0551 | T-Prec: 0.9009 | V-Prec: 0.8770 | T-Rec: 0.8229 | V-Rec: 0.7880 | T-P@R0.9: 0.7858 | V-P@R0.9: 0.6764
Epoch 0293 | Time: 48.1s | T-Loss: 0.0564 | V-Loss: 0.0556 | T-Prec: 0.8952 | V-Prec: 0.8667 | T-Rec: 0.8355 | V-Rec: 0.7973 | T-P@R0.9: 0.7988 | V-P@R0.9: 0.6725
Epoch 0294 | Time: 49.9s | T-Loss: 0.0574 | V-Loss: 0.0552 | T-Prec: 0.9087 | V-Prec: 0.8800 | T-Rec: 0.8250 | V-Rec: 0.7848 | T-P@R0.9: 0.8095 | V-P@R0.9: 0.6742
Epoch 0295 | Time: 49.6s | T-Loss: 0.0575 | V-Loss: 0.0553 | T-Prec: 0.8949 | V-Prec: 0.8670 | T-Rec: 0.8377 | V-Rec: 0.7995 | T-P@R0.9: 0.7941 | V-P@R0.9: 0.6708
Epoch 0296 | Time: 52.6s | T-Loss: 0.0571 | V-Loss: 0.0551 | T-Prec: 0.8968 | V-Prec: 0.8719 | T-Rec: 0.8326 | V-Rec: 0.7953 | T-P@R0.9: 0.7969 | V-P@R0.9: 0.6711
Epoch 0297 | Time: 48.8s | T-Loss: 0.0563 | V-Loss: 0.0557 | T-Prec: 0.8963 | V-Prec: 0.8698 | T-Rec: 0.8301 | V-Rec: 0.7952 | T-P@R0.9: 0.7919 | V-P@R0.9: 0.6708
Epoch 0298 | Time: 48.9s | T-Loss: 0.0570 | V-Loss: 0.0554 | T-Prec: 0.8967 | V-Prec: 0.8684 | T-Rec: 0.8331 | V-Rec: 0.7975 | T-P@R0.9: 0.7968 | V-P@R0.9: 0.6736
Epoch 0299 | Time: 48.6s | T-Loss: 0.0564 | V-Loss: 0.0560 | T-Prec: 0.9032 | V-Prec: 0.8731 | T-Rec: 0.8291 | V-Rec: 0.7905 | T-P@R0.9: 0.7985 | V-P@R0.9: 0.6638
Epoch 0300 | Time: 51.4s | T-Loss: 0.0568 | V-Loss: 0.0558 | T-Prec: 0.9079 | V-Prec: 0.8821 | T-Rec: 0.8282 | V-Rec: 0.7815 | T-P@R0.9: 0.8095 | V-P@R0.9: 0.6648
Epoch 0301 | Time: 48.7s | T-Loss: 0.0542 | V-Loss: 0.0556 | T-Prec: 0.8955 | V-Prec: 0.8734 | T-Rec: 0.8272 | V-Rec: 0.7907 | T-P@R0.9: 0.7845 | V-P@R0.9: 0.6714
Epoch 0302 | Time: 49.1s | T-Loss: 0.0579 | V-Loss: 0.0553 | T-Prec: 0.9079 | V-Prec: 0.8829 | T-Rec: 0.8244 | V-Rec: 0.7817 | T-P@R0.9: 0.8023 | V-P@R0.9: 0.6710
Epoch 0303 | Time: 48.7s | T-Loss: 0.0565 | V-Loss: 0.0552 | T-Prec: 0.9038 | V-Prec: 0.8754 | T-Rec: 0.8307 | V-Rec: 0.7902 | T-P@R0.9: 0.8032 | V-P@R0.9: 0.6731
Epoch 0304 | Time: 52.0s | T-Loss: 0.0562 | V-Loss: 0.0557 | T-Prec: 0.9056 | V-Prec: 0.8757 | T-Rec: 0.8298 | V-Rec: 0.7886 | T-P@R0.9: 0.8035 | V-P@R0.9: 0.6643
Epoch 0305 | Time: 49.3s | T-Loss: 0.0576 | V-Loss: 0.0553 | T-Prec: 0.9007 | V-Prec: 0.8765 | T-Rec: 0.8284 | V-Rec: 0.7887 | T-P@R0.9: 0.7960 | V-P@R0.9: 0.6667
Epoch 0306 | Time: 47.9s | T-Loss: 0.0569 | V-Loss: 0.0553 | T-Prec: 0.9063 | V-Prec: 0.8772 | T-Rec: 0.8313 | V-Rec: 0.7885 | T-P@R0.9: 0.8084 | V-P@R0.9: 0.6687
Epoch 0307 | Time: 49.4s | T-Loss: 0.0550 | V-Loss: 0.0557 | T-Prec: 0.8962 | V-Prec: 0.8691 | T-Rec: 0.8337 | V-Rec: 0.7967 | T-P@R0.9: 0.7928 | V-P@R0.9: 0.6686
Epoch 0308 | Time: 51.3s | T-Loss: 0.0566 | V-Loss: 0.0557 | T-Prec: 0.8977 | V-Prec: 0.8704 | T-Rec: 0.8381 | V-Rec: 0.7946 | T-P@R0.9: 0.8061 | V-P@R0.9: 0.6707
Epoch 0309 | Time: 49.7s | T-Loss: 0.0564 | V-Loss: 0.0552 | T-Prec: 0.8931 | V-Prec: 0.8710 | T-Rec: 0.8271 | V-Rec: 0.7960 | T-P@R0.9: 0.7731 | V-P@R0.9: 0.6709
Epoch 0310 | Time: 49.4s | T-Loss: 0.0554 | V-Loss: 0.0555 | T-Prec: 0.8980 | V-Prec: 0.8688 | T-Rec: 0.8343 | V-Rec: 0.7968 | T-P@R0.9: 0.8001 | V-P@R0.9: 0.6684
Epoch 0311 | Time: 48.3s | T-Loss: 0.0552 | V-Loss: 0.0554 | T-Prec: 0.8999 | V-Prec: 0.8758 | T-Rec: 0.8214 | V-Rec: 0.7899 | T-P@R0.9: 0.7760 | V-P@R0.9: 0.6720
Epoch 0312 | Time: 49.7s | T-Loss: 0.0565 | V-Loss: 0.0552 | T-Prec: 0.9071 | V-Prec: 0.8810 | T-Rec: 0.8277 | V-Rec: 0.7859 | T-P@R0.9: 0.8008 | V-P@R0.9: 0.6687
Epoch 0313 | Time: 51.1s | T-Loss: 0.0562 | V-Loss: 0.0555 | T-Prec: 0.9028 | V-Prec: 0.8791 | T-Rec: 0.8253 | V-Rec: 0.7844 | T-P@R0.9: 0.7919 | V-P@R0.9: 0.6671
Epoch 0314 | Time: 50.1s | T-Loss: 0.0566 | V-Loss: 0.0551 | T-Prec: 0.9088 | V-Prec: 0.8802 | T-Rec: 0.8277 | V-Rec: 0.7840 | T-P@R0.9: 0.8141 | V-P@R0.9: 0.6760
Epoch 0315 | Time: 49.5s | T-Loss: 0.0584 | V-Loss: 0.0551 | T-Prec: 0.9116 | V-Prec: 0.8841 | T-Rec: 0.8317 | V-Rec: 0.7832 | T-P@R0.9: 0.8179 | V-P@R0.9: 0.6687
Epoch 0316 | Time: 49.4s | T-Loss: 0.0564 | V-Loss: 0.0557 | T-Prec: 0.8941 | V-Prec: 0.8653 | T-Rec: 0.8386 | V-Rec: 0.8009 | T-P@R0.9: 0.8008 | V-P@R0.9: 0.6731
Epoch 0317 | Time: 52.9s | T-Loss: 0.0563 | V-Loss: 0.0556 | T-Prec: 0.8962 | V-Prec: 0.8706 | T-Rec: 0.8342 | V-Rec: 0.7966 | T-P@R0.9: 0.7943 | V-P@R0.9: 0.6680
Epoch 0318 | Time: 49.4s | T-Loss: 0.0561 | V-Loss: 0.0556 | T-Prec: 0.8932 | V-Prec: 0.8680 | T-Rec: 0.8324 | V-Rec: 0.7981 | T-P@R0.9: 0.7889 | V-P@R0.9: 0.6754
Epoch 0319 | Time: 50.4s | T-Loss: 0.0557 | V-Loss: 0.0551 | T-Prec: 0.8914 | V-Prec: 0.8664 | T-Rec: 0.8381 | V-Rec: 0.8015 | T-P@R0.9: 0.7937 | V-P@R0.9: 0.6764
Epoch 0320 | Time: 47.2s | T-Loss: 0.0558 | V-Loss: 0.0545 | T-Prec: 0.9015 | V-Prec: 0.8769 | T-Rec: 0.8239 | V-Rec: 0.7917 | T-P@R0.9: 0.7910 | V-P@R0.9: 0.6829
Epoch 0321 | Time: 53.3s | T-Loss: 0.0568 | V-Loss: 0.0546 | T-Prec: 0.9049 | V-Prec: 0.8819 | T-Rec: 0.8221 | V-Rec: 0.7867 | T-P@R0.9: 0.7877 | V-P@R0.9: 0.6733
Epoch 0322 | Time: 48.4s | T-Loss: 0.0542 | V-Loss: 0.0555 | T-Prec: 0.8964 | V-Prec: 0.8647 | T-Rec: 0.8401 | V-Rec: 0.8024 | T-P@R0.9: 0.8027 | V-P@R0.9: 0.6736
Epoch 0323 | Time: 50.0s | T-Loss: 0.0577 | V-Loss: 0.0553 | T-Prec: 0.9022 | V-Prec: 0.8755 | T-Rec: 0.8276 | V-Rec: 0.7922 | T-P@R0.9: 0.7972 | V-P@R0.9: 0.6731
Epoch 0324 | Time: 49.6s | T-Loss: 0.0565 | V-Loss: 0.0553 | T-Prec: 0.9003 | V-Prec: 0.8724 | T-Rec: 0.8326 | V-Rec: 0.7944 | T-P@R0.9: 0.7993 | V-P@R0.9: 0.6716
Epoch 0325 | Time: 50.8s | T-Loss: 0.0546 | V-Loss: 0.0556 | T-Prec: 0.9017 | V-Prec: 0.8753 | T-Rec: 0.8290 | V-Rec: 0.7903 | T-P@R0.9: 0.7997 | V-P@R0.9: 0.6713
Epoch 0326 | Time: 48.3s | T-Loss: 0.0551 | V-Loss: 0.0550 | T-Prec: 0.9026 | V-Prec: 0.8790 | T-Rec: 0.8265 | V-Rec: 0.7890 | T-P@R0.9: 0.7917 | V-P@R0.9: 0.6716
Epoch 0327 | Time: 50.3s | T-Loss: 0.0538 | V-Loss: 0.0550 | T-Prec: 0.9058 | V-Prec: 0.8780 | T-Rec: 0.8292 | V-Rec: 0.7878 | T-P@R0.9: 0.8090 | V-P@R0.9: 0.6788
Epoch 0328 | Time: 48.5s | T-Loss: 0.0555 | V-Loss: 0.0551 | T-Prec: 0.8983 | V-Prec: 0.8734 | T-Rec: 0.8289 | V-Rec: 0.7947 | T-P@R0.9: 0.7892 | V-P@R0.9: 0.6783
Epoch 0329 | Time: 51.3s | T-Loss: 0.0562 | V-Loss: 0.0550 | T-Prec: 0.8961 | V-Prec: 0.8709 | T-Rec: 0.8345 | V-Rec: 0.7972 | T-P@R0.9: 0.7964 | V-P@R0.9: 0.6792
Epoch 0330 | Time: 69.1s | T-Loss: 0.0553 | V-Loss: 0.0551 | T-Prec: 0.9049 | V-Prec: 0.8798 | T-Rec: 0.8274 | V-Rec: 0.7874 | T-P@R0.9: 0.7986 | V-P@R0.9: 0.6753
Epoch 0331 | Time: 56.5s | T-Loss: 0.0560 | V-Loss: 0.0552 | T-Prec: 0.8988 | V-Prec: 0.8705 | T-Rec: 0.8371 | V-Rec: 0.7973 | T-P@R0.9: 0.8058 | V-P@R0.9: 0.6753
Epoch 0332 | Time: 48.3s | T-Loss: 0.0564 | V-Loss: 0.0548 | T-Prec: 0.9121 | V-Prec: 0.8819 | T-Rec: 0.8305 | V-Rec: 0.7850 | T-P@R0.9: 0.8205 | V-P@R0.9: 0.6786
Epoch 0333 | Time: 52.4s | T-Loss: 0.0543 | V-Loss: 0.0555 | T-Prec: 0.8954 | V-Prec: 0.8682 | T-Rec: 0.8381 | V-Rec: 0.7992 | T-P@R0.9: 0.8009 | V-P@R0.9: 0.6699
Epoch 0334 | Time: 49.6s | T-Loss: 0.0569 | V-Loss: 0.0552 | T-Prec: 0.8955 | V-Prec: 0.8696 | T-Rec: 0.8319 | V-Rec: 0.7995 | T-P@R0.9: 0.7914 | V-P@R0.9: 0.6753
Epoch 0335 | Time: 49.6s | T-Loss: 0.0552 | V-Loss: 0.0546 | T-Prec: 0.9084 | V-Prec: 0.8830 | T-Rec: 0.8271 | V-Rec: 0.7860 | T-P@R0.9: 0.8103 | V-P@R0.9: 0.6780
Epoch 0336 | Time: 49.2s | T-Loss: 0.0564 | V-Loss: 0.0552 | T-Prec: 0.8948 | V-Prec: 0.8689 | T-Rec: 0.8370 | V-Rec: 0.8006 | T-P@R0.9: 0.7938 | V-P@R0.9: 0.6759
Epoch 0337 | Time: 51.3s | T-Loss: 0.0556 | V-Loss: 0.0554 | T-Prec: 0.8903 | V-Prec: 0.8612 | T-Rec: 0.8448 | V-Rec: 0.8078 | T-P@R0.9: 0.8054 | V-P@R0.9: 0.6790
Epoch 0338 | Time: 53.6s | T-Loss: 0.0564 | V-Loss: 0.0551 | T-Prec: 0.9006 | V-Prec: 0.8704 | T-Rec: 0.8400 | V-Rec: 0.7981 | T-P@R0.9: 0.8122 | V-P@R0.9: 0.6761
Epoch 0339 | Time: 48.6s | T-Loss: 0.0537 | V-Loss: 0.0547 | T-Prec: 0.9024 | V-Prec: 0.8715 | T-Rec: 0.8421 | V-Rec: 0.7983 | T-P@R0.9: 0.8199 | V-P@R0.9: 0.6798
Epoch 0340 | Time: 52.6s | T-Loss: 0.0549 | V-Loss: 0.0553 | T-Prec: 0.9015 | V-Prec: 0.8773 | T-Rec: 0.8281 | V-Rec: 0.7894 | T-P@R0.9: 0.7953 | V-P@R0.9: 0.6735
Epoch 0341 | Time: 49.3s | T-Loss: 0.0566 | V-Loss: 0.0546 | T-Prec: 0.9015 | V-Prec: 0.8765 | T-Rec: 0.8259 | V-Rec: 0.7924 | T-P@R0.9: 0.7921 | V-P@R0.9: 0.6821
Epoch 0342 | Time: 53.3s | T-Loss: 0.0559 | V-Loss: 0.0548 | T-Prec: 0.9087 | V-Prec: 0.8856 | T-Rec: 0.8229 | V-Rec: 0.7827 | T-P@R0.9: 0.8030 | V-P@R0.9: 0.6772
Epoch 0343 | Time: 50.1s | T-Loss: 0.0538 | V-Loss: 0.0551 | T-Prec: 0.9006 | V-Prec: 0.8744 | T-Rec: 0.8287 | V-Rec: 0.7933 | T-P@R0.9: 0.7917 | V-P@R0.9: 0.6721
Epoch 0344 | Time: 50.9s | T-Loss: 0.0556 | V-Loss: 0.0550 | T-Prec: 0.9004 | V-Prec: 0.8744 | T-Rec: 0.8365 | V-Rec: 0.7948 | T-P@R0.9: 0.8044 | V-P@R0.9: 0.6730
Epoch 0345 | Time: 50.8s | T-Loss: 0.0547 | V-Loss: 0.0549 | T-Prec: 0.8983 | V-Prec: 0.8704 | T-Rec: 0.8332 | V-Rec: 0.7994 | T-P@R0.9: 0.7956 | V-P@R0.9: 0.6825
Epoch 0346 | Time: 52.3s | T-Loss: 0.0559 | V-Loss: 0.0552 | T-Prec: 0.8922 | V-Prec: 0.8606 | T-Rec: 0.8470 | V-Rec: 0.8093 | T-P@R0.9: 0.8091 | V-P@R0.9: 0.6803
Epoch 0347 | Time: 49.8s | T-Loss: 0.0552 | V-Loss: 0.0551 | T-Prec: 0.9048 | V-Prec: 0.8755 | T-Rec: 0.8281 | V-Rec: 0.7934 | T-P@R0.9: 0.7957 | V-P@R0.9: 0.6779
Epoch 0348 | Time: 49.0s | T-Loss: 0.0533 | V-Loss: 0.0546 | T-Prec: 0.8970 | V-Prec: 0.8764 | T-Rec: 0.8208 | V-Rec: 0.7935 | T-P@R0.9: 0.7760 | V-P@R0.9: 0.6812
Epoch 0349 | Time: 51.0s | T-Loss: 0.0557 | V-Loss: 0.0552 | T-Prec: 0.8986 | V-Prec: 0.8777 | T-Rec: 0.8209 | V-Rec: 0.7902 | T-P@R0.9: 0.7787 | V-P@R0.9: 0.6719
Epoch 0350 | Time: 54.4s | T-Loss: 0.0567 | V-Loss: 0.0546 | T-Prec: 0.9060 | V-Prec: 0.8818 | T-Rec: 0.8219 | V-Rec: 0.7861 | T-P@R0.9: 0.7950 | V-P@R0.9: 0.6792
Epoch 0351 | Time: 48.3s | T-Loss: 0.0573 | V-Loss: 0.0553 | T-Prec: 0.8987 | V-Prec: 0.8692 | T-Rec: 0.8369 | V-Rec: 0.7979 | T-P@R0.9: 0.8107 | V-P@R0.9: 0.6817
Epoch 0352 | Time: 49.9s | T-Loss: 0.0544 | V-Loss: 0.0548 | T-Prec: 0.9076 | V-Prec: 0.8792 | T-Rec: 0.8309 | V-Rec: 0.7898 | T-P@R0.9: 0.8008 | V-P@R0.9: 0.6738
Epoch 0353 | Time: 50.1s | T-Loss: 0.0563 | V-Loss: 0.0549 | T-Prec: 0.9078 | V-Prec: 0.8780 | T-Rec: 0.8300 | V-Rec: 0.7894 | T-P@R0.9: 0.8105 | V-P@R0.9: 0.6758
Epoch 0354 | Time: 53.2s | T-Loss: 0.0553 | V-Loss: 0.0550 | T-Prec: 0.9034 | V-Prec: 0.8769 | T-Rec: 0.8328 | V-Rec: 0.7913 | T-P@R0.9: 0.8083 | V-P@R0.9: 0.6766
Epoch 0355 | Time: 49.2s | T-Loss: 0.0554 | V-Loss: 0.0544 | T-Prec: 0.9056 | V-Prec: 0.8789 | T-Rec: 0.8333 | V-Rec: 0.7916 | T-P@R0.9: 0.8135 | V-P@R0.9: 0.6794
Epoch 0356 | Time: 50.6s | T-Loss: 0.0559 | V-Loss: 0.0549 | T-Prec: 0.8979 | V-Prec: 0.8694 | T-Rec: 0.8295 | V-Rec: 0.7987 | T-P@R0.9: 0.7932 | V-P@R0.9: 0.6833
Epoch 0357 | Time: 49.2s | T-Loss: 0.0559 | V-Loss: 0.0550 | T-Prec: 0.8893 | V-Prec: 0.8660 | T-Rec: 0.8413 | V-Rec: 0.8057 | T-P@R0.9: 0.7927 | V-P@R0.9: 0.6818
Epoch 0358 | Time: 49.9s | T-Loss: 0.0568 | V-Loss: 0.0547 | T-Prec: 0.8986 | V-Prec: 0.8771 | T-Rec: 0.8277 | V-Rec: 0.7945 | T-P@R0.9: 0.7919 | V-P@R0.9: 0.6768
Epoch 0359 | Time: 50.7s | T-Loss: 0.0542 | V-Loss: 0.0545 | T-Prec: 0.9112 | V-Prec: 0.8808 | T-Rec: 0.8349 | V-Rec: 0.7900 | T-P@R0.9: 0.8206 | V-P@R0.9: 0.6769
Epoch 0360 | Time: 49.5s | T-Loss: 0.0542 | V-Loss: 0.0547 | T-Prec: 0.9059 | V-Prec: 0.8777 | T-Rec: 0.8317 | V-Rec: 0.7918 | T-P@R0.9: 0.8074 | V-P@R0.9: 0.6816
Epoch 0361 | Time: 50.0s | T-Loss: 0.0561 | V-Loss: 0.0547 | T-Prec: 0.9001 | V-Prec: 0.8758 | T-Rec: 0.8268 | V-Rec: 0.7951 | T-P@R0.9: 0.7875 | V-P@R0.9: 0.6743
Epoch 0362 | Time: 50.4s | T-Loss: 0.0536 | V-Loss: 0.0549 | T-Prec: 0.9020 | V-Prec: 0.8780 | T-Rec: 0.8227 | V-Rec: 0.7908 | T-P@R0.9: 0.7830 | V-P@R0.9: 0.6783
Epoch 0363 | Time: 48.5s | T-Loss: 0.0560 | V-Loss: 0.0548 | T-Prec: 0.8974 | V-Prec: 0.8707 | T-Rec: 0.8368 | V-Rec: 0.8007 | T-P@R0.9: 0.8039 | V-P@R0.9: 0.6847
Epoch 0364 | Time: 44.9s | T-Loss: 0.0542 | V-Loss: 0.0550 | T-Prec: 0.8942 | V-Prec: 0.8686 | T-Rec: 0.8336 | V-Rec: 0.8004 | T-P@R0.9: 0.7931 | V-P@R0.9: 0.6811
Epoch 0365 | Time: 49.2s | T-Loss: 0.0563 | V-Loss: 0.0551 | T-Prec: 0.9031 | V-Prec: 0.8757 | T-Rec: 0.8265 | V-Rec: 0.7921 | T-P@R0.9: 0.7953 | V-P@R0.9: 0.6791
Epoch 0366 | Time: 43.7s | T-Loss: 0.0563 | V-Loss: 0.0545 | T-Prec: 0.8997 | V-Prec: 0.8744 | T-Rec: 0.8307 | V-Rec: 0.7950 | T-P@R0.9: 0.8022 | V-P@R0.9: 0.6881
Epoch 0367 | Time: 47.5s | T-Loss: 0.0560 | V-Loss: 0.0554 | T-Prec: 0.9041 | V-Prec: 0.8729 | T-Rec: 0.8364 | V-Rec: 0.7938 | T-P@R0.9: 0.8167 | V-P@R0.9: 0.6779
Epoch 0368 | Time: 47.3s | T-Loss: 0.0529 | V-Loss: 0.0549 | T-Prec: 0.9035 | V-Prec: 0.8726 | T-Rec: 0.8395 | V-Rec: 0.7953 | T-P@R0.9: 0.8145 | V-P@R0.9: 0.6833
Epoch 0369 | Time: 49.1s | T-Loss: 0.0555 | V-Loss: 0.0548 | T-Prec: 0.8968 | V-Prec: 0.8701 | T-Rec: 0.8358 | V-Rec: 0.8014 | T-P@R0.9: 0.7953 | V-P@R0.9: 0.6777
Epoch 0370 | Time: 47.4s | T-Loss: 0.0567 | V-Loss: 0.0547 | T-Prec: 0.9056 | V-Prec: 0.8759 | T-Rec: 0.8409 | V-Rec: 0.7946 | T-P@R0.9: 0.8240 | V-P@R0.9: 0.6822
Epoch 0371 | Time: 48.0s | T-Loss: 0.0549 | V-Loss: 0.0549 | T-Prec: 0.8941 | V-Prec: 0.8687 | T-Rec: 0.8362 | V-Rec: 0.8029 | T-P@R0.9: 0.7867 | V-P@R0.9: 0.6790
Epoch 0372 | Time: 47.7s | T-Loss: 0.0565 | V-Loss: 0.0547 | T-Prec: 0.9023 | V-Prec: 0.8766 | T-Rec: 0.8336 | V-Rec: 0.7935 | T-P@R0.9: 0.8063 | V-P@R0.9: 0.6754
Epoch 0373 | Time: 47.3s | T-Loss: 0.0555 | V-Loss: 0.0548 | T-Prec: 0.9090 | V-Prec: 0.8797 | T-Rec: 0.8323 | V-Rec: 0.7901 | T-P@R0.9: 0.8168 | V-P@R0.9: 0.6818
Epoch 0374 | Time: 50.0s | T-Loss: 0.0545 | V-Loss: 0.0545 | T-Prec: 0.9065 | V-Prec: 0.8818 | T-Rec: 0.8255 | V-Rec: 0.7873 | T-P@R0.9: 0.7993 | V-P@R0.9: 0.6799
Epoch 0375 | Time: 45.0s | T-Loss: 0.0563 | V-Loss: 0.0545 | T-Prec: 0.9057 | V-Prec: 0.8782 | T-Rec: 0.8354 | V-Rec: 0.7929 | T-P@R0.9: 0.8127 | V-P@R0.9: 0.6775
Epoch 0376 | Time: 43.8s | T-Loss: 0.0553 | V-Loss: 0.0546 | T-Prec: 0.9050 | V-Prec: 0.8775 | T-Rec: 0.8302 | V-Rec: 0.7932 | T-P@R0.9: 0.8015 | V-P@R0.9: 0.6819
Epoch 0377 | Time: 48.0s | T-Loss: 0.0551 | V-Loss: 0.0550 | T-Prec: 0.9018 | V-Prec: 0.8753 | T-Rec: 0.8305 | V-Rec: 0.7936 | T-P@R0.9: 0.8035 | V-P@R0.9: 0.6790
Epoch 0378 | Time: 44.0s | T-Loss: 0.0555 | V-Loss: 0.0548 | T-Prec: 0.9044 | V-Prec: 0.8763 | T-Rec: 0.8334 | V-Rec: 0.7950 | T-P@R0.9: 0.8085 | V-P@R0.9: 0.6806
Epoch 0379 | Time: 48.1s | T-Loss: 0.0531 | V-Loss: 0.0544 | T-Prec: 0.9085 | V-Prec: 0.8790 | T-Rec: 0.8358 | V-Rec: 0.7938 | T-P@R0.9: 0.8165 | V-P@R0.9: 0.6833
Epoch 0380 | Time: 48.0s | T-Loss: 0.0570 | V-Loss: 0.0547 | T-Prec: 0.9087 | V-Prec: 0.8812 | T-Rec: 0.8326 | V-Rec: 0.7866 | T-P@R0.9: 0.8205 | V-P@R0.9: 0.6838
Epoch 0381 | Time: 46.5s | T-Loss: 0.0548 | V-Loss: 0.0549 | T-Prec: 0.9078 | V-Prec: 0.8766 | T-Rec: 0.8433 | V-Rec: 0.7930 | T-P@R0.9: 0.8316 | V-P@R0.9: 0.6775
Epoch 0382 | Time: 46.8s | T-Loss: 0.0545 | V-Loss: 0.0550 | T-Prec: 0.9082 | V-Prec: 0.8826 | T-Rec: 0.8242 | V-Rec: 0.7856 | T-P@R0.9: 0.8022 | V-P@R0.9: 0.6783
Epoch 0383 | Time: 47.4s | T-Loss: 0.0556 | V-Loss: 0.0546 | T-Prec: 0.9062 | V-Prec: 0.8796 | T-Rec: 0.8338 | V-Rec: 0.7903 | T-P@R0.9: 0.8144 | V-P@R0.9: 0.6820
Epoch 0384 | Time: 46.0s | T-Loss: 0.0567 | V-Loss: 0.0549 | T-Prec: 0.9089 | V-Prec: 0.8840 | T-Rec: 0.8288 | V-Rec: 0.7829 | T-P@R0.9: 0.8131 | V-P@R0.9: 0.6769
Epoch 0385 | Time: 49.6s | T-Loss: 0.0567 | V-Loss: 0.0539 | T-Prec: 0.9097 | V-Prec: 0.8846 | T-Rec: 0.8208 | V-Rec: 0.7864 | T-P@R0.9: 0.8001 | V-P@R0.9: 0.6883
Epoch 0386 | Time: 48.3s | T-Loss: 0.0550 | V-Loss: 0.0548 | T-Prec: 0.9024 | V-Prec: 0.8740 | T-Rec: 0.8343 | V-Rec: 0.7976 | T-P@R0.9: 0.8075 | V-P@R0.9: 0.6817
Epoch 0387 | Time: 57.9s | T-Loss: 0.0549 | V-Loss: 0.0543 | T-Prec: 0.9054 | V-Prec: 0.8812 | T-Rec: 0.8225 | V-Rec: 0.7890 | T-P@R0.9: 0.7911 | V-P@R0.9: 0.6840
Epoch 0388 | Time: 47.6s | T-Loss: 0.0550 | V-Loss: 0.0547 | T-Prec: 0.9028 | V-Prec: 0.8759 | T-Rec: 0.8352 | V-Rec: 0.7963 | T-P@R0.9: 0.8101 | V-P@R0.9: 0.6807
Epoch 0389 | Time: 45.9s | T-Loss: 0.0555 | V-Loss: 0.0548 | T-Prec: 0.9028 | V-Prec: 0.8712 | T-Rec: 0.8446 | V-Rec: 0.8000 | T-P@R0.9: 0.8281 | V-P@R0.9: 0.6848
Epoch 0390 | Time: 49.0s | T-Loss: 0.0540 | V-Loss: 0.0550 | T-Prec: 0.8905 | V-Prec: 0.8648 | T-Rec: 0.8390 | V-Rec: 0.8074 | T-P@R0.9: 0.7894 | V-P@R0.9: 0.6783
Epoch 0391 | Time: 50.7s | T-Loss: 0.0556 | V-Loss: 0.0549 | T-Prec: 0.8975 | V-Prec: 0.8694 | T-Rec: 0.8416 | V-Rec: 0.8027 | T-P@R0.9: 0.8076 | V-P@R0.9: 0.6773
Epoch 0392 | Time: 48.9s | T-Loss: 0.0563 | V-Loss: 0.0549 | T-Prec: 0.9040 | V-Prec: 0.8751 | T-Rec: 0.8367 | V-Rec: 0.7959 | T-P@R0.9: 0.8079 | V-P@R0.9: 0.6739
Epoch 0393 | Time: 47.4s | T-Loss: 0.0548 | V-Loss: 0.0547 | T-Prec: 0.9036 | V-Prec: 0.8742 | T-Rec: 0.8396 | V-Rec: 0.7976 | T-P@R0.9: 0.8103 | V-P@R0.9: 0.6798
Epoch 0394 | Time: 46.6s | T-Loss: 0.0556 | V-Loss: 0.0547 | T-Prec: 0.9050 | V-Prec: 0.8805 | T-Rec: 0.8307 | V-Rec: 0.7905 | T-P@R0.9: 0.8079 | V-P@R0.9: 0.6794
Epoch 0395 | Time: 47.1s | T-Loss: 0.0574 | V-Loss: 0.0550 | T-Prec: 0.9013 | V-Prec: 0.8726 | T-Rec: 0.8389 | V-Rec: 0.7958 | T-P@R0.9: 0.8193 | V-P@R0.9: 0.6818
Epoch 0396 | Time: 48.1s | T-Loss: 0.0562 | V-Loss: 0.0545 | T-Prec: 0.8922 | V-Prec: 0.8670 | T-Rec: 0.8384 | V-Rec: 0.8066 | T-P@R0.9: 0.7913 | V-P@R0.9: 0.6819
Epoch 0397 | Time: 49.5s | T-Loss: 0.0557 | V-Loss: 0.0548 | T-Prec: 0.8949 | V-Prec: 0.8681 | T-Rec: 0.8401 | V-Rec: 0.8026 | T-P@R0.9: 0.8030 | V-P@R0.9: 0.6807
Epoch 0398 | Time: 47.2s | T-Loss: 0.0548 | V-Loss: 0.0546 | T-Prec: 0.9011 | V-Prec: 0.8729 | T-Rec: 0.8402 | V-Rec: 0.7995 | T-P@R0.9: 0.8116 | V-P@R0.9: 0.6826
Epoch 0399 | Time: 47.5s | T-Loss: 0.0555 | V-Loss: 0.0551 | T-Prec: 0.9065 | V-Prec: 0.8789 | T-Rec: 0.8333 | V-Rec: 0.7904 | T-P@R0.9: 0.8174 | V-P@R0.9: 0.6822
Epoch 0400 | Time: 46.8s | T-Loss: 0.0530 | V-Loss: 0.0549 | T-Prec: 0.8927 | V-Prec: 0.8666 | T-Rec: 0.8401 | V-Rec: 0.8061 | T-P@R0.9: 0.7950 | V-P@R0.9: 0.6848
