0001 | 11:33:05 |  15.2s | 1.0e-04 | 0.2486 | 0.5746 | 0.1162 | 0.1334 | 0.1483 | 0.6764 | 0.3889 | 0.3190
0002 | 11:33:26 |  14.2s | 1.0e-04 | 0.1269 | 0.7464 | 0.4610 | 0.3613 | 0.1093 | 0.7883 | 0.5707 | 0.4164
0003 | 11:33:46 |  14.2s | 1.0e-04 | 0.1040 | 0.8049 | 0.5992 | 0.4392 | 0.0991 | 0.8032 | 0.6474 | 0.4736
0004 | 11:34:06 |  15.1s | 1.0e-04 | 0.0986 | 0.8141 | 0.6414 | 0.4721 | 0.1014 | 0.8028 | 0.6628 | 0.4961
0005 | 11:34:27 |  14.2s | 1.0e-04 | 0.0927 | 0.8254 | 0.6646 | 0.5009 | 0.0915 | 0.8613 | 0.6257 | 0.5168
0006 | 11:34:47 |  14.0s | 1.0e-04 | 0.0883 | 0.8312 | 0.6787 | 0.5176 | 0.0867 | 0.8382 | 0.6901 | 0.5362
0007 | 11:35:07 |  14.4s | 1.0e-04 | 0.0857 | 0.8377 | 0.6995 | 0.5465 | 0.0842 | 0.8525 | 0.6863 | 0.5548
0008 | 11:35:27 |  14.4s | 1.0e-04 | 0.0832 | 0.8417 | 0.7107 | 0.5628 | 0.0831 | 0.8735 | 0.6676 | 0.5743
0009 | 11:35:48 |  14.5s | 1.0e-04 | 0.0824 | 0.8447 | 0.7190 | 0.5760 | 0.0796 | 0.8565 | 0.7159 | 0.5923
0010 | 11:36:08 |  14.5s | 1.0e-04 | 0.0770 | 0.8520 | 0.7312 | 0.5977 | 0.0768 | 0.8515 | 0.7432 | 0.6112
0011 | 11:36:28 |  14.4s | 1.0e-04 | 0.0756 | 0.8549 | 0.7432 | 0.6217 | 0.0773 | 0.8408 | 0.7623 | 0.6265
0012 | 11:36:48 |  14.3s | 1.0e-04 | 0.0742 | 0.8578 | 0.7486 | 0.6318 | 0.0742 | 0.8514 | 0.7596 | 0.6347
0013 | 11:37:09 |  14.6s | 1.0e-04 | 0.0729 | 0.8584 | 0.7563 | 0.6432 | 0.0727 | 0.8319 | 0.7956 | 0.6557
0014 | 11:37:29 |  14.4s | 1.0e-04 | 0.0703 | 0.8616 | 0.7642 | 0.6575 | 0.0701 | 0.8697 | 0.7615 | 0.6685
0015 | 11:37:49 |  14.6s | 1.0e-04 | 0.0682 | 0.8651 | 0.7730 | 0.6762 | 0.0704 | 0.8896 | 0.7351 | 0.6764
0016 | 11:38:10 |  14.6s | 1.0e-04 | 0.0673 | 0.8652 | 0.7760 | 0.6793 | 0.0674 | 0.8679 | 0.7797 | 0.6920
0017 | 11:38:30 |  14.4s | 1.0e-04 | 0.0666 | 0.8671 | 0.7805 | 0.6893 | 0.0666 | 0.8710 | 0.7823 | 0.6957
0018 | 11:38:50 |  14.5s | 1.0e-04 | 0.0670 | 0.8673 | 0.7817 | 0.6906 | 0.0657 | 0.8738 | 0.7857 | 0.7044
0019 | 11:39:11 |  14.6s | 1.0e-04 | 0.0660 | 0.8682 | 0.7849 | 0.6964 | 0.0651 | 0.8688 | 0.7948 | 0.7101
0020 | 11:39:31 |  14.5s | 1.0e-04 | 0.0701 | 0.8598 | 0.7805 | 0.6794 | 0.0654 | 0.8803 | 0.7796 | 0.7075
0021 | 11:39:51 |  14.4s | 1.0e-04 | 0.0646 | 0.8714 | 0.7904 | 0.7093 | 0.0645 | 0.8796 | 0.7862 | 0.7151
0022 | 11:40:11 |  14.5s | 1.0e-04 | 0.0635 | 0.8721 | 0.7945 | 0.7136 | 0.0649 | 0.8600 | 0.8079 | 0.7169
0023 | 11:40:31 |  14.4s | 1.0e-04 | 0.0640 | 0.8716 | 0.7916 | 0.7121 | 0.0632 | 0.8648 | 0.8144 | 0.7303
0024 | 11:40:52 |  14.6s | 1.0e-04 | 0.0632 | 0.8743 | 0.7993 | 0.7259 | 0.0624 | 0.8719 | 0.8105 | 0.7336
0025 | 11:41:12 |  14.9s | 1.0e-04 | 0.0619 | 0.8765 | 0.8017 | 0.7315 | 0.0630 | 0.8703 | 0.8123 | 0.7336
0026 | 11:41:33 |  14.6s | 1.0e-04 | 0.0613 | 0.8774 | 0.8035 | 0.7367 | 0.0615 | 0.8974 | 0.7842 | 0.7453
0027 | 11:41:54 |  14.9s | 1.0e-04 | 0.0609 | 0.8788 | 0.8056 | 0.7434 | 0.0603 | 0.8858 | 0.8062 | 0.7513
0028 | 11:42:15 |  14.9s | 1.0e-04 | 0.0602 | 0.8790 | 0.8087 | 0.7474 | 0.0601 | 0.8842 | 0.8083 | 0.7528
0029 | 11:42:36 |  15.0s | 1.0e-04 | 0.0595 | 0.8786 | 0.8084 | 0.7480 | 0.0598 | 0.8948 | 0.7975 | 0.7566
0030 | 11:42:57 |  15.0s | 1.0e-04 | 0.0595 | 0.8797 | 0.8099 | 0.7522 | 0.0591 | 0.8895 | 0.8076 | 0.7618
0031 | 11:43:18 |  14.8s | 1.0e-04 | 0.0586 | 0.8812 | 0.8122 | 0.7575 | 0.0592 | 0.8666 | 0.8367 | 0.7648
0032 | 11:43:38 |  14.9s | 1.0e-04 | 0.0583 | 0.8822 | 0.8146 | 0.7625 | 0.0583 | 0.8828 | 0.8207 | 0.7698
0033 | 11:44:00 |  14.9s | 1.0e-04 | 0.0579 | 0.8834 | 0.8163 | 0.7664 | 0.0591 | 0.9019 | 0.7944 | 0.7717
0034 | 11:44:21 |  15.1s | 1.0e-04 | 0.0575 | 0.8841 | 0.8175 | 0.7678 | 0.0575 | 0.8795 | 0.8299 | 0.7738
0035 | 11:44:42 |  15.1s | 1.0e-04 | 0.0560 | 0.8878 | 0.8265 | 0.7877 | 0.0566 | 0.8836 | 0.8287 | 0.7819
0036 | 11:45:03 |  15.0s | 1.0e-04 | 0.0559 | 0.8877 | 0.8277 | 0.7918 | 0.0564 | 0.8933 | 0.8183 | 0.7845
0037 | 11:45:25 |  15.1s | 1.0e-04 | 0.0559 | 0.8886 | 0.8288 | 0.7941 | 0.0562 | 0.8859 | 0.8296 | 0.7866
0038 | 11:45:46 |  15.3s | 1.0e-04 | 0.0560 | 0.8864 | 0.8298 | 0.7929 | 0.0562 | 0.8784 | 0.8379 | 0.7867
0039 | 11:46:07 |  15.0s | 1.0e-04 | 0.0545 | 0.8890 | 0.8323 | 0.7967 | 0.0556 | 0.8929 | 0.8244 | 0.7902
0040 | 11:46:29 |  15.0s | 1.0e-04 | 0.0550 | 0.8901 | 0.8313 | 0.7987 | 0.0622 | 0.9163 | 0.7621 | 0.7626
0041 | 11:46:50 |  15.1s | 1.0e-04 | 0.0549 | 0.8897 | 0.8329 | 0.8031 | 0.0552 | 0.8798 | 0.8429 | 0.7952
0042 | 11:47:11 |  14.9s | 1.0e-04 | 0.0537 | 0.8915 | 0.8356 | 0.8052 | 0.0547 | 0.8938 | 0.8283 | 0.7986
0043 | 11:47:32 |  15.0s | 1.0e-04 | 0.0540 | 0.8909 | 0.8357 | 0.8062 | 0.0557 | 0.9105 | 0.8045 | 0.7966
0044 | 11:47:53 |  14.9s | 1.0e-04 | 0.0535 | 0.8911 | 0.8365 | 0.8080 | 0.0545 | 0.8917 | 0.8300 | 0.7994
0045 | 11:48:14 |  15.4s | 1.0e-04 | 0.0531 | 0.8920 | 0.8384 | 0.8124 | 0.0540 | 0.8831 | 0.8448 | 0.8032
0046 | 11:48:36 |  15.0s | 1.0e-04 | 0.0526 | 0.8928 | 0.8393 | 0.8150 | 0.0537 | 0.8848 | 0.8446 | 0.8062
0047 | 11:48:57 |  14.9s | 1.0e-04 | 0.0524 | 0.8942 | 0.8413 | 0.8179 | 0.0536 | 0.9023 | 0.8241 | 0.8076
0048 | 11:49:18 |  14.9s | 1.0e-04 | 0.0521 | 0.8940 | 0.8406 | 0.8180 | 0.0536 | 0.8811 | 0.8500 | 0.8086
0049 | 11:49:39 |  15.1s | 1.0e-04 | 0.0517 | 0.8942 | 0.8398 | 0.8173 | 0.0530 | 0.8921 | 0.8409 | 0.8105
0050 | 11:50:01 |  14.8s | 1.0e-04 | 0.0517 | 0.8950 | 0.8423 | 0.8213 | 0.0544 | 0.8775 | 0.8518 | 0.8075
0051 | 11:50:22 |  14.9s | 1.0e-04 | 0.0514 | 0.8929 | 0.8392 | 0.8156 | 0.0527 | 0.9064 | 0.8236 | 0.8129
0052 | 11:50:42 |  15.2s | 1.0e-04 | 0.0501 | 0.8926 | 0.8340 | 0.8034 | 0.0525 | 0.8821 | 0.8540 | 0.8156
0053 | 11:51:04 |  15.0s | 1.0e-04 | 0.0499 | 0.8932 | 0.8360 | 0.8053 | 0.0522 | 0.9060 | 0.8275 | 0.8169
0054 | 11:51:25 |  14.8s | 1.0e-04 | 0.0497 | 0.8927 | 0.8359 | 0.8055 | 0.0522 | 0.8866 | 0.8498 | 0.8168
0055 | 11:51:46 |  15.1s | 1.0e-04 | 0.0494 | 0.8938 | 0.8360 | 0.8067 | 0.0516 | 0.8976 | 0.8408 | 0.8182
0056 | 11:52:07 |  14.7s | 1.0e-04 | 0.0492 | 0.8935 | 0.8366 | 0.8078 | 0.0516 | 0.8912 | 0.8478 | 0.8200
0057 | 11:52:28 |  14.9s | 1.0e-04 | 0.0490 | 0.8948 | 0.8383 | 0.8135 | 0.0516 | 0.9096 | 0.8264 | 0.8228
0058 | 11:52:49 |  14.8s | 1.0e-04 | 0.0487 | 0.8957 | 0.8393 | 0.8159 | 0.0508 | 0.9000 | 0.8419 | 0.8266
0059 | 11:53:10 |  14.9s | 1.0e-04 | 0.0489 | 0.8956 | 0.8396 | 0.8175 | 0.0512 | 0.8905 | 0.8515 | 0.8242
0060 | 11:53:31 |  15.0s | 1.0e-04 | 0.0487 | 0.8945 | 0.8388 | 0.8133 | 0.0519 | 0.9180 | 0.8161 | 0.8227
0061 | 11:53:52 |  15.0s | 1.0e-04 | 0.0483 | 0.8956 | 0.8386 | 0.8138 | 0.0507 | 0.9094 | 0.8321 | 0.8273
0062 | 11:54:14 |  14.9s | 1.0e-04 | 0.0483 | 0.8967 | 0.8400 | 0.8180 | 0.0503 | 0.8989 | 0.8457 | 0.8277
0063 | 11:54:35 |  15.0s | 1.0e-04 | 0.0479 | 0.8963 | 0.8417 | 0.8218 | 0.0506 | 0.9048 | 0.8403 | 0.8283
0064 | 11:54:56 |  14.9s | 1.0e-04 | 0.0479 | 0.8967 | 0.8422 | 0.8209 | 0.0503 | 0.9034 | 0.8416 | 0.8297
0065 | 11:55:17 |  14.8s | 1.0e-04 | 0.0477 | 0.8971 | 0.8411 | 0.8200 | 0.0500 | 0.8986 | 0.8482 | 0.8318
0066 | 11:55:38 |  14.8s | 1.0e-04 | 0.0475 | 0.8968 | 0.8429 | 0.8226 | 0.0497 | 0.8912 | 0.8579 | 0.8346
0067 | 11:55:59 |  14.2s | 1.0e-04 | 0.0474 | 0.8970 | 0.8439 | 0.8234 | 0.0500 | 0.8861 | 0.8627 | 0.8350
0068 | 11:56:20 |  14.9s | 1.0e-04 | 0.0494 | 0.8995 | 0.8493 | 0.8366 | 0.0495 | 0.8891 | 0.8623 | 0.8364
0069 | 11:56:40 |  15.0s | 1.0e-04 | 0.0505 | 0.8989 | 0.8513 | 0.8394 | 0.0494 | 0.8884 | 0.8639 | 0.8382
0070 | 11:57:02 |  14.8s | 1.0e-04 | 0.0502 | 0.8991 | 0.8518 | 0.8411 | 0.0490 | 0.8962 | 0.8564 | 0.8384
0071 | 11:57:23 |  15.0s | 1.0e-04 | 0.0502 | 0.8995 | 0.8524 | 0.8419 | 0.0489 | 0.8990 | 0.8534 | 0.8402
0072 | 11:57:44 |  15.1s | 1.0e-04 | 0.0498 | 0.9001 | 0.8527 | 0.8437 | 0.0488 | 0.8921 | 0.8618 | 0.8413
0073 | 11:58:05 |  14.9s | 1.0e-04 | 0.0496 | 0.9003 | 0.8545 | 0.8461 | 0.0487 | 0.9063 | 0.8463 | 0.8421
0074 | 11:58:26 |  14.9s | 1.0e-04 | 0.0496 | 0.8993 | 0.8545 | 0.8455 | 0.0486 | 0.8988 | 0.8555 | 0.8425
0075 | 11:58:47 |  14.9s | 1.0e-04 | 0.0497 | 0.9007 | 0.8558 | 0.8478 | 0.0485 | 0.8941 | 0.8607 | 0.8435
0076 | 11:59:08 |  14.9s | 1.0e-04 | 0.0493 | 0.9006 | 0.8554 | 0.8473 | 0.0484 | 0.9055 | 0.8487 | 0.8434
0077 | 11:59:29 |  15.0s | 1.0e-04 | 0.0493 | 0.9006 | 0.8556 | 0.8490 | 0.0484 | 0.9123 | 0.8399 | 0.8425
0078 | 11:59:51 |  15.1s | 1.0e-04 | 0.0492 | 0.9015 | 0.8553 | 0.8480 | 0.0488 | 0.8803 | 0.8763 | 0.8458
0079 | 12:00:12 |  14.8s | 1.0e-04 | 0.0489 | 0.9018 | 0.8573 | 0.8511 | 0.0479 | 0.9092 | 0.8467 | 0.8464
0080 | 12:00:33 |  14.9s | 1.0e-04 | 0.0488 | 0.9013 | 0.8573 | 0.8511 | 0.0477 | 0.8968 | 0.8623 | 0.8481
0081 | 12:00:54 |  15.0s | 1.0e-04 | 0.0488 | 0.9018 | 0.8593 | 0.8556 | 0.0475 | 0.8970 | 0.8619 | 0.8501
0082 | 12:01:15 |  15.2s | 1.0e-04 | 0.0485 | 0.9016 | 0.8585 | 0.8542 | 0.0478 | 0.8862 | 0.8743 | 0.8503
0083 | 12:01:37 |  15.0s | 1.0e-04 | 0.0485 | 0.9011 | 0.8578 | 0.8524 | 0.0476 | 0.9034 | 0.8539 | 0.8477
0084 | 12:01:58 |  16.9s | 1.0e-04 | 0.0475 | 0.9022 | 0.8602 | 0.8566 | 0.0477 | 0.8863 | 0.8744 | 0.8507
0085 | 12:02:21 |  15.1s | 1.0e-04 | 0.0455 | 0.9048 | 0.8614 | 0.8598 | 0.0472 | 0.9017 | 0.8586 | 0.8515
0086 | 12:02:43 |  15.0s | 1.0e-04 | 0.0451 | 0.9043 | 0.8619 | 0.8601 | 0.0476 | 0.8898 | 0.8690 | 0.8515
0087 | 12:03:04 |  14.9s | 1.0e-04 | 0.0453 | 0.9041 | 0.8643 | 0.8631 | 0.0471 | 0.8974 | 0.8633 | 0.8518
0088 | 12:03:25 |  14.7s | 1.0e-04 | 0.0453 | 0.9031 | 0.8641 | 0.8616 | 0.0470 | 0.9041 | 0.8564 | 0.8524
0089 | 12:03:46 |  15.4s | 1.0e-04 | 0.0451 | 0.9057 | 0.8637 | 0.8650 | 0.0468 | 0.9008 | 0.8604 | 0.8542
0090 | 12:04:07 |  15.7s | 1.0e-04 | 0.0444 | 0.9060 | 0.8649 | 0.8656 | 0.0464 | 0.8980 | 0.8659 | 0.8573
0091 | 12:04:30 |  15.8s | 1.0e-04 | 0.0444 | 0.9061 | 0.8650 | 0.8659 | 0.0467 | 0.9056 | 0.8561 | 0.8541
0092 | 12:04:52 |  14.9s | 1.0e-04 | 0.0443 | 0.9059 | 0.8654 | 0.8667 | 0.0470 | 0.8873 | 0.8752 | 0.8548
0093 | 12:05:13 |  15.4s | 1.0e-04 | 0.0439 | 0.9081 | 0.8679 | 0.8725 | 0.0463 | 0.9093 | 0.8533 | 0.8581
0094 | 12:05:35 |  15.0s | 1.0e-04 | 0.0438 | 0.9065 | 0.8659 | 0.8682 | 0.0465 | 0.8915 | 0.8734 | 0.8591
0095 | 12:05:56 |  15.1s | 1.0e-04 | 0.0439 | 0.9068 | 0.8678 | 0.8718 | 0.0460 | 0.9006 | 0.8643 | 0.8592
0096 | 12:06:17 |  14.8s | 1.0e-04 | 0.0436 | 0.9065 | 0.8672 | 0.8704 | 0.0458 | 0.9058 | 0.8591 | 0.8596
0097 | 12:06:38 |  14.8s | 1.0e-04 | 0.0436 | 0.9072 | 0.8665 | 0.8698 | 0.0460 | 0.8926 | 0.8745 | 0.8608
0098 | 12:06:59 |  14.7s | 1.0e-04 | 0.0432 | 0.9088 | 0.8703 | 0.8761 | 0.0459 | 0.9019 | 0.8639 | 0.8597
0099 | 12:07:20 |  14.7s | 1.0e-04 | 0.0434 | 0.9073 | 0.8689 | 0.8737 | 0.0464 | 0.9208 | 0.8395 | 0.8608
0100 | 12:07:41 |  14.9s | 1.0e-04 | 0.0433 | 0.9072 | 0.8685 | 0.8725 | 0.0462 | 0.9194 | 0.8409 | 0.8609
0101 | 12:08:02 |  14.7s | 1.0e-04 | 0.0429 | 0.9052 | 0.8599 | 0.8573 | 0.0454 | 0.9054 | 0.8633 | 0.8627
0102 | 12:08:23 |  14.7s | 1.0e-04 | 0.0430 | 0.9042 | 0.8563 | 0.8518 | 0.0459 | 0.9208 | 0.8416 | 0.8633
0103 | 12:08:44 |  14.9s | 1.0e-04 | 0.0428 | 0.9039 | 0.8555 | 0.8502 | 0.0454 | 0.8997 | 0.8694 | 0.8633
0104 | 12:09:05 |  14.7s | 1.0e-04 | 0.0427 | 0.9033 | 0.8560 | 0.8515 | 0.0450 | 0.8970 | 0.8748 | 0.8667
0105 | 12:09:26 |  14.8s | 1.0e-04 | 0.0426 | 0.9042 | 0.8560 | 0.8517 | 0.0448 | 0.8990 | 0.8731 | 0.8654
0106 | 12:09:46 |  14.7s | 1.0e-04 | 0.0427 | 0.9028 | 0.8571 | 0.8520 | 0.0448 | 0.9097 | 0.8602 | 0.8655
0107 | 12:10:07 |  14.7s | 1.0e-04 | 0.0423 | 0.9038 | 0.8571 | 0.8546 | 0.0455 | 0.9232 | 0.8407 | 0.8673
0108 | 12:10:28 |  14.9s | 1.0e-04 | 0.0425 | 0.9038 | 0.8587 | 0.8561 | 0.0443 | 0.9046 | 0.8691 | 0.8693
0109 | 12:10:49 |  14.6s | 1.0e-04 | 0.0422 | 0.9039 | 0.8578 | 0.8547 | 0.0447 | 0.9046 | 0.8671 | 0.8677
0110 | 12:11:10 |  14.8s | 1.0e-04 | 0.0423 | 0.9040 | 0.8584 | 0.8563 | 0.0446 | 0.9119 | 0.8578 | 0.8692
0111 | 12:11:31 |  14.7s | 1.0e-04 | 0.0419 | 0.9052 | 0.8585 | 0.8569 | 0.0442 | 0.9126 | 0.8596 | 0.8697
0112 | 12:11:51 |  14.7s | 1.0e-04 | 0.0419 | 0.9050 | 0.8590 | 0.8584 | 0.0443 | 0.9122 | 0.8583 | 0.8696
0113 | 12:12:12 |  14.8s | 1.0e-04 | 0.0416 | 0.9042 | 0.8609 | 0.8605 | 0.0447 | 0.9181 | 0.8502 | 0.8699
0114 | 12:12:33 |  14.6s | 1.0e-04 | 0.0421 | 0.9038 | 0.8597 | 0.8566 | 0.0440 | 0.9146 | 0.8577 | 0.8724
0115 | 12:12:54 |  14.6s | 1.0e-04 | 0.0416 | 0.9038 | 0.8615 | 0.8611 | 0.0441 | 0.9040 | 0.8693 | 0.8709
0116 | 12:13:15 |  14.6s | 1.0e-04 | 0.0416 | 0.9038 | 0.8611 | 0.8610 | 0.0439 | 0.9141 | 0.8590 | 0.8742
0117 | 12:13:35 |  14.7s | 1.0e-04 | 0.0409 | 0.9056 | 0.8638 | 0.8652 | 0.0437 | 0.9061 | 0.8687 | 0.8738
0118 | 12:13:56 |  14.8s | 1.0e-04 | 0.0412 | 0.9044 | 0.8630 | 0.8634 | 0.0438 | 0.9045 | 0.8721 | 0.8748
0119 | 12:14:17 |  15.1s | 1.0e-04 | 0.0405 | 0.9038 | 0.8612 | 0.8602 | 0.0448 | 0.9025 | 0.8678 | 0.8665
0120 | 12:14:38 |  14.8s | 1.0e-04 | 0.0402 | 0.9022 | 0.8581 | 0.8527 | 0.0439 | 0.9157 | 0.8554 | 0.8722
0121 | 12:14:59 |  14.9s | 1.0e-04 | 0.0404 | 0.9018 | 0.8556 | 0.8501 | 0.0436 | 0.9035 | 0.8721 | 0.8734
0122 | 12:15:20 |  14.9s | 1.0e-04 | 0.0397 | 0.9026 | 0.8587 | 0.8558 | 0.0437 | 0.9031 | 0.8725 | 0.8732
0123 | 12:15:41 |  14.8s | 1.0e-04 | 0.0396 | 0.9028 | 0.8595 | 0.8561 | 0.0434 | 0.9076 | 0.8686 | 0.8753
0124 | 12:16:02 |  14.8s | 1.0e-04 | 0.0397 | 0.9038 | 0.8605 | 0.8584 | 0.0434 | 0.8982 | 0.8800 | 0.8761
0125 | 12:16:23 |  14.7s | 1.0e-04 | 0.0394 | 0.9033 | 0.8608 | 0.8575 | 0.0430 | 0.9020 | 0.8758 | 0.8774
0126 | 12:16:44 |  14.8s | 1.0e-04 | 0.0390 | 0.9030 | 0.8614 | 0.8596 | 0.0429 | 0.9111 | 0.8670 | 0.8784
0127 | 12:17:05 |  14.8s | 1.0e-04 | 0.0394 | 0.9044 | 0.8618 | 0.8604 | 0.0429 | 0.8988 | 0.8816 | 0.8787
0128 | 12:17:26 |  14.8s | 1.0e-04 | 0.0393 | 0.9028 | 0.8599 | 0.8580 | 0.0428 | 0.9080 | 0.8718 | 0.8783
0129 | 12:17:47 |  14.8s | 1.0e-04 | 0.0387 | 0.9042 | 0.8633 | 0.8629 | 0.0427 | 0.9046 | 0.8765 | 0.8803
0130 | 12:18:08 |  14.9s | 1.0e-04 | 0.0391 | 0.9031 | 0.8630 | 0.8618 | 0.0426 | 0.9099 | 0.8709 | 0.8815
0131 | 12:18:29 |  14.8s | 1.0e-04 | 0.0387 | 0.9040 | 0.8637 | 0.8647 | 0.0426 | 0.9047 | 0.8767 | 0.8816
0132 | 12:18:50 |  14.7s | 1.0e-04 | 0.0387 | 0.9046 | 0.8647 | 0.8649 | 0.0425 | 0.9118 | 0.8699 | 0.8816
0133 | 12:19:11 |  15.0s | 1.0e-04 | 0.0386 | 0.9053 | 0.8656 | 0.8674 | 0.0426 | 0.9186 | 0.8607 | 0.8815
0134 | 12:19:32 |  14.8s | 1.0e-04 | 0.0391 | 0.9033 | 0.8631 | 0.8620 | 0.0425 | 0.9070 | 0.8733 | 0.8816
0135 | 12:19:53 |  14.8s | 1.0e-04 | 0.0384 | 0.9048 | 0.8655 | 0.8655 | 0.0423 | 0.9048 | 0.8790 | 0.8826
0136 | 12:20:14 |  15.0s | 1.0e-04 | 0.0401 | 0.9046 | 0.8696 | 0.8724 | 0.0427 | 0.9234 | 0.8539 | 0.8831
0137 | 12:20:36 |  15.0s | 1.0e-04 | 0.0429 | 0.9090 | 0.8832 | 0.8936 | 0.0417 | 0.9073 | 0.8780 | 0.8855
0138 | 12:20:57 |  15.1s | 1.0e-04 | 0.0431 | 0.9086 | 0.8834 | 0.8922 | 0.0418 | 0.9016 | 0.8837 | 0.8851
0139 | 12:21:18 |  14.9s | 1.0e-04 | 0.0422 | 0.9097 | 0.8844 | 0.8942 | 0.0414 | 0.9095 | 0.8775 | 0.8873
0140 | 12:21:39 |  14.7s | 1.0e-04 | 0.0419 | 0.9099 | 0.8843 | 0.8950 | 0.0419 | 0.9220 | 0.8611 | 0.8875
0141 | 12:22:00 |  20.2s | 1.0e-04 | 0.0423 | 0.9100 | 0.8843 | 0.8953 | 0.0415 | 0.9050 | 0.8808 | 0.8863
0142 | 12:22:26 |  14.2s | 1.0e-04 | 0.0419 | 0.9110 | 0.8873 | 0.8989 | 0.0415 | 0.9047 | 0.8800 | 0.8861
0143 | 12:22:46 |  14.2s | 1.0e-04 | 0.0418 | 0.9113 | 0.8869 | 0.8988 | 0.0412 | 0.9078 | 0.8801 | 0.8882
0144 | 12:23:06 |  14.1s | 1.0e-04 | 0.0416 | 0.9110 | 0.8870 | 0.8988 | 0.0411 | 0.9090 | 0.8787 | 0.8874
0145 | 12:23:25 |  14.1s | 1.0e-04 | 0.0412 | 0.9113 | 0.8873 | 0.8992 | 0.0407 | 0.9104 | 0.8811 | 0.8910
0146 | 12:23:45 |  14.0s | 1.0e-04 | 0.0415 | 0.9109 | 0.8877 | 0.8996 | 0.0409 | 0.9059 | 0.8843 | 0.8903
0147 | 12:24:05 |  14.2s | 1.0e-04 | 0.0413 | 0.9118 | 0.8880 | 0.9001 | 0.0414 | 0.8907 | 0.8993 | 0.8898
0148 | 12:24:25 |  14.1s | 1.0e-04 | 0.0415 | 0.9112 | 0.8891 | 0.9007 | 0.0409 | 0.9047 | 0.8853 | 0.8895
0149 | 12:24:45 |  14.1s | 1.0e-04 | 0.0414 | 0.9109 | 0.8869 | 0.8984 | 0.0407 | 0.9004 | 0.8916 | 0.8920
0150 | 12:25:05 |  14.1s | 1.0e-04 | 0.0412 | 0.9116 | 0.8884 | 0.9009 | 0.0410 | 0.8937 | 0.8982 | 0.8917
0151 | 12:25:25 |  14.3s | 1.0e-04 | 0.0409 | 0.9118 | 0.8903 | 0.9034 | 0.0407 | 0.9159 | 0.8740 | 0.8920
0152 | 12:25:45 |  14.1s | 1.0e-04 | 0.0403 | 0.9135 | 0.8898 | 0.9037 | 0.0405 | 0.9115 | 0.8803 | 0.8924
0153 | 12:26:05 |  14.2s | 1.0e-04 | 0.0384 | 0.9124 | 0.8854 | 0.8984 | 0.0402 | 0.9136 | 0.8792 | 0.8948
0154 | 12:26:25 |  13.9s | 1.0e-04 | 0.0383 | 0.9123 | 0.8870 | 0.8993 | 0.0402 | 0.9128 | 0.8801 | 0.8933
0155 | 12:26:44 |  14.2s | 1.0e-04 | 0.0381 | 0.9124 | 0.8868 | 0.9008 | 0.0405 | 0.9038 | 0.8899 | 0.8933
0156 | 12:27:04 |  14.2s | 1.0e-04 | 0.0378 | 0.9134 | 0.8882 | 0.9025 | 0.0403 | 0.9164 | 0.8749 | 0.8945
0157 | 12:27:24 |  14.3s | 1.0e-04 | 0.0378 | 0.9129 | 0.8874 | 0.9002 | 0.0403 | 0.9164 | 0.8767 | 0.8952
0158 | 12:27:45 |  14.2s | 1.0e-04 | 0.0379 | 0.9129 | 0.8870 | 0.9002 | 0.0401 | 0.9201 | 0.8733 | 0.8965
0159 | 12:28:05 |  14.0s | 1.0e-04 | 0.0375 | 0.9148 | 0.8905 | 0.9061 | 0.0401 | 0.9238 | 0.8688 | 0.8975
0160 | 12:28:24 |  14.1s | 1.0e-04 | 0.0374 | 0.9137 | 0.8875 | 0.9024 | 0.0401 | 0.9128 | 0.8819 | 0.8941
0161 | 12:28:44 |  14.0s | 1.0e-04 | 0.0375 | 0.9135 | 0.8894 | 0.9036 | 0.0397 | 0.9070 | 0.8918 | 0.8983
0162 | 12:29:04 |  14.0s | 1.0e-04 | 0.0374 | 0.9144 | 0.8895 | 0.9045 | 0.0397 | 0.9097 | 0.8866 | 0.8968
0163 | 12:29:24 |  14.0s | 1.0e-04 | 0.0374 | 0.9146 | 0.8906 | 0.9060 | 0.0406 | 0.9232 | 0.8679 | 0.8967
0164 | 12:29:43 |  14.2s | 1.0e-04 | 0.0374 | 0.9148 | 0.8910 | 0.9064 | 0.0405 | 0.9312 | 0.8589 | 0.8987
0165 | 12:30:03 |  14.1s | 1.0e-04 | 0.0370 | 0.9150 | 0.8928 | 0.9085 | 0.0396 | 0.9088 | 0.8898 | 0.8982
0166 | 12:30:23 |  13.9s | 1.0e-04 | 0.0368 | 0.9154 | 0.8929 | 0.9088 | 0.0392 | 0.9057 | 0.8937 | 0.9001
0167 | 12:30:43 |  14.3s | 1.0e-04 | 0.0368 | 0.9154 | 0.8920 | 0.9076 | 0.0395 | 0.9084 | 0.8899 | 0.8988
0168 | 12:31:03 |  14.0s | 1.0e-04 | 0.0367 | 0.9147 | 0.8918 | 0.9071 | 0.0390 | 0.9109 | 0.8897 | 0.9012
0169 | 12:31:23 |  14.2s | 1.0e-04 | 0.0366 | 0.9157 | 0.8933 | 0.9096 | 0.0392 | 0.9066 | 0.8939 | 0.9009
0170 | 12:31:43 |  14.1s | 1.0e-04 | 0.0388 | 0.9126 | 0.8863 | 0.8995 | 0.0397 | 0.9109 | 0.8865 | 0.8982
0171 | 12:32:03 |  14.0s | 1.0e-04 | 0.0375 | 0.9135 | 0.8878 | 0.9019 | 0.0393 | 0.9095 | 0.8911 | 0.9006
0172 | 12:32:23 |  14.1s | 1.0e-04 | 0.0369 | 0.9141 | 0.8892 | 0.9043 | 0.0389 | 0.9124 | 0.8885 | 0.9012
0173 | 12:32:42 |  14.0s | 1.0e-04 | 0.0365 | 0.9147 | 0.8909 | 0.9059 | 0.0388 | 0.9112 | 0.8909 | 0.9022
0174 | 12:33:02 |  13.8s | 1.0e-04 | 0.0366 | 0.9151 | 0.8907 | 0.9066 | 0.0387 | 0.9124 | 0.8900 | 0.9025
0175 | 12:33:22 |  13.9s | 1.0e-04 | 0.0364 | 0.9154 | 0.8911 | 0.9069 | 0.0389 | 0.9134 | 0.8885 | 0.9016
0176 | 12:33:41 |  14.1s | 1.0e-04 | 0.0365 | 0.9148 | 0.8905 | 0.9061 | 0.0386 | 0.9078 | 0.8948 | 0.9028
0177 | 12:34:01 |  13.9s | 1.0e-04 | 0.0364 | 0.9151 | 0.8919 | 0.9077 | 0.0385 | 0.9128 | 0.8903 | 0.9049
0178 | 12:34:21 |  14.1s | 1.0e-04 | 0.0363 | 0.9157 | 0.8927 | 0.9091 | 0.0387 | 0.9037 | 0.8999 | 0.9037
0179 | 12:34:41 |  14.0s | 1.0e-04 | 0.0366 | 0.9150 | 0.8913 | 0.9068 | 0.0386 | 0.9017 | 0.9037 | 0.9055
0180 | 12:35:00 |  14.1s | 1.0e-04 | 0.0362 | 0.9152 | 0.8912 | 0.9069 | 0.0384 | 0.9061 | 0.8995 | 0.9057
0181 | 12:35:20 |  14.0s | 1.0e-04 | 0.0359 | 0.9151 | 0.8923 | 0.9074 | 0.0388 | 0.9083 | 0.8937 | 0.9023
0182 | 12:35:40 |  14.0s | 1.0e-04 | 0.0363 | 0.9150 | 0.8911 | 0.9070 | 0.0382 | 0.9203 | 0.8827 | 0.9055
0183 | 12:36:00 |  14.0s | 1.0e-04 | 0.0362 | 0.9156 | 0.8915 | 0.9076 | 0.0382 | 0.9068 | 0.8985 | 0.9052
0184 | 12:36:20 |  14.2s | 1.0e-04 | 0.0358 | 0.9163 | 0.8933 | 0.9103 | 0.0381 | 0.9183 | 0.8853 | 0.9062
0185 | 12:36:40 |  13.9s | 1.0e-04 | 0.0361 | 0.9162 | 0.8935 | 0.9100 | 0.0379 | 0.9141 | 0.8926 | 0.9079
0186 | 12:37:00 |  14.0s | 1.0e-04 | 0.0359 | 0.9169 | 0.8934 | 0.9109 | 0.0380 | 0.9107 | 0.8960 | 0.9071
0187 | 12:37:19 |  14.1s | 1.0e-04 | 0.0356 | 0.9168 | 0.8948 | 0.9124 | 0.0385 | 0.9284 | 0.8745 | 0.9070
0188 | 12:37:39 |  14.1s | 1.0e-04 | 0.0379 | 0.9135 | 0.8913 | 0.9053 | 0.0385 | 0.9301 | 0.8715 | 0.9084
0189 | 12:37:59 |  14.2s | 1.0e-04 | 0.0376 | 0.9131 | 0.8897 | 0.9037 | 0.0387 | 0.9302 | 0.8688 | 0.9057
0190 | 12:38:19 |  14.3s | 1.0e-04 | 0.0387 | 0.9120 | 0.8899 | 0.9019 | 0.0383 | 0.9145 | 0.8883 | 0.9033
0191 | 12:38:39 |  14.1s | 1.0e-04 | 0.0377 | 0.9131 | 0.8908 | 0.9047 | 0.0377 | 0.9197 | 0.8875 | 0.9087
0192 | 12:39:00 |  14.2s | 1.0e-04 | 0.0375 | 0.9132 | 0.8923 | 0.9061 | 0.0378 | 0.9111 | 0.8966 | 0.9074
0193 | 12:39:20 |  20.1s | 1.0e-04 | 0.0374 | 0.9145 | 0.8925 | 0.9077 | 0.0376 | 0.9108 | 0.8981 | 0.9091
0194 | 12:39:46 |  14.1s | 1.0e-04 | 0.0373 | 0.9144 | 0.8926 | 0.9073 | 0.0383 | 0.9337 | 0.8690 | 0.9109
0195 | 12:40:06 |  14.1s | 1.0e-04 | 0.0375 | 0.9138 | 0.8917 | 0.9057 | 0.0378 | 0.9092 | 0.8993 | 0.9085
0196 | 12:40:26 |  14.1s | 1.0e-04 | 0.0375 | 0.9143 | 0.8921 | 0.9073 | 0.0375 | 0.9192 | 0.8885 | 0.9096
0197 | 12:40:46 |  14.2s | 1.0e-04 | 0.0372 | 0.9141 | 0.8911 | 0.9054 | 0.0376 | 0.9127 | 0.8955 | 0.9089
0198 | 12:41:06 |  14.1s | 1.0e-04 | 0.0372 | 0.9152 | 0.8928 | 0.9082 | 0.0371 | 0.9187 | 0.8922 | 0.9123
0199 | 12:41:26 |  14.1s | 1.0e-04 | 0.0374 | 0.9144 | 0.8928 | 0.9079 | 0.0373 | 0.9103 | 0.9009 | 0.9113
0200 | 12:41:46 |  14.2s | 1.0e-04 | 0.0377 | 0.9132 | 0.8915 | 0.9053 | 0.0378 | 0.9067 | 0.9019 | 0.9087
0201 | 12:42:06 |  14.0s | 1.0e-04 | 0.0375 | 0.9138 | 0.8921 | 0.9070 | 0.0376 | 0.9086 | 0.9028 | 0.9113
0202 | 12:42:26 |  14.1s | 1.0e-04 | 0.0370 | 0.9147 | 0.8933 | 0.9087 | 0.0372 | 0.9190 | 0.8898 | 0.9109
0203 | 12:42:47 |  14.0s | 1.0e-04 | 0.0371 | 0.9141 | 0.8920 | 0.9070 | 0.0374 | 0.9077 | 0.9031 | 0.9108
0204 | 12:43:06 |  14.3s | 1.0e-04 | 0.0368 | 0.9149 | 0.8938 | 0.9095 | 0.0374 | 0.9145 | 0.8953 | 0.9110
0205 | 12:43:27 |  14.1s | 1.0e-04 | 0.0349 | 0.9162 | 0.8949 | 0.9119 | 0.0377 | 0.9308 | 0.8738 | 0.9111
0206 | 12:43:46 |  13.8s | 1.0e-04 | 0.0348 | 0.9179 | 0.8960 | 0.9145 | 0.0370 | 0.9164 | 0.8952 | 0.9125
0207 | 12:44:06 |  14.2s | 1.0e-04 | 0.0351 | 0.9169 | 0.8946 | 0.9122 | 0.0368 | 0.9157 | 0.8972 | 0.9133
0208 | 12:44:26 |  14.1s | 1.0e-04 | 0.0350 | 0.9159 | 0.8950 | 0.9113 | 0.0366 | 0.9196 | 0.8953 | 0.9158
0209 | 12:44:46 |  14.1s | 1.0e-04 | 0.0351 | 0.9171 | 0.8966 | 0.9141 | 0.0366 | 0.9180 | 0.8950 | 0.9139
0210 | 12:45:06 |  14.2s | 1.0e-04 | 0.0345 | 0.9166 | 0.8968 | 0.9138 | 0.0384 | 0.9403 | 0.8623 | 0.9147
0211 | 12:45:26 |  14.3s | 1.0e-04 | 0.0347 | 0.9166 | 0.8958 | 0.9131 | 0.0369 | 0.9289 | 0.8815 | 0.9155
0212 | 12:45:46 |  14.1s | 1.0e-04 | 0.0347 | 0.9181 | 0.8973 | 0.9158 | 0.0367 | 0.9169 | 0.8955 | 0.9127
0213 | 12:46:06 |  14.3s | 1.0e-04 | 0.0344 | 0.9185 | 0.8970 | 0.9160 | 0.0370 | 0.9294 | 0.8801 | 0.9139
0214 | 12:46:26 |  14.1s | 1.0e-04 | 0.0345 | 0.9171 | 0.8961 | 0.9135 | 0.0364 | 0.9204 | 0.8942 | 0.9153
0215 | 12:46:46 |  14.1s | 1.0e-04 | 0.0346 | 0.9176 | 0.8980 | 0.9159 | 0.0363 | 0.9237 | 0.8918 | 0.9167
0216 | 12:47:06 |  14.2s | 1.0e-04 | 0.0346 | 0.9189 | 0.8982 | 0.9172 | 0.0367 | 0.9197 | 0.8919 | 0.9131
0217 | 12:47:26 |  14.2s | 1.0e-04 | 0.0345 | 0.9184 | 0.8967 | 0.9156 | 0.0362 | 0.9173 | 0.8988 | 0.9164
0218 | 12:47:47 |  14.2s | 1.0e-04 | 0.0344 | 0.9180 | 0.8976 | 0.9159 | 0.0360 | 0.9228 | 0.8932 | 0.9168
0219 | 12:48:07 |  14.1s | 1.0e-04 | 0.0343 | 0.9185 | 0.8974 | 0.9159 | 0.0362 | 0.9188 | 0.8971 | 0.9159
0220 | 12:48:27 |  14.1s | 1.0e-04 | 0.0342 | 0.9180 | 0.8982 | 0.9165 | 0.0363 | 0.9088 | 0.9069 | 0.9158
0221 | 12:48:47 |  14.1s | 1.0e-04 | 0.0344 | 0.9185 | 0.8987 | 0.9171 | 0.0362 | 0.9087 | 0.9086 | 0.9166
0222 | 12:49:07 |  14.1s | 1.0e-04 | 0.0375 | 0.9185 | 0.9032 | 0.9211 | 0.0361 | 0.9144 | 0.9028 | 0.9167
0223 | 12:49:27 |  14.0s | 1.0e-04 | 0.0369 | 0.9197 | 0.9032 | 0.9227 | 0.0360 | 0.9132 | 0.9055 | 0.9184
0224 | 12:49:47 |  14.2s | 1.0e-04 | 0.0365 | 0.9201 | 0.9061 | 0.9250 | 0.0367 | 0.9322 | 0.8778 | 0.9159
0225 | 12:50:07 |  13.9s | 1.0e-04 | 0.0371 | 0.9192 | 0.9037 | 0.9223 | 0.0360 | 0.9081 | 0.9108 | 0.9180
0226 | 12:50:26 |  14.3s | 1.0e-04 | 0.0367 | 0.9214 | 0.9054 | 0.9256 | 0.0356 | 0.9179 | 0.9012 | 0.9187
0227 | 12:50:47 |  14.0s | 1.0e-04 | 0.0364 | 0.9211 | 0.9052 | 0.9251 | 0.0357 | 0.9161 | 0.9039 | 0.9195
0228 | 12:51:06 |  13.9s | 1.0e-04 | 0.0361 | 0.9214 | 0.9063 | 0.9266 | 0.0359 | 0.9121 | 0.9068 | 0.9181
0229 | 12:51:26 |  14.0s | 1.0e-04 | 0.0364 | 0.9209 | 0.9059 | 0.9256 | 0.0356 | 0.9152 | 0.9049 | 0.9201
0230 | 12:51:46 |  14.1s | 1.0e-04 | 0.0368 | 0.9196 | 0.9051 | 0.9240 | 0.0357 | 0.9124 | 0.9078 | 0.9189
0231 | 12:52:06 |  14.0s | 1.0e-04 | 0.0365 | 0.9201 | 0.9048 | 0.9243 | 0.0358 | 0.9160 | 0.9031 | 0.9189
0232 | 12:52:26 |  14.3s | 1.0e-04 | 0.0360 | 0.9206 | 0.9061 | 0.9254 | 0.0358 | 0.9129 | 0.9061 | 0.9181
0233 | 12:52:46 |  14.1s | 1.0e-04 | 0.0363 | 0.9213 | 0.9072 | 0.9274 | 0.0359 | 0.9062 | 0.9133 | 0.9200
0234 | 12:53:06 |  14.0s | 1.0e-04 | 0.0362 | 0.9211 | 0.9073 | 0.9266 | 0.0352 | 0.9186 | 0.9038 | 0.9218
0235 | 12:53:26 |  14.2s | 1.0e-04 | 0.0363 | 0.9203 | 0.9061 | 0.9249 | 0.0354 | 0.9128 | 0.9093 | 0.9209
0236 | 12:53:46 |  14.2s | 1.0e-04 | 0.0362 | 0.9208 | 0.9063 | 0.9258 | 0.0353 | 0.9181 | 0.9037 | 0.9212
0237 | 12:54:06 |  14.1s | 1.0e-04 | 0.0360 | 0.9210 | 0.9073 | 0.9270 | 0.0353 | 0.9222 | 0.8985 | 0.9211
0238 | 12:54:26 |  14.2s | 1.0e-04 | 0.0362 | 0.9215 | 0.9062 | 0.9266 | 0.0352 | 0.9196 | 0.9016 | 0.9214
0239 | 12:54:46 |  13.9s | 1.0e-04 | 0.0359 | 0.9201 | 0.9046 | 0.9240 | 0.0351 | 0.9196 | 0.9026 | 0.9219
0240 | 12:55:06 |  14.1s | 1.0e-04 | 0.0360 | 0.9199 | 0.9037 | 0.9230 | 0.0352 | 0.9183 | 0.9047 | 0.9216
0241 | 12:55:25 |  14.1s | 1.0e-04 | 0.0358 | 0.9207 | 0.9039 | 0.9240 | 0.0349 | 0.9154 | 0.9084 | 0.9228
0242 | 12:55:45 |  13.9s | 1.0e-04 | 0.0359 | 0.9207 | 0.9043 | 0.9240 | 0.0348 | 0.9206 | 0.9031 | 0.9232
0243 | 12:56:05 |  14.1s | 1.0e-04 | 0.0357 | 0.9213 | 0.9050 | 0.9250 | 0.0349 | 0.9110 | 0.9137 | 0.9230
0244 | 12:56:25 |  14.1s | 1.0e-04 | 0.0358 | 0.9207 | 0.9045 | 0.9245 | 0.0349 | 0.9153 | 0.9076 | 0.9226
0245 | 12:56:45 |  14.0s | 1.0e-04 | 0.0357 | 0.9204 | 0.9054 | 0.9248 | 0.0351 | 0.9262 | 0.8949 | 0.9225
0246 | 12:57:04 |  14.0s | 1.0e-04 | 0.0357 | 0.9209 | 0.9049 | 0.9248 | 0.0346 | 0.9240 | 0.9002 | 0.9242
0247 | 12:57:24 |  14.2s | 1.0e-04 | 0.0356 | 0.9214 | 0.9055 | 0.9261 | 0.0351 | 0.9220 | 0.8994 | 0.9214
0248 | 12:57:44 |  14.2s | 1.0e-04 | 0.0357 | 0.9217 | 0.9061 | 0.9264 | 0.0348 | 0.9183 | 0.9065 | 0.9237
0249 | 12:58:04 |  14.1s | 1.0e-04 | 0.0357 | 0.9208 | 0.9048 | 0.9247 | 0.0346 | 0.9225 | 0.9026 | 0.9249
0250 | 12:58:24 |  13.9s | 1.0e-04 | 0.0351 | 0.9212 | 0.9053 | 0.9257 | 0.0350 | 0.9157 | 0.9070 | 0.9219
0251 | 12:58:44 |  14.1s | 1.0e-04 | 0.0355 | 0.9218 | 0.9063 | 0.9269 | 0.0347 | 0.9263 | 0.8978 | 0.9244
0252 | 12:59:04 |  14.0s | 1.0e-04 | 0.0354 | 0.9204 | 0.9058 | 0.9256 | 0.0345 | 0.9268 | 0.8974 | 0.9247
0253 | 12:59:23 |  14.0s | 1.0e-04 | 0.0354 | 0.9218 | 0.9061 | 0.9268 | 0.0344 | 0.9171 | 0.9095 | 0.9259
0254 | 12:59:43 |  14.0s | 1.0e-04 | 0.0353 | 0.9214 | 0.9059 | 0.9265 | 0.0344 | 0.9143 | 0.9129 | 0.9258
0255 | 13:00:03 |  14.2s | 1.0e-04 | 0.0358 | 0.9188 | 0.9001 | 0.9188 | 0.0354 | 0.9188 | 0.9022 | 0.9212
0256 | 13:00:23 |  14.0s | 1.0e-04 | 0.0359 | 0.9180 | 0.8989 | 0.9169 | 0.0352 | 0.9158 | 0.9059 | 0.9214
0257 | 13:00:43 |  14.0s | 1.0e-04 | 0.0352 | 0.9182 | 0.8998 | 0.9180 | 0.0351 | 0.9179 | 0.9052 | 0.9224
0258 | 13:01:03 |  14.1s | 1.0e-04 | 0.0357 | 0.9167 | 0.8984 | 0.9154 | 0.0353 | 0.9252 | 0.8967 | 0.9223
0259 | 13:01:23 |  14.0s | 1.0e-04 | 0.0355 | 0.9180 | 0.8988 | 0.9169 | 0.0356 | 0.9202 | 0.8986 | 0.9191
0260 | 13:01:43 |  14.1s | 1.0e-04 | 0.0353 | 0.9178 | 0.8990 | 0.9169 | 0.0352 | 0.9258 | 0.8955 | 0.9219
0261 | 13:02:03 |  14.0s | 1.0e-04 | 0.0352 | 0.9181 | 0.8991 | 0.9174 | 0.0353 | 0.9247 | 0.8960 | 0.9214
0262 | 13:02:23 |  13.9s | 1.0e-04 | 0.0352 | 0.9182 | 0.8995 | 0.9177 | 0.0351 | 0.9202 | 0.9031 | 0.9228
0263 | 13:02:42 |  14.0s | 1.0e-04 | 0.0350 | 0.9184 | 0.8991 | 0.9175 | 0.0352 | 0.9253 | 0.8956 | 0.9215
0264 | 13:03:02 |  14.1s | 1.0e-04 | 0.0352 | 0.9183 | 0.9002 | 0.9185 | 0.0352 | 0.9244 | 0.8964 | 0.9213
0265 | 13:03:22 |  14.2s | 1.0e-04 | 0.0350 | 0.9185 | 0.8996 | 0.9182 | 0.0353 | 0.9273 | 0.8926 | 0.9215
0266 | 13:03:42 |  13.9s | 1.0e-04 | 0.0353 | 0.9182 | 0.8999 | 0.9181 | 0.0354 | 0.9202 | 0.9005 | 0.9207
0267 | 13:04:02 |  14.1s | 1.0e-04 | 0.0350 | 0.9181 | 0.9004 | 0.9185 | 0.0347 | 0.9251 | 0.8995 | 0.9245
0268 | 13:04:22 |  14.1s | 1.0e-04 | 0.0353 | 0.9180 | 0.8997 | 0.9178 | 0.0355 | 0.9188 | 0.9005 | 0.9191
0269 | 13:04:42 |  14.1s | 1.0e-04 | 0.0349 | 0.9182 | 0.8995 | 0.9178 | 0.0356 | 0.9279 | 0.8915 | 0.9208
0270 | 13:05:02 |  14.0s | 1.0e-04 | 0.0353 | 0.9187 | 0.9004 | 0.9191 | 0.0352 | 0.9179 | 0.9041 | 0.9216
0271 | 13:05:22 |  13.9s | 1.0e-04 | 0.0354 | 0.9189 | 0.8995 | 0.9185 | 0.0350 | 0.9234 | 0.8988 | 0.9222
0272 | 13:05:42 |  14.2s | 1.0e-04 | 0.0354 | 0.9226 | 0.9099 | 0.9305 | 0.0343 | 0.9166 | 0.9102 | 0.9259
0273 | 13:06:02 |  14.1s | 1.0e-04 | 0.0359 | 0.9227 | 0.9111 | 0.9312 | 0.0340 | 0.9160 | 0.9135 | 0.9277
0274 | 13:06:22 |  14.0s | 1.0e-04 | 0.0348 | 0.9246 | 0.9133 | 0.9350 | 0.0337 | 0.9244 | 0.9045 | 0.9283
0275 | 13:06:42 |  14.1s | 1.0e-04 | 0.0352 | 0.9246 | 0.9125 | 0.9345 | 0.0342 | 0.9127 | 0.9143 | 0.9267
0276 | 13:07:02 |  14.1s | 1.0e-04 | 0.0352 | 0.9247 | 0.9126 | 0.9347 | 0.0337 | 0.9246 | 0.9067 | 0.9296
0277 | 13:07:22 |  14.0s | 1.0e-04 | 0.0349 | 0.9247 | 0.9123 | 0.9344 | 0.0348 | 0.9043 | 0.9233 | 0.9273
0278 | 13:07:42 |  14.1s | 1.0e-04 | 0.0350 | 0.9242 | 0.9126 | 0.9340 | 0.0338 | 0.9292 | 0.9002 | 0.9294
0279 | 13:08:02 |  14.1s | 1.0e-04 | 0.0351 | 0.9247 | 0.9126 | 0.9348 | 0.0337 | 0.9304 | 0.8980 | 0.9287
0280 | 13:08:22 |  13.8s | 1.0e-04 | 0.0349 | 0.9255 | 0.9128 | 0.9348 | 0.0335 | 0.9211 | 0.9096 | 0.9295
0281 | 13:08:42 |  14.2s | 1.0e-04 | 0.0346 | 0.9257 | 0.9140 | 0.9363 | 0.0335 | 0.9153 | 0.9166 | 0.9297
0282 | 13:09:03 |  13.9s | 1.0e-04 | 0.0349 | 0.9248 | 0.9124 | 0.9343 | 0.0337 | 0.9130 | 0.9177 | 0.9296
0283 | 13:09:24 |  14.1s | 1.0e-04 | 0.0352 | 0.9249 | 0.9134 | 0.9348 | 0.0335 | 0.9271 | 0.9037 | 0.9304
0284 | 13:09:45 |  14.1s | 1.0e-04 | 0.0352 | 0.9244 | 0.9118 | 0.9334 | 0.0340 | 0.9150 | 0.9141 | 0.9281
0285 | 13:10:06 |  14.2s | 1.0e-04 | 0.0348 | 0.9251 | 0.9125 | 0.9351 | 0.0338 | 0.9167 | 0.9124 | 0.9286
0286 | 13:10:27 |  14.1s | 1.0e-04 | 0.0353 | 0.9244 | 0.9125 | 0.9339 | 0.0338 | 0.9303 | 0.8977 | 0.9287
0287 | 13:10:47 |  13.8s | 1.0e-04 | 0.0349 | 0.9255 | 0.9132 | 0.9358 | 0.0337 | 0.9275 | 0.9020 | 0.9290
0288 | 13:11:07 |  13.8s | 1.0e-04 | 0.0349 | 0.9256 | 0.9140 | 0.9362 | 0.0338 | 0.9134 | 0.9164 | 0.9292
0289 | 13:11:26 |  14.1s | 1.0e-04 | 0.0363 | 0.9230 | 0.9116 | 0.9323 | 0.0333 | 0.9205 | 0.9111 | 0.9303
0290 | 13:11:46 |  14.0s | 1.0e-04 | 0.0357 | 0.9238 | 0.9115 | 0.9324 | 0.0334 | 0.9194 | 0.9119 | 0.9291
0291 | 13:12:06 |  14.0s | 1.0e-04 | 0.0353 | 0.9250 | 0.9121 | 0.9340 | 0.0334 | 0.9194 | 0.9120 | 0.9300
0292 | 13:12:26 |  14.3s | 1.0e-04 | 0.0356 | 0.9234 | 0.9118 | 0.9325 | 0.0333 | 0.9219 | 0.9102 | 0.9296
0293 | 13:12:46 |  14.0s | 1.0e-04 | 0.0354 | 0.9239 | 0.9130 | 0.9341 | 0.0336 | 0.9115 | 0.9198 | 0.9301
0294 | 13:13:06 |  14.0s | 1.0e-04 | 0.0353 | 0.9249 | 0.9127 | 0.9342 | 0.0332 | 0.9246 | 0.9087 | 0.9314
0295 | 13:13:26 |  14.1s | 1.0e-04 | 0.0356 | 0.9241 | 0.9118 | 0.9334 | 0.0334 | 0.9280 | 0.9025 | 0.9300
0296 | 13:13:46 |  14.2s | 1.0e-04 | 0.0357 | 0.9232 | 0.9119 | 0.9326 | 0.0336 | 0.9309 | 0.8975 | 0.9290
0297 | 13:14:06 |  14.2s | 1.0e-04 | 0.0359 | 0.9232 | 0.9122 | 0.9325 | 0.0334 | 0.9232 | 0.9093 | 0.9300
0298 | 13:14:26 |  14.2s | 1.0e-04 | 0.0354 | 0.9245 | 0.9122 | 0.9338 | 0.0337 | 0.9153 | 0.9145 | 0.9281
0299 | 13:14:45 |  14.0s | 1.0e-04 | 0.0352 | 0.9251 | 0.9119 | 0.9345 | 0.0331 | 0.9230 | 0.9101 | 0.9315
0300 | 13:15:05 |  14.2s | 1.0e-04 | 0.0355 | 0.9249 | 0.9126 | 0.9344 | 0.0335 | 0.9084 | 0.9250 | 0.9314
0301 | 13:15:25 |  14.3s | 1.0e-04 | 0.0349 | 0.9247 | 0.9132 | 0.9346 | 0.0331 | 0.9192 | 0.9143 | 0.9312
0302 | 13:15:45 |  14.1s | 1.0e-04 | 0.0349 | 0.9262 | 0.9150 | 0.9374 | 0.0331 | 0.9187 | 0.9149 | 0.9306
0303 | 13:16:05 |  14.1s | 1.0e-04 | 0.0350 | 0.9252 | 0.9132 | 0.9353 | 0.0328 | 0.9198 | 0.9145 | 0.9323
0304 | 13:16:25 |  14.0s | 1.0e-04 | 0.0345 | 0.9258 | 0.9149 | 0.9369 | 0.0333 | 0.9204 | 0.9132 | 0.9307
0305 | 13:16:45 |  13.9s | 1.0e-04 | 0.0307 | 0.9288 | 0.9177 | 0.9419 | 0.0330 | 0.9290 | 0.9049 | 0.9327
0306 | 13:17:05 |  14.2s | 1.0e-04 | 0.0302 | 0.9299 | 0.9188 | 0.9432 | 0.0330 | 0.9203 | 0.9140 | 0.9324
0307 | 13:17:24 |  14.0s | 1.0e-04 | 0.0304 | 0.9298 | 0.9183 | 0.9431 | 0.0334 | 0.9294 | 0.9001 | 0.9294
0308 | 13:17:44 |  14.0s | 1.0e-04 | 0.0304 | 0.9299 | 0.9184 | 0.9431 | 0.0332 | 0.9232 | 0.9103 | 0.9310
0309 | 13:18:04 |  14.2s | 1.0e-04 | 0.0298 | 0.9304 | 0.9195 | 0.9447 | 0.0335 | 0.9112 | 0.9218 | 0.9314
0310 | 13:18:24 |  15.2s | 1.0e-04 | 0.0301 | 0.9305 | 0.9191 | 0.9444 | 0.0331 | 0.9256 | 0.9068 | 0.9316
0311 | 13:18:45 |  14.3s | 1.0e-04 | 0.0304 | 0.9305 | 0.9201 | 0.9450 | 0.0330 | 0.9194 | 0.9155 | 0.9325
0312 | 13:19:05 |  14.1s | 1.0e-04 | 0.0299 | 0.9307 | 0.9184 | 0.9446 | 0.0330 | 0.9230 | 0.9106 | 0.9315
0313 | 13:19:25 |  14.0s | 1.0e-04 | 0.0298 | 0.9310 | 0.9200 | 0.9452 | 0.0332 | 0.9172 | 0.9176 | 0.9326
0314 | 13:19:45 |  14.2s | 1.0e-04 | 0.0299 | 0.9304 | 0.9198 | 0.9451 | 0.0333 | 0.9209 | 0.9122 | 0.9311
0315 | 13:20:05 |  14.1s | 1.0e-04 | 0.0305 | 0.9298 | 0.9178 | 0.9430 | 0.0330 | 0.9207 | 0.9127 | 0.9317
0316 | 13:20:25 |  14.2s | 1.0e-04 | 0.0301 | 0.9299 | 0.9196 | 0.9441 | 0.0328 | 0.9360 | 0.8966 | 0.9340
0317 | 13:20:45 |  14.3s | 1.0e-04 | 0.0300 | 0.9304 | 0.9196 | 0.9447 | 0.0331 | 0.9294 | 0.9044 | 0.9324
0318 | 13:21:05 |  14.0s | 1.0e-04 | 0.0299 | 0.9306 | 0.9195 | 0.9451 | 0.0330 | 0.9214 | 0.9126 | 0.9328
0319 | 13:21:25 |  14.0s | 1.0e-04 | 0.0300 | 0.9299 | 0.9189 | 0.9439 | 0.0332 | 0.9121 | 0.9227 | 0.9332
0320 | 13:21:44 |  14.2s | 1.0e-04 | 0.0298 | 0.9311 | 0.9196 | 0.9455 | 0.0328 | 0.9255 | 0.9083 | 0.9317
0321 | 13:22:04 |  13.9s | 1.0e-04 | 0.0298 | 0.9309 | 0.9198 | 0.9451 | 0.0325 | 0.9292 | 0.9070 | 0.9342
0322 | 13:22:24 |  14.0s | 1.0e-04 | 0.0322 | 0.9239 | 0.9068 | 0.9294 | 0.0327 | 0.9224 | 0.9133 | 0.9332
0323 | 13:22:44 |  14.1s | 1.0e-04 | 0.0322 | 0.9246 | 0.9084 | 0.9311 | 0.0326 | 0.9284 | 0.9077 | 0.9340
0324 | 13:23:04 |  13.9s | 1.0e-04 | 0.0324 | 0.9235 | 0.9077 | 0.9296 | 0.0329 | 0.9219 | 0.9133 | 0.9332
0325 | 13:23:23 |  14.3s | 1.0e-04 | 0.0322 | 0.9244 | 0.9084 | 0.9312 | 0.0324 | 0.9280 | 0.9090 | 0.9349
0326 | 13:23:43 |  14.1s | 1.0e-04 | 0.0320 | 0.9248 | 0.9080 | 0.9312 | 0.0333 | 0.9260 | 0.9044 | 0.9297
0327 | 13:24:03 |  14.0s | 1.0e-04 | 0.0318 | 0.9261 | 0.9092 | 0.9333 | 0.0324 | 0.9196 | 0.9183 | 0.9346
0328 | 13:24:23 |  16.4s | 1.0e-04 | 0.0319 | 0.9255 | 0.9096 | 0.9334 | 0.0324 | 0.9198 | 0.9164 | 0.9342
0329 | 13:24:45 |  13.9s | 1.0e-04 | 0.0316 | 0.9252 | 0.9094 | 0.9329 | 0.0325 | 0.9290 | 0.9070 | 0.9350
0330 | 13:25:05 |  14.0s | 1.0e-04 | 0.0317 | 0.9252 | 0.9092 | 0.9326 | 0.0325 | 0.9193 | 0.9174 | 0.9347
0331 | 13:25:24 |  14.1s | 1.0e-04 | 0.0320 | 0.9257 | 0.9099 | 0.9339 | 0.0328 | 0.9177 | 0.9180 | 0.9326
0332 | 13:25:44 |  14.1s | 1.0e-04 | 0.0318 | 0.9254 | 0.9101 | 0.9336 | 0.0324 | 0.9329 | 0.9029 | 0.9350
0333 | 13:26:04 |  14.0s | 1.0e-04 | 0.0319 | 0.9248 | 0.9087 | 0.9317 | 0.0325 | 0.9325 | 0.9027 | 0.9347
0334 | 13:26:24 |  14.0s | 1.0e-04 | 0.0316 | 0.9254 | 0.9087 | 0.9322 | 0.0325 | 0.9244 | 0.9110 | 0.9332
0335 | 13:26:44 |  13.9s | 1.0e-04 | 0.0316 | 0.9253 | 0.9098 | 0.9328 | 0.0322 | 0.9301 | 0.9080 | 0.9358
0336 | 13:27:04 |  14.0s | 1.0e-04 | 0.0317 | 0.9252 | 0.9084 | 0.9317 | 0.0322 | 0.9225 | 0.9156 | 0.9354
0337 | 13:27:23 |  14.1s | 1.0e-04 | 0.0315 | 0.9252 | 0.9098 | 0.9331 | 0.0324 | 0.9249 | 0.9125 | 0.9351
0338 | 13:27:43 |  13.9s | 1.0e-04 | 0.0318 | 0.9254 | 0.9099 | 0.9327 | 0.0331 | 0.9140 | 0.9199 | 0.9322
0339 | 13:28:03 |  14.0s | 1.0e-04 | 0.0316 | 0.9269 | 0.9120 | 0.9360 | 0.0322 | 0.9142 | 0.9265 | 0.9368
0340 | 13:28:23 |  14.1s | 1.0e-04 | 0.0317 | 0.9256 | 0.9114 | 0.9347 | 0.0324 | 0.9315 | 0.9056 | 0.9350
0341 | 13:28:43 |  13.8s | 1.0e-04 | 0.0322 | 0.9256 | 0.9116 | 0.9347 | 0.0322 | 0.9369 | 0.8981 | 0.9356
0342 | 13:29:03 |  14.0s | 1.0e-04 | 0.0315 | 0.9264 | 0.9120 | 0.9356 | 0.0319 | 0.9218 | 0.9181 | 0.9368
0343 | 13:29:23 |  14.3s | 1.0e-04 | 0.0315 | 0.9269 | 0.9121 | 0.9365 | 0.0318 | 0.9230 | 0.9172 | 0.9360
0344 | 13:29:43 |  14.2s | 1.0e-04 | 0.0318 | 0.9262 | 0.9111 | 0.9353 | 0.0319 | 0.9258 | 0.9143 | 0.9366
0345 | 13:30:03 |  14.1s | 1.0e-04 | 0.0317 | 0.9266 | 0.9120 | 0.9356 | 0.0323 | 0.9178 | 0.9202 | 0.9357
0346 | 13:30:24 |  14.0s | 1.0e-04 | 0.0318 | 0.9266 | 0.9124 | 0.9363 | 0.0319 | 0.9358 | 0.9022 | 0.9376
0347 | 13:30:44 |  14.2s | 1.0e-04 | 0.0315 | 0.9274 | 0.9121 | 0.9367 | 0.0319 | 0.9372 | 0.9006 | 0.9376
0348 | 13:31:04 |  14.3s | 1.0e-04 | 0.0314 | 0.9265 | 0.9111 | 0.9352 | 0.0319 | 0.9234 | 0.9171 | 0.9368
0349 | 13:31:24 |  13.9s | 1.0e-04 | 0.0311 | 0.9264 | 0.9116 | 0.9355 | 0.0319 | 0.9241 | 0.9147 | 0.9361
0350 | 13:31:44 |  14.2s | 1.0e-04 | 0.0314 | 0.9267 | 0.9112 | 0.9354 | 0.0317 | 0.9271 | 0.9143 | 0.9382
0351 | 13:32:04 |  13.9s | 1.0e-04 | 0.0312 | 0.9272 | 0.9122 | 0.9369 | 0.0319 | 0.9202 | 0.9191 | 0.9364
0352 | 13:32:24 |  13.8s | 1.0e-04 | 0.0313 | 0.9263 | 0.9114 | 0.9357 | 0.0318 | 0.9200 | 0.9207 | 0.9374
0353 | 13:32:43 |  13.9s | 1.0e-04 | 0.0313 | 0.9272 | 0.9116 | 0.9368 | 0.0320 | 0.9279 | 0.9112 | 0.9362
0354 | 13:33:03 |  14.2s | 1.0e-04 | 0.0313 | 0.9267 | 0.9130 | 0.9366 | 0.0317 | 0.9303 | 0.9102 | 0.9375
0355 | 13:33:23 |  14.2s | 1.0e-04 | 0.0313 | 0.9276 | 0.9134 | 0.9379 | 0.0322 | 0.9307 | 0.9051 | 0.9350
0356 | 13:33:43 |  14.2s | 1.0e-04 | 0.0311 | 0.9268 | 0.9124 | 0.9368 | 0.0315 | 0.9276 | 0.9142 | 0.9380
0357 | 13:34:03 |  14.0s | 1.0e-04 | 0.0312 | 0.9273 | 0.9127 | 0.9374 | 0.0316 | 0.9227 | 0.9189 | 0.9385
0358 | 13:34:23 |  14.0s | 1.0e-04 | 0.0313 | 0.9276 | 0.9127 | 0.9374 | 0.0318 | 0.9270 | 0.9125 | 0.9360
0359 | 13:34:42 |  14.0s | 1.0e-04 | 0.0313 | 0.9272 | 0.9124 | 0.9371 | 0.0320 | 0.9336 | 0.9036 | 0.9361
0360 | 13:35:02 |  13.9s | 1.0e-04 | 0.0314 | 0.9267 | 0.9121 | 0.9362 | 0.0317 | 0.9193 | 0.9228 | 0.9373
0361 | 13:35:22 |  14.2s | 1.0e-04 | 0.0312 | 0.9269 | 0.9120 | 0.9369 | 0.0316 | 0.9286 | 0.9120 | 0.9380
0362 | 13:35:42 |  14.1s | 1.0e-04 | 0.0308 | 0.9284 | 0.9143 | 0.9392 | 0.0318 | 0.9232 | 0.9179 | 0.9378
0363 | 13:36:02 |  14.0s | 1.0e-04 | 0.0312 | 0.9270 | 0.9124 | 0.9366 | 0.0317 | 0.9209 | 0.9205 | 0.9384
0364 | 13:36:22 |  14.0s | 1.0e-04 | 0.0315 | 0.9266 | 0.9115 | 0.9355 | 0.0316 | 0.9207 | 0.9211 | 0.9379
0365 | 13:36:42 |  14.2s | 1.0e-04 | 0.0321 | 0.9248 | 0.9096 | 0.9326 | 0.0315 | 0.9281 | 0.9129 | 0.9382
0366 | 13:37:02 |  14.2s | 1.0e-04 | 0.0323 | 0.9245 | 0.9089 | 0.9318 | 0.0316 | 0.9309 | 0.9087 | 0.9374
0367 | 13:37:22 |  14.1s | 1.0e-04 | 0.0318 | 0.9259 | 0.9107 | 0.9342 | 0.0316 | 0.9210 | 0.9208 | 0.9388
0368 | 13:37:41 |  14.3s | 1.0e-04 | 0.0318 | 0.9249 | 0.9097 | 0.9327 | 0.0316 | 0.9300 | 0.9105 | 0.9376
0369 | 13:38:02 |  14.2s | 1.0e-04 | 0.0317 | 0.9250 | 0.9099 | 0.9332 | 0.0318 | 0.9387 | 0.9000 | 0.9387
0370 | 13:38:22 |  14.1s | 1.0e-04 | 0.0320 | 0.9259 | 0.9093 | 0.9332 | 0.0315 | 0.9203 | 0.9228 | 0.9395
0371 | 13:38:41 |  14.1s | 1.0e-04 | 0.0320 | 0.9261 | 0.9103 | 0.9345 | 0.0317 | 0.9281 | 0.9115 | 0.9364
0372 | 13:39:01 |  14.2s | 1.0e-04 | 0.0320 | 0.9257 | 0.9106 | 0.9339 | 0.0313 | 0.9294 | 0.9135 | 0.9389
0373 | 13:39:21 |  14.1s | 1.0e-04 | 0.0320 | 0.9255 | 0.9103 | 0.9337 | 0.0317 | 0.9209 | 0.9213 | 0.9383
0374 | 13:39:41 |  14.1s | 1.0e-04 | 0.0321 | 0.9253 | 0.9114 | 0.9344 | 0.0317 | 0.9356 | 0.9036 | 0.9379
0375 | 13:40:01 |  14.3s | 1.0e-04 | 0.0315 | 0.9259 | 0.9109 | 0.9341 | 0.0313 | 0.9212 | 0.9230 | 0.9393
0376 | 13:40:21 |  14.0s | 1.0e-04 | 0.0318 | 0.9251 | 0.9106 | 0.9335 | 0.0314 | 0.9319 | 0.9103 | 0.9390
0377 | 13:40:41 |  13.9s | 1.0e-04 | 0.0321 | 0.9252 | 0.9095 | 0.9330 | 0.0313 | 0.9351 | 0.9059 | 0.9391
0378 | 13:41:00 |  14.0s | 1.0e-04 | 0.0317 | 0.9259 | 0.9109 | 0.9343 | 0.0313 | 0.9274 | 0.9155 | 0.9387
0379 | 13:41:20 |  14.0s | 1.0e-04 | 0.0319 | 0.9257 | 0.9103 | 0.9339 | 0.0313 | 0.9282 | 0.9144 | 0.9395
0380 | 13:41:40 |  14.0s | 1.0e-04 | 0.0317 | 0.9263 | 0.9110 | 0.9351 | 0.0314 | 0.9254 | 0.9159 | 0.9390
0381 | 13:42:00 |  14.0s | 1.0e-04 | 0.0314 | 0.9264 | 0.9117 | 0.9354 | 0.0315 | 0.9219 | 0.9205 | 0.9376
0382 | 13:42:20 |  14.1s | 1.0e-04 | 0.0298 | 0.9311 | 0.9190 | 0.9448 | 0.0313 | 0.9317 | 0.9102 | 0.9387
0383 | 13:42:39 |  14.3s | 1.0e-04 | 0.0299 | 0.9308 | 0.9196 | 0.9451 | 0.0312 | 0.9234 | 0.9204 | 0.9397
0384 | 13:43:00 |  14.0s | 1.0e-04 | 0.0300 | 0.9307 | 0.9185 | 0.9443 | 0.0313 | 0.9240 | 0.9199 | 0.9395
0385 | 13:43:19 |  14.4s | 1.0e-04 | 0.0297 | 0.9314 | 0.9201 | 0.9457 | 0.0315 | 0.9326 | 0.9085 | 0.9386
0386 | 13:43:39 |  14.1s | 1.0e-04 | 0.0291 | 0.9315 | 0.9207 | 0.9464 | 0.0312 | 0.9289 | 0.9150 | 0.9398
0387 | 13:43:59 |  14.2s | 1.0e-04 | 0.0301 | 0.9314 | 0.9194 | 0.9451 | 0.0313 | 0.9234 | 0.9196 | 0.9393
0388 | 13:44:19 |  14.0s | 1.0e-04 | 0.0294 | 0.9313 | 0.9204 | 0.9461 | 0.0312 | 0.9289 | 0.9150 | 0.9402
0389 | 13:44:39 |  14.1s | 1.0e-04 | 0.0297 | 0.9308 | 0.9195 | 0.9456 | 0.0311 | 0.9305 | 0.9132 | 0.9402
0390 | 13:44:59 |  14.0s | 1.0e-04 | 0.0296 | 0.9310 | 0.9194 | 0.9455 | 0.0312 | 0.9203 | 0.9247 | 0.9404
0391 | 13:45:19 |  13.9s | 1.0e-04 | 0.0293 | 0.9320 | 0.9207 | 0.9465 | 0.0312 | 0.9192 | 0.9259 | 0.9409
0392 | 13:45:39 |  14.4s | 1.0e-04 | 0.0295 | 0.9313 | 0.9201 | 0.9456 | 0.0311 | 0.9310 | 0.9122 | 0.9407
0393 | 13:45:59 |  14.1s | 1.0e-04 | 0.0291 | 0.9321 | 0.9218 | 0.9480 | 0.0312 | 0.9295 | 0.9136 | 0.9398
0394 | 13:46:19 |  14.1s | 1.0e-04 | 0.0291 | 0.9323 | 0.9207 | 0.9471 | 0.0309 | 0.9236 | 0.9221 | 0.9419
0395 | 13:46:39 |  14.3s | 1.0e-04 | 0.0291 | 0.9322 | 0.9208 | 0.9469 | 0.0311 | 0.9301 | 0.9138 | 0.9406
0396 | 13:46:59 |  14.0s | 1.0e-04 | 0.0292 | 0.9322 | 0.9201 | 0.9466 | 0.0310 | 0.9367 | 0.9065 | 0.9414
0397 | 13:47:19 |  14.0s | 1.0e-04 | 0.0295 | 0.9311 | 0.9200 | 0.9455 | 0.0310 | 0.9250 | 0.9203 | 0.9411
0398 | 13:47:38 |  14.0s | 1.0e-04 | 0.0293 | 0.9298 | 0.9165 | 0.9420 | 0.0310 | 0.9364 | 0.9066 | 0.9408
0399 | 13:47:58 |  14.3s | 1.0e-04 | 0.0291 | 0.9292 | 0.9131 | 0.9395 | 0.0313 | 0.9184 | 0.9258 | 0.9400
0400 | 13:48:19 |  15.8s | 1.0e-04 | 0.0290 | 0.9290 | 0.9135 | 0.9398 | 0.0309 | 0.9328 | 0.9114 | 0.9412
0401 | 13:48:40 |  41.9s | 1.0e-04 | 0.0289 | 0.9301 | 0.9139 | 0.9405 | 0.0310 | 0.9356 | 0.9091 | 0.9419
0402 | 13:49:29 |  17.7s | 1.0e-04 | 0.0289 | 0.9299 | 0.9139 | 0.9407 | 0.0307 | 0.9281 | 0.9187 | 0.9414
0403 | 13:49:53 |  14.1s | 1.0e-04 | 0.0290 | 0.9284 | 0.9127 | 0.9380 | 0.0310 | 0.9214 | 0.9240 | 0.9401
0404 | 13:50:13 |  14.2s | 1.0e-04 | 0.0289 | 0.9297 | 0.9133 | 0.9401 | 0.0308 | 0.9303 | 0.9140 | 0.9401
0405 | 13:50:33 |  14.4s | 1.0e-04 | 0.0287 | 0.9293 | 0.9145 | 0.9404 | 0.0305 | 0.9293 | 0.9184 | 0.9425
0406 | 13:50:53 |  14.1s | 1.0e-04 | 0.0289 | 0.9294 | 0.9139 | 0.9403 | 0.0308 | 0.9291 | 0.9158 | 0.9402
0407 | 13:51:13 |  14.3s | 1.0e-04 | 0.0290 | 0.9296 | 0.9142 | 0.9403 | 0.0306 | 0.9294 | 0.9171 | 0.9419
0408 | 13:51:33 |  14.2s | 1.0e-04 | 0.0289 | 0.9290 | 0.9123 | 0.9386 | 0.0307 | 0.9295 | 0.9165 | 0.9419
0409 | 13:51:53 |  14.0s | 1.0e-04 | 0.0288 | 0.9295 | 0.9145 | 0.9404 | 0.0308 | 0.9220 | 0.9243 | 0.9408
0410 | 13:52:13 |  14.4s | 1.0e-04 | 0.0288 | 0.9291 | 0.9140 | 0.9401 | 0.0308 | 0.9301 | 0.9153 | 0.9409
0411 | 13:52:34 |  14.1s | 1.0e-04 | 0.0289 | 0.9295 | 0.9133 | 0.9400 | 0.0308 | 0.9294 | 0.9161 | 0.9415
0412 | 13:52:54 |  14.1s | 1.0e-04 | 0.0289 | 0.9290 | 0.9136 | 0.9401 | 0.0310 | 0.9234 | 0.9211 | 0.9400
0413 | 13:53:13 |  14.3s | 1.0e-04 | 0.0286 | 0.9293 | 0.9147 | 0.9405 | 0.0307 | 0.9348 | 0.9104 | 0.9420
0414 | 13:53:34 |  14.4s | 1.0e-04 | 0.0287 | 0.9298 | 0.9153 | 0.9411 | 0.0306 | 0.9365 | 0.9105 | 0.9434
0415 | 13:53:55 |  14.0s | 1.0e-04 | 0.0315 | 0.9289 | 0.9159 | 0.9409 | 0.0305 | 0.9331 | 0.9140 | 0.9434
0416 | 13:54:15 |  14.4s | 1.0e-04 | 0.0317 | 0.9281 | 0.9156 | 0.9399 | 0.0306 | 0.9342 | 0.9117 | 0.9420
0417 | 13:54:35 |  14.0s | 1.0e-04 | 0.0313 | 0.9292 | 0.9166 | 0.9417 | 0.0303 | 0.9330 | 0.9155 | 0.9440
0418 | 13:54:55 |  14.2s | 1.0e-04 | 0.0316 | 0.9290 | 0.9165 | 0.9410 | 0.0306 | 0.9352 | 0.9106 | 0.9428
0419 | 13:55:15 |  14.2s | 1.0e-04 | 0.0314 | 0.9287 | 0.9167 | 0.9413 | 0.0308 | 0.9385 | 0.9058 | 0.9425
0420 | 13:55:36 |  14.2s | 1.0e-04 | 0.0312 | 0.9294 | 0.9177 | 0.9424 | 0.0306 | 0.9250 | 0.9222 | 0.9424
0421 | 13:55:56 |  14.2s | 1.0e-04 | 0.0316 | 0.9285 | 0.9162 | 0.9407 | 0.0311 | 0.9239 | 0.9197 | 0.9399
0422 | 13:56:16 |  14.2s | 1.0e-04 | 0.0315 | 0.9296 | 0.9164 | 0.9420 | 0.0304 | 0.9369 | 0.9107 | 0.9441
0423 | 13:56:36 |  14.3s | 1.0e-04 | 0.0315 | 0.9292 | 0.9166 | 0.9418 | 0.0303 | 0.9315 | 0.9158 | 0.9430
0424 | 13:56:56 |  14.2s | 1.0e-04 | 0.0315 | 0.9298 | 0.9166 | 0.9421 | 0.0302 | 0.9327 | 0.9154 | 0.9437
0425 | 13:57:16 |  14.2s | 1.0e-04 | 0.0311 | 0.9301 | 0.9177 | 0.9435 | 0.0304 | 0.9334 | 0.9149 | 0.9441
0426 | 13:57:36 |  14.3s | 1.0e-04 | 0.0313 | 0.9293 | 0.9171 | 0.9420 | 0.0305 | 0.9331 | 0.9135 | 0.9433
0427 | 13:57:56 |  14.2s | 1.0e-04 | 0.0311 | 0.9294 | 0.9180 | 0.9422 | 0.0302 | 0.9322 | 0.9163 | 0.9437
0428 | 13:58:16 |  14.2s | 1.0e-04 | 0.0314 | 0.9295 | 0.9176 | 0.9429 | 0.0307 | 0.9353 | 0.9091 | 0.9415
0429 | 13:58:36 |  14.3s | 1.0e-04 | 0.0315 | 0.9294 | 0.9177 | 0.9425 | 0.0309 | 0.9192 | 0.9279 | 0.9415
0430 | 13:58:56 |  14.2s | 1.0e-04 | 0.0312 | 0.9300 | 0.9162 | 0.9421 | 0.0303 | 0.9270 | 0.9222 | 0.9436
0431 | 13:59:17 |  14.2s | 1.0e-04 | 0.0296 | 0.9323 | 0.9207 | 0.9470 | 0.0305 | 0.9230 | 0.9250 | 0.9421
0432 | 13:59:37 |  14.2s | 1.0e-04 | 0.0278 | 0.9348 | 0.9236 | 0.9511 | 0.0304 | 0.9271 | 0.9205 | 0.9434
0433 | 13:59:57 |  14.3s | 1.0e-04 | 0.0279 | 0.9341 | 0.9241 | 0.9509 | 0.0306 | 0.9294 | 0.9168 | 0.9416
0434 | 14:00:17 |  14.3s | 1.0e-04 | 0.0281 | 0.9339 | 0.9241 | 0.9505 | 0.0307 | 0.9353 | 0.9093 | 0.9415
0435 | 14:00:37 |  14.4s | 1.0e-04 | 0.0278 | 0.9348 | 0.9236 | 0.9520 | 0.0302 | 0.9259 | 0.9233 | 0.9445
0436 | 14:00:58 |  14.4s | 1.0e-04 | 0.0279 | 0.9345 | 0.9243 | 0.9510 | 0.0304 | 0.9287 | 0.9206 | 0.9443
0437 | 14:01:18 |  14.3s | 1.0e-04 | 0.0277 | 0.9346 | 0.9247 | 0.9523 | 0.0305 | 0.9383 | 0.9072 | 0.9431
0438 | 14:01:38 |  14.2s | 1.0e-04 | 0.0277 | 0.9348 | 0.9239 | 0.9514 | 0.0305 | 0.9307 | 0.9167 | 0.9428
0439 | 14:01:58 |  14.2s | 1.0e-04 | 0.0279 | 0.9345 | 0.9237 | 0.9513 | 0.0302 | 0.9270 | 0.9224 | 0.9439
0440 | 14:02:18 |  14.1s | 1.0e-04 | 0.0275 | 0.9356 | 0.9248 | 0.9529 | 0.0304 | 0.9368 | 0.9106 | 0.9443
0441 | 14:02:38 |  14.2s | 1.0e-04 | 0.0279 | 0.9349 | 0.9247 | 0.9520 | 0.0305 | 0.9294 | 0.9167 | 0.9422
0442 | 14:02:58 |  14.1s | 1.0e-04 | 0.0275 | 0.9353 | 0.9244 | 0.9524 | 0.0302 | 0.9323 | 0.9171 | 0.9446
0443 | 14:03:18 |  14.3s | 1.0e-04 | 0.0275 | 0.9357 | 0.9237 | 0.9523 | 0.0303 | 0.9232 | 0.9250 | 0.9438
0444 | 14:03:38 |  14.2s | 1.0e-04 | 0.0277 | 0.9352 | 0.9241 | 0.9525 | 0.0304 | 0.9282 | 0.9208 | 0.9438
0445 | 14:03:58 |  14.3s | 1.0e-04 | 0.0274 | 0.9363 | 0.9254 | 0.9536 | 0.0306 | 0.9336 | 0.9133 | 0.9428
0446 | 14:04:18 |  14.0s | 1.0e-04 | 0.0276 | 0.9351 | 0.9245 | 0.9523 | 0.0304 | 0.9336 | 0.9151 | 0.9442
0447 | 14:04:38 |  14.0s | 1.0e-04 | 0.0277 | 0.9348 | 0.9240 | 0.9515 | 0.0303 | 0.9231 | 0.9261 | 0.9441
0448 | 14:04:58 |  14.0s | 1.0e-04 | 0.0277 | 0.9319 | 0.9164 | 0.9446 | 0.0306 | 0.9310 | 0.9154 | 0.9421
0449 | 14:05:18 |  14.2s | 1.0e-04 | 0.0278 | 0.9318 | 0.9145 | 0.9429 | 0.0303 | 0.9246 | 0.9232 | 0.9435
0450 | 14:05:38 |  14.0s | 1.0e-04 | 0.0277 | 0.9312 | 0.9145 | 0.9429 | 0.0304 | 0.9340 | 0.9126 | 0.9433
0451 | 14:05:58 |  14.4s | 1.0e-04 | 0.0279 | 0.9308 | 0.9149 | 0.9425 | 0.0305 | 0.9273 | 0.9196 | 0.9432
0452 | 14:06:18 |  14.0s | 1.0e-04 | 0.0277 | 0.9308 | 0.9148 | 0.9421 | 0.0303 | 0.9295 | 0.9186 | 0.9436
0453 | 14:06:38 |  13.9s | 1.0e-04 | 0.0278 | 0.9316 | 0.9151 | 0.9431 | 0.0301 | 0.9340 | 0.9136 | 0.9435
0454 | 14:06:57 |  14.1s | 1.0e-04 | 0.0279 | 0.9305 | 0.9146 | 0.9419 | 0.0304 | 0.9222 | 0.9262 | 0.9440
0455 | 14:07:17 |  13.8s | 1.0e-04 | 0.0279 | 0.9310 | 0.9157 | 0.9432 | 0.0302 | 0.9303 | 0.9184 | 0.9447
0456 | 14:07:36 |  14.1s | 1.0e-04 | 0.0279 | 0.9307 | 0.9139 | 0.9418 | 0.0304 | 0.9379 | 0.9084 | 0.9433
0457 | 14:07:56 |  14.3s | 1.0e-04 | 0.0276 | 0.9317 | 0.9151 | 0.9432 | 0.0303 | 0.9368 | 0.9094 | 0.9433
0458 | 14:08:16 |  13.9s | 1.0e-04 | 0.0276 | 0.9324 | 0.9150 | 0.9435 | 0.0300 | 0.9264 | 0.9233 | 0.9443
0459 | 14:08:36 |  14.1s | 1.0e-04 | 0.0278 | 0.9319 | 0.9154 | 0.9439 | 0.0302 | 0.9310 | 0.9178 | 0.9443
0460 | 14:08:56 |  14.4s | 1.0e-04 | 0.0279 | 0.9317 | 0.9148 | 0.9429 | 0.0304 | 0.9277 | 0.9203 | 0.9431
0461 | 14:09:16 |  14.1s | 1.0e-04 | 0.0279 | 0.9314 | 0.9151 | 0.9424 | 0.0300 | 0.9289 | 0.9219 | 0.9453
0462 | 14:09:36 |  14.1s | 1.0e-04 | 0.0277 | 0.9308 | 0.9160 | 0.9428 | 0.0300 | 0.9375 | 0.9109 | 0.9450
0463 | 14:09:56 |  14.2s | 1.0e-04 | 0.0277 | 0.9309 | 0.9158 | 0.9432 | 0.0303 | 0.9320 | 0.9162 | 0.9437
0464 | 14:10:16 |  14.0s | 1.0e-04 | 0.0273 | 0.9325 | 0.9175 | 0.9455 | 0.0303 | 0.9378 | 0.9088 | 0.9435
0465 | 14:10:35 |  14.2s | 1.0e-04 | 0.0278 | 0.9310 | 0.9155 | 0.9430 | 0.0306 | 0.9388 | 0.9070 | 0.9435
0466 | 14:10:55 |  14.3s | 1.0e-04 | 0.0273 | 0.9297 | 0.9124 | 0.9396 | 0.0299 | 0.9344 | 0.9153 | 0.9447
0467 | 14:11:15 |  14.4s | 1.0e-04 | 0.0267 | 0.9306 | 0.9129 | 0.9405 | 0.0300 | 0.9348 | 0.9148 | 0.9449
0468 | 14:11:36 |  14.4s | 1.0e-04 | 0.0273 | 0.9292 | 0.9096 | 0.9372 | 0.0301 | 0.9257 | 0.9246 | 0.9445
0469 | 14:11:56 |  14.3s | 1.0e-04 | 0.0269 | 0.9296 | 0.9123 | 0.9389 | 0.0302 | 0.9403 | 0.9074 | 0.9449
0470 | 14:12:16 |  14.3s | 1.0e-04 | 0.0271 | 0.9298 | 0.9110 | 0.9388 | 0.0299 | 0.9395 | 0.9096 | 0.9461
0471 | 14:12:36 |  14.3s | 1.0e-04 | 0.0271 | 0.9305 | 0.9116 | 0.9394 | 0.0300 | 0.9249 | 0.9254 | 0.9451
0472 | 14:12:57 |  14.1s | 1.0e-04 | 0.0269 | 0.9304 | 0.9117 | 0.9395 | 0.0300 | 0.9355 | 0.9142 | 0.9446
0473 | 14:13:17 |  14.3s | 1.0e-04 | 0.0269 | 0.9299 | 0.9108 | 0.9383 | 0.0298 | 0.9366 | 0.9140 | 0.9457
0474 | 14:13:37 |  14.4s | 1.0e-04 | 0.0273 | 0.9297 | 0.9107 | 0.9387 | 0.0300 | 0.9260 | 0.9256 | 0.9455
0475 | 14:13:57 |  14.3s | 1.0e-04 | 0.0268 | 0.9303 | 0.9119 | 0.9396 | 0.0298 | 0.9326 | 0.9183 | 0.9450
0476 | 14:14:17 |  14.1s | 1.0e-04 | 0.0270 | 0.9293 | 0.9115 | 0.9383 | 0.0301 | 0.9374 | 0.9117 | 0.9456
0477 | 14:14:37 |  14.2s | 1.0e-04 | 0.0270 | 0.9301 | 0.9113 | 0.9387 | 0.0304 | 0.9309 | 0.9166 | 0.9431
0478 | 14:14:57 |  14.3s | 1.0e-04 | 0.0270 | 0.9299 | 0.9121 | 0.9396 | 0.0298 | 0.9288 | 0.9219 | 0.9457
0479 | 14:15:18 |  14.1s | 1.0e-04 | 0.0270 | 0.9311 | 0.9126 | 0.9408 | 0.0300 | 0.9244 | 0.9273 | 0.9450
0480 | 14:15:38 |  14.3s | 1.0e-04 | 0.0269 | 0.9301 | 0.9128 | 0.9400 | 0.0299 | 0.9381 | 0.9118 | 0.9457
0481 | 14:15:58 |  14.1s | 1.0e-04 | 0.0273 | 0.9294 | 0.9106 | 0.9381 | 0.0302 | 0.9341 | 0.9146 | 0.9443
0482 | 14:16:18 |  14.3s | 1.0e-04 | 0.0270 | 0.9297 | 0.9116 | 0.9386 | 0.0301 | 0.9355 | 0.9143 | 0.9452
0483 | 14:16:38 |  14.2s | 1.0e-04 | 0.0304 | 0.9264 | 0.9156 | 0.9389 | 0.0314 | 0.9216 | 0.9202 | 0.9373
0484 | 14:16:58 |  14.2s | 1.0e-04 | 0.0315 | 0.9291 | 0.9212 | 0.9445 | 0.0305 | 0.9217 | 0.9256 | 0.9419
0485 | 14:17:18 |  14.4s | 1.0e-04 | 0.0303 | 0.9327 | 0.9234 | 0.9484 | 0.0297 | 0.9356 | 0.9154 | 0.9464
0486 | 14:17:38 |  14.3s | 1.0e-04 | 0.0295 | 0.9341 | 0.9240 | 0.9504 | 0.0297 | 0.9320 | 0.9190 | 0.9459
0487 | 14:17:59 |  14.1s | 1.0e-04 | 0.0298 | 0.9334 | 0.9240 | 0.9499 | 0.0298 | 0.9253 | 0.9269 | 0.9457
0488 | 14:18:18 |  14.3s | 1.0e-04 | 0.0300 | 0.9333 | 0.9243 | 0.9502 | 0.0296 | 0.9319 | 0.9212 | 0.9469
0489 | 14:18:39 |  14.1s | 1.0e-04 | 0.0296 | 0.9343 | 0.9250 | 0.9518 | 0.0297 | 0.9262 | 0.9260 | 0.9467
0490 | 14:18:59 |  14.3s | 1.0e-04 | 0.0294 | 0.9346 | 0.9254 | 0.9516 | 0.0297 | 0.9266 | 0.9260 | 0.9465
0491 | 14:19:19 |  14.3s | 1.0e-04 | 0.0296 | 0.9339 | 0.9247 | 0.9508 | 0.0294 | 0.9305 | 0.9235 | 0.9473
0492 | 14:19:39 |  14.2s | 1.0e-04 | 0.0293 | 0.9351 | 0.9259 | 0.9527 | 0.0297 | 0.9256 | 0.9271 | 0.9469
0493 | 14:19:59 |  14.3s | 1.0e-04 | 0.0292 | 0.9347 | 0.9250 | 0.9520 | 0.0296 | 0.9346 | 0.9170 | 0.9463
0494 | 14:20:19 |  14.2s | 1.0e-04 | 0.0296 | 0.9347 | 0.9252 | 0.9520 | 0.0294 | 0.9327 | 0.9216 | 0.9473
0495 | 14:20:40 |  14.1s | 1.0e-04 | 0.0297 | 0.9348 | 0.9255 | 0.9523 | 0.0293 | 0.9321 | 0.9209 | 0.9464
0496 | 14:20:59 |  14.6s | 1.0e-04 | 0.0295 | 0.9339 | 0.9245 | 0.9510 | 0.0294 | 0.9301 | 0.9228 | 0.9462
0497 | 14:21:20 |  14.2s | 1.0e-04 | 0.0294 | 0.9345 | 0.9244 | 0.9512 | 0.0293 | 0.9286 | 0.9257 | 0.9475
0498 | 14:21:40 |  14.4s | 1.0e-04 | 0.0294 | 0.9348 | 0.9263 | 0.9527 | 0.0293 | 0.9291 | 0.9259 | 0.9479
0499 | 14:22:00 |  14.2s | 1.0e-04 | 0.0283 | 0.9350 | 0.9255 | 0.9532 | 0.0293 | 0.9276 | 0.9273 | 0.9480
0500 | 14:22:20 |  14.2s | 1.0e-04 | 0.0270 | 0.9367 | 0.9237 | 0.9529 | 0.0296 | 0.9228 | 0.9299 | 0.9465
0501 | 14:22:40 |  14.1s | 1.0e-04 | 0.0269 | 0.9363 | 0.9256 | 0.9536 | 0.0294 | 0.9335 | 0.9196 | 0.9472
0502 | 14:23:00 |  15.1s | 1.0e-04 | 0.0272 | 0.9354 | 0.9239 | 0.9519 | 0.0294 | 0.9348 | 0.9188 | 0.9478
0503 | 14:23:21 |  14.3s | 1.0e-04 | 0.0270 | 0.9364 | 0.9248 | 0.9535 | 0.0295 | 0.9383 | 0.9138 | 0.9469
0504 | 14:23:41 |  14.0s | 1.0e-04 | 0.0266 | 0.9364 | 0.9243 | 0.9541 | 0.0294 | 0.9299 | 0.9234 | 0.9470
0505 | 14:24:01 |  14.1s | 1.0e-04 | 0.0268 | 0.9365 | 0.9245 | 0.9531 | 0.0298 | 0.9355 | 0.9146 | 0.9451
0506 | 14:24:21 |  14.0s | 1.0e-04 | 0.0268 | 0.9370 | 0.9259 | 0.9547 | 0.0294 | 0.9327 | 0.9198 | 0.9465
0507 | 14:24:41 |  14.0s | 1.0e-04 | 0.0270 | 0.9358 | 0.9234 | 0.9524 | 0.0294 | 0.9300 | 0.9223 | 0.9466
0508 | 14:25:01 |  14.2s | 1.0e-04 | 0.0267 | 0.9372 | 0.9259 | 0.9546 | 0.0294 | 0.9382 | 0.9141 | 0.9472
0509 | 14:25:21 |  14.2s | 1.0e-04 | 0.0269 | 0.9365 | 0.9245 | 0.9535 | 0.0296 | 0.9383 | 0.9139 | 0.9472
0510 | 14:25:41 |  14.2s | 1.0e-04 | 0.0270 | 0.9364 | 0.9252 | 0.9537 | 0.0296 | 0.9320 | 0.9190 | 0.9463
0511 | 14:26:01 |  14.3s | 1.0e-04 | 0.0268 | 0.9371 | 0.9262 | 0.9546 | 0.0297 | 0.9346 | 0.9176 | 0.9456
0512 | 14:26:21 |  14.5s | 1.0e-04 | 0.0267 | 0.9366 | 0.9260 | 0.9544 | 0.0295 | 0.9257 | 0.9274 | 0.9474
0513 | 14:26:41 |  14.4s | 1.0e-04 | 0.0269 | 0.9373 | 0.9263 | 0.9549 | 0.0299 | 0.9273 | 0.9219 | 0.9447
0514 | 14:27:01 |  15.0s | 1.0e-04 | 0.0266 | 0.9364 | 0.9253 | 0.9539 | 0.0294 | 0.9376 | 0.9152 | 0.9477
0515 | 14:27:23 |  14.2s | 1.0e-04 | 0.0268 | 0.9363 | 0.9250 | 0.9533 | 0.0298 | 0.9428 | 0.9081 | 0.9481
0516 | 14:27:43 |  14.3s | 1.0e-04 | 0.0266 | 0.9374 | 0.9270 | 0.9556 | 0.0293 | 0.9316 | 0.9223 | 0.9479
0517 | 14:28:05 |  14.0s | 1.0e-04 | 0.0269 | 0.9360 | 0.9235 | 0.9529 | 0.0297 | 0.9269 | 0.9244 | 0.9465
0518 | 14:28:24 |  14.8s | 1.0e-04 | 0.0268 | 0.9363 | 0.9235 | 0.9527 | 0.0293 | 0.9354 | 0.9171 | 0.9473
0519 | 14:28:45 |  14.6s | 1.0e-04 | 0.0271 | 0.9348 | 0.9231 | 0.9506 | 0.0292 | 0.9342 | 0.9204 | 0.9481
0520 | 14:29:06 |  16.0s | 1.0e-04 | 0.0267 | 0.9360 | 0.9239 | 0.9527 | 0.0293 | 0.9394 | 0.9131 | 0.9487
0521 | 14:29:27 |  14.1s | 1.0e-04 | 0.0268 | 0.9362 | 0.9241 | 0.9532 | 0.0294 | 0.9329 | 0.9208 | 0.9464
0522 | 14:29:47 |  14.5s | 1.0e-04 | 0.0268 | 0.9357 | 0.9236 | 0.9525 | 0.0294 | 0.9258 | 0.9279 | 0.9483
0523 | 14:30:07 |  14.1s | 1.0e-04 | 0.0268 | 0.9360 | 0.9241 | 0.9529 | 0.0295 | 0.9396 | 0.9120 | 0.9477
0524 | 14:30:27 |  14.5s | 1.0e-04 | 0.0266 | 0.9365 | 0.9247 | 0.9533 | 0.0291 | 0.9300 | 0.9242 | 0.9481
0525 | 14:30:47 |  14.3s | 1.0e-04 | 0.0269 | 0.9358 | 0.9247 | 0.9532 | 0.0294 | 0.9287 | 0.9241 | 0.9467
0526 | 14:31:07 |  14.2s | 1.0e-04 | 0.0269 | 0.9359 | 0.9239 | 0.9528 | 0.0292 | 0.9305 | 0.9244 | 0.9480
0527 | 14:31:27 |  14.2s | 1.0e-04 | 0.0267 | 0.9360 | 0.9236 | 0.9523 | 0.0292 | 0.9289 | 0.9244 | 0.9476
0528 | 14:31:47 |  14.2s | 1.0e-04 | 0.0265 | 0.9359 | 0.9247 | 0.9532 | 0.0292 | 0.9344 | 0.9201 | 0.9485
0529 | 14:32:07 |  14.1s | 1.0e-04 | 0.0270 | 0.9354 | 0.9231 | 0.9514 | 0.0292 | 0.9318 | 0.9216 | 0.9470
0530 | 14:32:27 |  14.0s | 1.0e-04 | 0.0268 | 0.9362 | 0.9239 | 0.9531 | 0.0293 | 0.9277 | 0.9262 | 0.9471
0531 | 14:32:47 |  14.1s | 1.0e-04 | 0.0266 | 0.9367 | 0.9247 | 0.9537 | 0.0294 | 0.9290 | 0.9254 | 0.9473
0532 | 14:33:07 |  13.9s | 1.0e-04 | 0.0272 | 0.9351 | 0.9239 | 0.9513 | 0.0298 | 0.9349 | 0.9152 | 0.9451
0533 | 14:33:26 |  13.9s | 1.0e-04 | 0.0272 | 0.9359 | 0.9228 | 0.9520 | 0.0297 | 0.9402 | 0.9098 | 0.9462
0534 | 14:33:46 |  14.1s | 1.0e-04 | 0.0270 | 0.9356 | 0.9237 | 0.9516 | 0.0293 | 0.9274 | 0.9262 | 0.9470
0535 | 14:34:06 |  14.2s | 1.0e-04 | 0.0292 | 0.9324 | 0.9195 | 0.9466 | 0.0291 | 0.9378 | 0.9156 | 0.9480
0536 | 14:34:27 |  14.2s | 1.0e-04 | 0.0290 | 0.9318 | 0.9194 | 0.9461 | 0.0293 | 0.9337 | 0.9202 | 0.9473
0537 | 14:34:48 |  14.2s | 1.0e-04 | 0.0292 | 0.9317 | 0.9187 | 0.9458 | 0.0290 | 0.9334 | 0.9210 | 0.9484
0538 | 14:35:08 |  14.3s | 1.0e-04 | 0.0287 | 0.9330 | 0.9202 | 0.9474 | 0.0290 | 0.9377 | 0.9171 | 0.9483
0539 | 14:35:28 |  14.0s | 1.0e-04 | 0.0288 | 0.9326 | 0.9202 | 0.9472 | 0.0290 | 0.9309 | 0.9246 | 0.9482
0540 | 14:35:48 |  14.2s | 1.0e-04 | 0.0289 | 0.9325 | 0.9199 | 0.9471 | 0.0291 | 0.9334 | 0.9209 | 0.9478
0541 | 14:36:08 |  14.1s | 1.0e-04 | 0.0291 | 0.9318 | 0.9198 | 0.9463 | 0.0289 | 0.9371 | 0.9180 | 0.9494
0542 | 14:36:28 |  14.2s | 1.0e-04 | 0.0290 | 0.9326 | 0.9201 | 0.9469 | 0.0290 | 0.9326 | 0.9216 | 0.9477
0543 | 14:36:48 |  14.3s | 1.0e-04 | 0.0291 | 0.9323 | 0.9186 | 0.9462 | 0.0288 | 0.9353 | 0.9215 | 0.9494
0544 | 14:37:08 |  14.1s | 1.0e-04 | 0.0290 | 0.9315 | 0.9191 | 0.9459 | 0.0290 | 0.9362 | 0.9192 | 0.9487
0545 | 14:37:28 |  14.2s | 1.0e-04 | 0.0291 | 0.9323 | 0.9192 | 0.9461 | 0.0291 | 0.9330 | 0.9208 | 0.9480
0546 | 14:37:48 |  14.3s | 1.0e-04 | 0.0292 | 0.9324 | 0.9188 | 0.9466 | 0.0293 | 0.9289 | 0.9253 | 0.9475
0547 | 14:38:08 |  14.4s | 1.0e-04 | 0.0289 | 0.9325 | 0.9199 | 0.9470 | 0.0290 | 0.9357 | 0.9192 | 0.9486
0548 | 14:38:28 |  14.2s | 1.0e-04 | 0.0291 | 0.9323 | 0.9203 | 0.9469 | 0.0290 | 0.9379 | 0.9169 | 0.9495
0549 | 14:38:48 |  14.2s | 1.0e-04 | 0.0287 | 0.9321 | 0.9195 | 0.9462 | 0.0290 | 0.9414 | 0.9130 | 0.9497
0550 | 14:39:08 |  14.3s | 1.0e-04 | 0.0290 | 0.9323 | 0.9191 | 0.9462 | 0.0289 | 0.9314 | 0.9248 | 0.9492
0551 | 14:39:28 |  14.1s | 1.0e-04 | 0.0282 | 0.9330 | 0.9199 | 0.9476 | 0.0289 | 0.9329 | 0.9225 | 0.9484
0552 | 14:39:48 |  14.2s | 1.0e-04 | 0.0269 | 0.9342 | 0.9216 | 0.9499 | 0.0290 | 0.9349 | 0.9202 | 0.9493
0553 | 14:40:08 |  14.2s | 1.0e-04 | 0.0272 | 0.9344 | 0.9208 | 0.9491 | 0.0292 | 0.9423 | 0.9106 | 0.9487
0554 | 14:40:28 |  14.1s | 1.0e-04 | 0.0272 | 0.9338 | 0.9225 | 0.9502 | 0.0289 | 0.9402 | 0.9142 | 0.9491
0555 | 14:40:48 |  14.1s | 1.0e-04 | 0.0272 | 0.9345 | 0.9216 | 0.9499 | 0.0292 | 0.9363 | 0.9175 | 0.9481
0556 | 14:41:08 |  14.7s | 1.0e-04 | 0.0272 | 0.9344 | 0.9215 | 0.9500 | 0.0291 | 0.9391 | 0.9149 | 0.9486
0557 | 14:41:29 |  14.3s | 1.0e-04 | 0.0270 | 0.9346 | 0.9219 | 0.9506 | 0.0291 | 0.9324 | 0.9224 | 0.9479
0558 | 14:41:49 |  14.3s | 1.0e-04 | 0.0271 | 0.9346 | 0.9214 | 0.9497 | 0.0287 | 0.9386 | 0.9175 | 0.9502
0559 | 14:42:09 |  14.4s | 1.0e-04 | 0.0269 | 0.9352 | 0.9223 | 0.9510 | 0.0288 | 0.9278 | 0.9286 | 0.9492
0560 | 14:42:30 |  14.3s | 1.0e-04 | 0.0272 | 0.9350 | 0.9216 | 0.9501 | 0.0291 | 0.9372 | 0.9170 | 0.9487
0561 | 14:42:50 |  15.1s | 1.0e-04 | 0.0269 | 0.9348 | 0.9221 | 0.9503 | 0.0288 | 0.9324 | 0.9222 | 0.9488
0562 | 14:43:11 |  19.9s | 1.0e-04 | 0.0272 | 0.9347 | 0.9216 | 0.9502 | 0.0288 | 0.9384 | 0.9168 | 0.9490
0563 | 14:43:37 |  16.8s | 1.0e-04 | 0.0272 | 0.9346 | 0.9216 | 0.9501 | 0.0290 | 0.9256 | 0.9301 | 0.9490
0564 | 14:43:59 |  18.3s | 1.0e-04 | 0.0272 | 0.9341 | 0.9221 | 0.9503 | 0.0288 | 0.9328 | 0.9238 | 0.9497
0565 | 14:44:24 |  16.4s | 1.0e-04 | 0.0270 | 0.9351 | 0.9219 | 0.9500 | 0.0291 | 0.9339 | 0.9207 | 0.9485
0566 | 14:44:46 |  17.5s | 1.0e-04 | 0.0270 | 0.9349 | 0.9220 | 0.9504 | 0.0289 | 0.9318 | 0.9223 | 0.9482
0567 | 14:45:10 |  15.0s | 1.0e-04 | 0.0271 | 0.9342 | 0.9219 | 0.9499 | 0.0289 | 0.9283 | 0.9290 | 0.9499
0568 | 14:45:31 |  15.0s | 1.0e-04 | 0.0277 | 0.9357 | 0.9233 | 0.9519 | 0.0286 | 0.9320 | 0.9252 | 0.9502
0569 | 14:45:52 |  15.1s | 1.0e-04 | 0.0295 | 0.9347 | 0.9264 | 0.9529 | 0.0290 | 0.9363 | 0.9190 | 0.9490
0570 | 14:46:13 |  15.5s | 1.0e-04 | 0.0292 | 0.9361 | 0.9262 | 0.9537 | 0.0287 | 0.9316 | 0.9252 | 0.9494
0571 | 14:46:35 |  15.1s | 1.0e-04 | 0.0292 | 0.9353 | 0.9269 | 0.9534 | 0.0288 | 0.9302 | 0.9264 | 0.9497
0572 | 14:46:56 |  14.9s | 1.0e-04 | 0.0291 | 0.9355 | 0.9263 | 0.9536 | 0.0285 | 0.9338 | 0.9239 | 0.9498
0573 | 14:47:17 |  14.9s | 1.0e-04 | 0.0292 | 0.9358 | 0.9273 | 0.9540 | 0.0289 | 0.9260 | 0.9310 | 0.9500
0574 | 14:47:38 |  14.8s | 1.0e-04 | 0.0291 | 0.9361 | 0.9273 | 0.9544 | 0.0287 | 0.9320 | 0.9252 | 0.9494
0575 | 14:47:59 |  15.4s | 1.0e-04 | 0.0290 | 0.9357 | 0.9263 | 0.9539 | 0.0285 | 0.9333 | 0.9249 | 0.9507
0576 | 14:48:21 |  15.1s | 1.0e-04 | 0.0293 | 0.9353 | 0.9266 | 0.9533 | 0.0290 | 0.9255 | 0.9306 | 0.9495
0577 | 14:48:42 |  14.9s | 1.0e-04 | 0.0294 | 0.9350 | 0.9264 | 0.9532 | 0.0286 | 0.9349 | 0.9215 | 0.9499
0578 | 14:49:03 |  15.0s | 1.0e-04 | 0.0293 | 0.9348 | 0.9253 | 0.9524 | 0.0289 | 0.9240 | 0.9330 | 0.9495
0579 | 14:49:24 |  15.3s | 1.0e-04 | 0.0288 | 0.9357 | 0.9270 | 0.9538 | 0.0285 | 0.9324 | 0.9263 | 0.9504
0580 | 14:49:46 |  15.6s | 1.0e-04 | 0.0290 | 0.9365 | 0.9283 | 0.9551 | 0.0289 | 0.9265 | 0.9302 | 0.9493
0581 | 14:50:08 |  15.6s | 1.0e-04 | 0.0292 | 0.9352 | 0.9264 | 0.9528 | 0.0287 | 0.9249 | 0.9323 | 0.9503
0582 | 14:50:29 |  15.8s | 1.0e-04 | 0.0291 | 0.9356 | 0.9278 | 0.9539 | 0.0286 | 0.9325 | 0.9241 | 0.9505
0583 | 14:50:51 |  14.9s | 1.0e-04 | 0.0291 | 0.9358 | 0.9268 | 0.9535 | 0.0289 | 0.9229 | 0.9344 | 0.9503
0584 | 14:51:12 |  14.8s | 1.0e-04 | 0.0289 | 0.9362 | 0.9279 | 0.9546 | 0.0286 | 0.9263 | 0.9321 | 0.9499
0585 | 14:51:33 |  15.4s | 1.0e-04 | 0.0293 | 0.9350 | 0.9256 | 0.9526 | 0.0287 | 0.9292 | 0.9276 | 0.9496
0586 | 14:51:55 |  14.9s | 1.0e-04 | 0.0290 | 0.9339 | 0.9243 | 0.9506 | 0.0285 | 0.9367 | 0.9220 | 0.9500
0587 | 14:52:16 |  15.0s | 1.0e-04 | 0.0294 | 0.9338 | 0.9240 | 0.9505 | 0.0285 | 0.9318 | 0.9268 | 0.9504
0588 | 14:52:37 |  15.1s | 1.0e-04 | 0.0291 | 0.9344 | 0.9236 | 0.9511 | 0.0285 | 0.9335 | 0.9239 | 0.9502
0589 | 14:52:58 |  14.8s | 1.0e-04 | 0.0293 | 0.9342 | 0.9249 | 0.9513 | 0.0284 | 0.9305 | 0.9285 | 0.9507
0590 | 14:53:19 |  15.0s | 1.0e-04 | 0.0291 | 0.9342 | 0.9239 | 0.9509 | 0.0283 | 0.9322 | 0.9277 | 0.9514
0591 | 14:53:40 |  15.0s | 1.0e-04 | 0.0292 | 0.9344 | 0.9251 | 0.9515 | 0.0285 | 0.9407 | 0.9161 | 0.9505
0592 | 14:54:01 |  15.0s | 1.0e-04 | 0.0290 | 0.9350 | 0.9239 | 0.9521 | 0.0284 | 0.9357 | 0.9222 | 0.9509
0593 | 14:54:22 |  14.7s | 1.0e-04 | 0.0293 | 0.9343 | 0.9241 | 0.9510 | 0.0286 | 0.9278 | 0.9316 | 0.9504
0594 | 14:54:43 |  14.7s | 1.0e-04 | 0.0290 | 0.9351 | 0.9248 | 0.9525 | 0.0284 | 0.9395 | 0.9175 | 0.9503
0595 | 14:55:03 |  15.0s | 1.0e-04 | 0.0291 | 0.9346 | 0.9249 | 0.9516 | 0.0282 | 0.9351 | 0.9241 | 0.9522
0596 | 14:55:24 |  14.8s | 1.0e-04 | 0.0292 | 0.9343 | 0.9235 | 0.9504 | 0.0285 | 0.9333 | 0.9250 | 0.9506
0597 | 14:55:45 |  14.9s | 1.0e-04 | 0.0287 | 0.9348 | 0.9247 | 0.9522 | 0.0283 | 0.9327 | 0.9265 | 0.9512
0598 | 14:56:06 |  14.8s | 1.0e-04 | 0.0291 | 0.9351 | 0.9250 | 0.9523 | 0.0283 | 0.9337 | 0.9254 | 0.9516
0599 | 14:56:27 |  14.8s | 1.0e-04 | 0.0294 | 0.9338 | 0.9243 | 0.9505 | 0.0285 | 0.9410 | 0.9160 | 0.9508
0600 | 14:56:48 |  14.8s | 1.0e-04 | 0.0289 | 0.9353 | 0.9253 | 0.9523 | 0.0288 | 0.9228 | 0.9344 | 0.9500
0601 | 14:57:09 |  14.8s | 1.0e-04 | 0.0290 | 0.9342 | 0.9244 | 0.9517 | 0.0292 | 0.9335 | 0.9221 | 0.9475
0602 | 14:57:29 |  14.9s | 1.0e-04 | 0.0302 | 0.9303 | 0.9168 | 0.9426 | 0.0286 | 0.9289 | 0.9289 | 0.9505
0603 | 14:57:51 |  15.0s | 1.0e-04 | 0.0301 | 0.9299 | 0.9172 | 0.9429 | 0.0291 | 0.9374 | 0.9168 | 0.9487
0604 | 14:58:12 |  14.8s | 1.0e-04 | 0.0298 | 0.9300 | 0.9170 | 0.9426 | 0.0289 | 0.9350 | 0.9207 | 0.9498
0605 | 14:58:33 |  14.8s | 1.0e-04 | 0.0301 | 0.9296 | 0.9175 | 0.9423 | 0.0287 | 0.9416 | 0.9138 | 0.9507
0606 | 14:58:54 |  15.0s | 1.0e-04 | 0.0301 | 0.9297 | 0.9163 | 0.9417 | 0.0292 | 0.9349 | 0.9184 | 0.9484
0607 | 14:59:15 |  14.9s | 1.0e-04 | 0.0298 | 0.9301 | 0.9162 | 0.9423 | 0.0290 | 0.9340 | 0.9205 | 0.9488
0608 | 14:59:36 |  14.7s | 1.0e-04 | 0.0299 | 0.9299 | 0.9156 | 0.9419 | 0.0291 | 0.9374 | 0.9171 | 0.9485
0609 | 14:59:57 |  15.1s | 1.0e-04 | 0.0299 | 0.9293 | 0.9162 | 0.9414 | 0.0294 | 0.9313 | 0.9222 | 0.9474
0610 | 15:00:18 |  14.9s | 1.0e-04 | 0.0295 | 0.9312 | 0.9185 | 0.9444 | 0.0295 | 0.9300 | 0.9221 | 0.9468
0611 | 15:00:39 |  15.0s | 1.0e-04 | 0.0299 | 0.9300 | 0.9166 | 0.9427 | 0.0290 | 0.9370 | 0.9177 | 0.9489
0612 | 15:01:00 |  14.8s | 1.0e-04 | 0.0297 | 0.9300 | 0.9176 | 0.9432 | 0.0288 | 0.9361 | 0.9196 | 0.9496
0613 | 15:01:21 |  14.9s | 1.0e-04 | 0.0298 | 0.9298 | 0.9166 | 0.9427 | 0.0288 | 0.9363 | 0.9193 | 0.9494
0614 | 15:01:42 |  14.9s | 1.0e-04 | 0.0300 | 0.9301 | 0.9168 | 0.9429 | 0.0287 | 0.9345 | 0.9216 | 0.9497
0615 | 15:02:03 |  14.6s | 1.0e-04 | 0.0298 | 0.9300 | 0.9171 | 0.9430 | 0.0291 | 0.9453 | 0.9065 | 0.9498
0616 | 15:02:24 |  14.6s | 1.0e-04 | 0.0296 | 0.9301 | 0.9168 | 0.9425 | 0.0289 | 0.9358 | 0.9173 | 0.9491
0617 | 15:02:44 |  14.6s | 1.0e-04 | 0.0301 | 0.9301 | 0.9172 | 0.9426 | 0.0288 | 0.9325 | 0.9233 | 0.9491
0618 | 15:03:05 |  14.8s | 1.0e-04 | 0.0299 | 0.9313 | 0.9178 | 0.9445 | 0.0286 | 0.9301 | 0.9273 | 0.9496
0619 | 15:03:26 |  14.8s | 1.0e-04 | 0.0293 | 0.9364 | 0.9287 | 0.9558 | 0.0282 | 0.9316 | 0.9270 | 0.9519
0620 | 15:03:46 |  14.6s | 1.0e-04 | 0.0297 | 0.9358 | 0.9284 | 0.9545 | 0.0285 | 0.9240 | 0.9343 | 0.9506
0621 | 15:04:07 |  15.3s | 1.0e-04 | 0.0288 | 0.9374 | 0.9293 | 0.9568 | 0.0283 | 0.9407 | 0.9182 | 0.9518
0622 | 15:04:28 |  15.0s | 1.0e-04 | 0.0293 | 0.9367 | 0.9293 | 0.9555 | 0.0282 | 0.9364 | 0.9219 | 0.9512
0623 | 15:04:49 |  15.1s | 1.0e-04 | 0.0290 | 0.9369 | 0.9293 | 0.9564 | 0.0281 | 0.9389 | 0.9206 | 0.9517
0624 | 15:05:10 |  14.9s | 1.0e-04 | 0.0291 | 0.9372 | 0.9297 | 0.9566 | 0.0283 | 0.9354 | 0.9228 | 0.9504
0625 | 15:05:31 |  14.7s | 1.0e-04 | 0.0291 | 0.9363 | 0.9290 | 0.9554 | 0.0284 | 0.9367 | 0.9212 | 0.9505
0626 | 15:05:52 |  14.9s | 1.0e-04 | 0.0293 | 0.9367 | 0.9280 | 0.9551 | 0.0284 | 0.9290 | 0.9299 | 0.9515
0627 | 15:06:12 |  17.3s | 1.0e-04 | 0.0293 | 0.9367 | 0.9289 | 0.9558 | 0.0282 | 0.9336 | 0.9266 | 0.9524
0628 | 15:06:36 |  14.9s | 1.0e-04 | 0.0289 | 0.9373 | 0.9298 | 0.9572 | 0.0281 | 0.9354 | 0.9247 | 0.9523
0629 | 15:06:57 |  15.6s | 1.0e-04 | 0.0294 | 0.9362 | 0.9287 | 0.9549 | 0.0281 | 0.9317 | 0.9285 | 0.9517
0630 | 15:07:19 |  15.6s | 1.0e-04 | 0.0295 | 0.9366 | 0.9292 | 0.9553 | 0.0285 | 0.9293 | 0.9290 | 0.9511
0631 | 15:07:40 |  15.5s | 1.0e-04 | 0.0290 | 0.9371 | 0.9285 | 0.9558 | 0.0283 | 0.9343 | 0.9252 | 0.9522
0632 | 15:08:02 |  15.5s | 1.0e-04 | 0.0289 | 0.9371 | 0.9296 | 0.9564 | 0.0283 | 0.9304 | 0.9277 | 0.9517
0633 | 15:08:24 |  15.6s | 1.0e-04 | 0.0290 | 0.9370 | 0.9297 | 0.9560 | 0.0282 | 0.9325 | 0.9263 | 0.9510
0634 | 15:08:46 |  15.5s | 1.0e-04 | 0.0290 | 0.9379 | 0.9297 | 0.9571 | 0.0280 | 0.9370 | 0.9227 | 0.9528
0635 | 15:09:07 |  15.7s | 1.0e-04 | 0.0294 | 0.9364 | 0.9293 | 0.9554 | 0.0281 | 0.9375 | 0.9218 | 0.9513
0636 | 15:09:29 |  15.7s | 1.0e-04 | 0.0306 | 0.9345 | 0.9263 | 0.9525 | 0.0281 | 0.9372 | 0.9224 | 0.9518
0637 | 15:09:51 |  15.6s | 1.0e-04 | 0.0302 | 0.9357 | 0.9274 | 0.9537 | 0.0280 | 0.9356 | 0.9244 | 0.9521
0638 | 15:10:13 |  15.6s | 1.0e-04 | 0.0297 | 0.9365 | 0.9279 | 0.9553 | 0.0281 | 0.9330 | 0.9262 | 0.9518
0639 | 15:10:35 |  15.6s | 1.0e-04 | 0.0298 | 0.9346 | 0.9270 | 0.9533 | 0.0285 | 0.9431 | 0.9127 | 0.9517
0640 | 15:10:57 |  15.3s | 1.0e-04 | 0.0300 | 0.9360 | 0.9277 | 0.9543 | 0.0280 | 0.9363 | 0.9240 | 0.9522
0641 | 15:11:19 |  15.5s | 1.0e-04 | 0.0298 | 0.9361 | 0.9270 | 0.9541 | 0.0278 | 0.9337 | 0.9271 | 0.9531
0642 | 15:11:40 |  15.8s | 1.0e-04 | 0.0301 | 0.9357 | 0.9276 | 0.9541 | 0.0282 | 0.9378 | 0.9208 | 0.9517
0643 | 15:12:03 |  15.8s | 1.0e-04 | 0.0299 | 0.9358 | 0.9278 | 0.9539 | 0.0283 | 0.9339 | 0.9246 | 0.9514
0644 | 15:12:25 |  16.0s | 1.0e-04 | 0.0301 | 0.9356 | 0.9275 | 0.9539 | 0.0280 | 0.9338 | 0.9262 | 0.9518
0645 | 15:12:47 |  15.5s | 1.0e-04 | 0.0298 | 0.9359 | 0.9277 | 0.9540 | 0.0281 | 0.9349 | 0.9258 | 0.9526
0646 | 15:13:09 |  15.6s | 1.0e-04 | 0.0297 | 0.9371 | 0.9274 | 0.9553 | 0.0279 | 0.9387 | 0.9217 | 0.9525
0647 | 15:13:31 |  15.4s | 1.0e-04 | 0.0297 | 0.9370 | 0.9281 | 0.9556 | 0.0280 | 0.9296 | 0.9314 | 0.9532
0648 | 15:13:53 |  15.7s | 1.0e-04 | 0.0297 | 0.9355 | 0.9277 | 0.9540 | 0.0280 | 0.9323 | 0.9281 | 0.9532
0649 | 15:14:15 |  15.7s | 1.0e-04 | 0.0299 | 0.9364 | 0.9286 | 0.9551 | 0.0281 | 0.9280 | 0.9329 | 0.9525
0650 | 15:14:37 |  15.4s | 1.0e-04 | 0.0296 | 0.9362 | 0.9277 | 0.9545 | 0.0280 | 0.9299 | 0.9311 | 0.9532
0651 | 15:14:59 |  15.5s | 1.0e-04 | 0.0281 | 0.9380 | 0.9303 | 0.9574 | 0.0281 | 0.9355 | 0.9248 | 0.9512
0652 | 15:15:20 |  15.7s | 1.0e-04 | 0.0254 | 0.9404 | 0.9332 | 0.9615 | 0.0279 | 0.9352 | 0.9263 | 0.9534
0653 | 15:15:42 |  15.7s | 1.0e-04 | 0.0253 | 0.9401 | 0.9328 | 0.9611 | 0.0280 | 0.9393 | 0.9223 | 0.9536
0654 | 15:16:04 |  15.6s | 1.0e-04 | 0.0251 | 0.9418 | 0.9340 | 0.9627 | 0.0283 | 0.9437 | 0.9152 | 0.9526
0655 | 15:16:26 |  15.5s | 1.0e-04 | 0.0252 | 0.9406 | 0.9332 | 0.9618 | 0.0283 | 0.9352 | 0.9243 | 0.9513
0656 | 15:16:48 |  15.4s | 1.0e-04 | 0.0250 | 0.9415 | 0.9338 | 0.9625 | 0.0282 | 0.9336 | 0.9264 | 0.9524
0657 | 15:17:09 |  16.5s | 1.0e-04 | 0.0252 | 0.9416 | 0.9338 | 0.9629 | 0.0285 | 0.9330 | 0.9246 | 0.9507
0658 | 15:17:32 |  15.3s | 1.0e-04 | 0.0255 | 0.9410 | 0.9337 | 0.9622 | 0.0281 | 0.9381 | 0.9218 | 0.9527
0659 | 15:17:54 |  15.5s | 1.0e-04 | 0.0249 | 0.9417 | 0.9325 | 0.9624 | 0.0282 | 0.9403 | 0.9187 | 0.9523
0660 | 15:18:16 |  15.7s | 1.0e-04 | 0.0251 | 0.9413 | 0.9339 | 0.9622 | 0.0283 | 0.9347 | 0.9243 | 0.9513
0661 | 15:18:38 |  15.7s | 1.0e-04 | 0.0253 | 0.9405 | 0.9331 | 0.9617 | 0.0283 | 0.9278 | 0.9323 | 0.9523
0662 | 15:19:00 |  15.4s | 1.0e-04 | 0.0255 | 0.9405 | 0.9326 | 0.9614 | 0.0282 | 0.9324 | 0.9281 | 0.9517
0663 | 15:19:21 |  15.8s | 1.0e-04 | 0.0252 | 0.9411 | 0.9334 | 0.9621 | 0.0281 | 0.9332 | 0.9279 | 0.9525
0664 | 15:19:43 |  15.6s | 1.0e-04 | 0.0253 | 0.9406 | 0.9337 | 0.9615 | 0.0285 | 0.9291 | 0.9286 | 0.9511
0665 | 15:20:05 |  15.5s | 1.0e-04 | 0.0253 | 0.9411 | 0.9334 | 0.9621 | 0.0282 | 0.9402 | 0.9197 | 0.9522
0666 | 15:20:27 |  15.7s | 1.0e-04 | 0.0253 | 0.9404 | 0.9324 | 0.9610 | 0.0281 | 0.9321 | 0.9283 | 0.9517
0667 | 15:20:50 |  15.7s | 1.0e-04 | 0.0251 | 0.9408 | 0.9334 | 0.9620 | 0.0281 | 0.9372 | 0.9232 | 0.9522
0668 | 15:21:12 |  16.0s | 1.0e-04 | 0.0260 | 0.9391 | 0.9300 | 0.9584 | 0.0278 | 0.9396 | 0.9216 | 0.9533
0669 | 15:21:34 |  15.6s | 1.0e-04 | 0.0276 | 0.9334 | 0.9212 | 0.9492 | 0.0279 | 0.9407 | 0.9195 | 0.9536
0670 | 15:21:56 |  15.6s | 1.0e-04 | 0.0280 | 0.9335 | 0.9225 | 0.9494 | 0.0283 | 0.9257 | 0.9343 | 0.9528
0671 | 15:22:18 |  15.6s | 1.0e-04 | 0.0279 | 0.9336 | 0.9215 | 0.9489 | 0.0281 | 0.9267 | 0.9349 | 0.9525
0672 | 15:22:40 |  15.9s | 1.0e-04 | 0.0278 | 0.9342 | 0.9223 | 0.9501 | 0.0282 | 0.9310 | 0.9294 | 0.9523
0673 | 15:23:02 |  15.9s | 1.0e-04 | 0.0272 | 0.9351 | 0.9222 | 0.9509 | 0.0280 | 0.9322 | 0.9287 | 0.9535
0674 | 15:23:24 |  15.6s | 1.0e-04 | 0.0276 | 0.9350 | 0.9239 | 0.9518 | 0.0281 | 0.9396 | 0.9205 | 0.9527
0675 | 15:23:46 |  16.2s | 1.0e-04 | 0.0275 | 0.9347 | 0.9226 | 0.9506 | 0.0280 | 0.9363 | 0.9235 | 0.9521
0676 | 15:24:08 |  15.8s | 1.0e-04 | 0.0273 | 0.9345 | 0.9239 | 0.9512 | 0.0285 | 0.9434 | 0.9145 | 0.9523
0677 | 15:24:30 |  15.5s | 1.0e-04 | 0.0278 | 0.9347 | 0.9216 | 0.9503 | 0.0281 | 0.9296 | 0.9304 | 0.9516
0678 | 15:24:52 |  15.8s | 1.0e-04 | 0.0275 | 0.9353 | 0.9241 | 0.9522 | 0.0278 | 0.9399 | 0.9213 | 0.9535
0679 | 15:25:14 |  15.9s | 1.0e-04 | 0.0275 | 0.9354 | 0.9233 | 0.9513 | 0.0280 | 0.9359 | 0.9245 | 0.9524
0680 | 15:25:37 |  15.6s | 1.0e-04 | 0.0276 | 0.9339 | 0.9222 | 0.9499 | 0.0279 | 0.9382 | 0.9220 | 0.9529
0681 | 15:25:59 |  15.4s | 1.0e-04 | 0.0275 | 0.9347 | 0.9223 | 0.9503 | 0.0279 | 0.9370 | 0.9249 | 0.9534
0682 | 15:26:20 |  15.6s | 1.0e-04 | 0.0274 | 0.9347 | 0.9229 | 0.9509 | 0.0281 | 0.9403 | 0.9195 | 0.9530
0683 | 15:26:42 |  15.6s | 1.0e-04 | 0.0275 | 0.9343 | 0.9225 | 0.9500 | 0.0279 | 0.9313 | 0.9307 | 0.9525
0684 | 15:27:04 |  15.6s | 1.0e-04 | 0.0273 | 0.9341 | 0.9233 | 0.9508 | 0.0282 | 0.9329 | 0.9269 | 0.9520
0685 | 15:27:26 |  15.4s | 1.0e-04 | 0.0279 | 0.9342 | 0.9224 | 0.9498 | 0.0279 | 0.9345 | 0.9258 | 0.9524
0686 | 15:27:47 |  15.4s | 1.0e-04 | 0.0274 | 0.9359 | 0.9255 | 0.9533 | 0.0277 | 0.9402 | 0.9214 | 0.9530
0687 | 15:28:09 |  15.7s | 1.0e-04 | 0.0275 | 0.9353 | 0.9251 | 0.9525 | 0.0277 | 0.9373 | 0.9243 | 0.9532
0688 | 15:28:31 |  15.8s | 1.0e-04 | 0.0275 | 0.9355 | 0.9254 | 0.9535 | 0.0276 | 0.9333 | 0.9289 | 0.9544
0689 | 15:28:54 |  15.6s | 1.0e-04 | 0.0273 | 0.9356 | 0.9257 | 0.9530 | 0.0276 | 0.9362 | 0.9267 | 0.9540
0690 | 15:29:16 |  15.6s | 1.0e-04 | 0.0273 | 0.9361 | 0.9254 | 0.9539 | 0.0275 | 0.9354 | 0.9279 | 0.9540
0691 | 15:29:38 |  16.1s | 1.0e-04 | 0.0274 | 0.9357 | 0.9241 | 0.9523 | 0.0278 | 0.9375 | 0.9241 | 0.9536
0692 | 15:30:01 |  15.7s | 1.0e-04 | 0.0276 | 0.9358 | 0.9247 | 0.9528 | 0.0276 | 0.9393 | 0.9237 | 0.9539
0693 | 15:30:23 |  15.9s | 1.0e-04 | 0.0273 | 0.9366 | 0.9257 | 0.9542 | 0.0276 | 0.9315 | 0.9318 | 0.9544
0694 | 15:30:45 |  15.9s | 1.0e-04 | 0.0276 | 0.9361 | 0.9238 | 0.9524 | 0.0277 | 0.9400 | 0.9207 | 0.9538
0695 | 15:31:07 |  15.3s | 1.0e-04 | 0.0272 | 0.9356 | 0.9240 | 0.9525 | 0.0277 | 0.9396 | 0.9213 | 0.9534
0696 | 15:31:29 |  15.9s | 1.0e-04 | 0.0272 | 0.9351 | 0.9244 | 0.9522 | 0.0277 | 0.9294 | 0.9334 | 0.9535
0697 | 15:31:51 |  18.4s | 1.0e-04 | 0.0273 | 0.9355 | 0.9244 | 0.9524 | 0.0279 | 0.9300 | 0.9311 | 0.9528
0698 | 15:32:16 |  16.2s | 1.0e-04 | 0.0272 | 0.9363 | 0.9253 | 0.9531 | 0.0275 | 0.9339 | 0.9282 | 0.9540
0699 | 15:32:39 |  15.9s | 1.0e-04 | 0.0272 | 0.9357 | 0.9244 | 0.9526 | 0.0278 | 0.9392 | 0.9212 | 0.9540
0700 | 15:33:01 |  16.0s | 1.0e-04 | 0.0274 | 0.9359 | 0.9244 | 0.9529 | 0.0277 | 0.9345 | 0.9270 | 0.9539
0701 | 15:33:23 |  16.8s | 1.0e-04 | 0.0272 | 0.9358 | 0.9261 | 0.9536 | 0.0276 | 0.9375 | 0.9254 | 0.9539
0702 | 15:33:47 |  15.5s | 1.0e-04 | 0.0273 | 0.9359 | 0.9252 | 0.9535 | 0.0276 | 0.9337 | 0.9275 | 0.9540
0703 | 15:34:08 |  15.6s | 1.0e-04 | 0.0271 | 0.9357 | 0.9249 | 0.9534 | 0.0278 | 0.9310 | 0.9306 | 0.9537
0704 | 15:34:30 |  15.3s | 1.0e-04 | 0.0272 | 0.9355 | 0.9254 | 0.9530 | 0.0277 | 0.9309 | 0.9310 | 0.9536
0705 | 15:34:52 |  14.8s | 1.0e-04 | 0.0272 | 0.9366 | 0.9249 | 0.9537 | 0.0276 | 0.9405 | 0.9214 | 0.9539
0706 | 15:35:13 |  14.8s | 1.0e-04 | 0.0274 | 0.9358 | 0.9247 | 0.9533 | 0.0276 | 0.9384 | 0.9236 | 0.9537
0707 | 15:35:34 |  15.2s | 1.0e-04 | 0.0271 | 0.9366 | 0.9255 | 0.9537 | 0.0276 | 0.9355 | 0.9257 | 0.9531
0708 | 15:35:55 |  15.2s | 1.0e-04 | 0.0272 | 0.9362 | 0.9248 | 0.9535 | 0.0276 | 0.9337 | 0.9290 | 0.9546
0709 | 15:36:17 |  15.1s | 1.0e-04 | 0.0271 | 0.9355 | 0.9253 | 0.9530 | 0.0279 | 0.9269 | 0.9340 | 0.9534
0710 | 15:36:38 |  15.1s | 1.0e-04 | 0.0269 | 0.9364 | 0.9263 | 0.9540 | 0.0278 | 0.9430 | 0.9171 | 0.9536
0711 | 15:36:59 |  15.1s | 1.0e-04 | 0.0282 | 0.9338 | 0.9220 | 0.9494 | 0.0278 | 0.9371 | 0.9234 | 0.9528
0712 | 15:37:20 |  15.1s | 1.0e-04 | 0.0284 | 0.9328 | 0.9224 | 0.9485 | 0.0278 | 0.9345 | 0.9267 | 0.9526
0713 | 15:37:42 |  14.9s | 1.0e-04 | 0.0282 | 0.9335 | 0.9213 | 0.9490 | 0.0276 | 0.9393 | 0.9221 | 0.9534
0714 | 15:38:03 |  15.1s | 1.0e-04 | 0.0284 | 0.9331 | 0.9225 | 0.9490 | 0.0278 | 0.9336 | 0.9286 | 0.9531
0715 | 15:38:24 |  16.8s | 1.0e-04 | 0.0282 | 0.9330 | 0.9215 | 0.9487 | 0.0277 | 0.9342 | 0.9279 | 0.9533
0716 | 15:38:47 |  15.5s | 1.0e-04 | 0.0279 | 0.9336 | 0.9215 | 0.9491 | 0.0286 | 0.9412 | 0.9142 | 0.9498
0717 | 15:39:09 |  15.0s | 1.0e-04 | 0.0285 | 0.9334 | 0.9211 | 0.9488 | 0.0280 | 0.9300 | 0.9302 | 0.9521
0718 | 15:39:30 |  15.2s | 1.0e-04 | 0.0283 | 0.9342 | 0.9219 | 0.9501 | 0.0275 | 0.9350 | 0.9277 | 0.9546
0719 | 15:39:52 |  15.0s | 1.0e-04 | 0.0283 | 0.9329 | 0.9229 | 0.9489 | 0.0280 | 0.9463 | 0.9130 | 0.9533
0720 | 15:40:13 |  15.2s | 1.0e-04 | 0.0285 | 0.9336 | 0.9216 | 0.9486 | 0.0279 | 0.9415 | 0.9180 | 0.9532
0721 | 15:40:34 |  15.1s | 1.0e-04 | 0.0282 | 0.9341 | 0.9224 | 0.9498 | 0.0279 | 0.9333 | 0.9269 | 0.9521
0722 | 15:40:55 |  15.5s | 1.0e-04 | 0.0281 | 0.9329 | 0.9214 | 0.9479 | 0.0274 | 0.9359 | 0.9280 | 0.9545
0723 | 15:41:17 |  15.1s | 1.0e-04 | 0.0283 | 0.9328 | 0.9224 | 0.9487 | 0.0277 | 0.9443 | 0.9170 | 0.9544
0724 | 15:41:38 |  15.0s | 1.0e-04 | 0.0284 | 0.9337 | 0.9203 | 0.9487 | 0.0276 | 0.9355 | 0.9274 | 0.9533
0725 | 15:41:59 |  15.2s | 1.0e-04 | 0.0280 | 0.9336 | 0.9219 | 0.9494 | 0.0276 | 0.9329 | 0.9298 | 0.9537
0726 | 15:42:21 |  15.8s | 1.0e-04 | 0.0285 | 0.9336 | 0.9211 | 0.9487 | 0.0289 | 0.9309 | 0.9244 | 0.9492
0727 | 15:42:43 |  15.2s | 1.0e-04 | 0.0286 | 0.9325 | 0.9208 | 0.9478 | 0.0279 | 0.9371 | 0.9228 | 0.9525
0728 | 15:43:04 |  16.2s | 1.0e-04 | 0.0272 | 0.9356 | 0.9257 | 0.9532 | 0.0277 | 0.9384 | 0.9229 | 0.9534
0729 | 15:43:26 |  17.1s | 1.0e-04 | 0.0261 | 0.9394 | 0.9299 | 0.9588 | 0.0275 | 0.9408 | 0.9211 | 0.9544
0730 | 15:43:50 |  14.8s | 1.0e-04 | 0.0260 | 0.9393 | 0.9312 | 0.9588 | 0.0281 | 0.9277 | 0.9330 | 0.9529
0731 | 15:44:11 |  15.2s | 1.0e-04 | 0.0262 | 0.9384 | 0.9296 | 0.9583 | 0.0278 | 0.9339 | 0.9281 | 0.9530
0732 | 15:44:32 |  14.8s | 1.0e-04 | 0.0257 | 0.9395 | 0.9314 | 0.9598 | 0.0275 | 0.9334 | 0.9299 | 0.9540
0733 | 15:44:53 |  15.0s | 1.0e-04 | 0.0255 | 0.9399 | 0.9315 | 0.9600 | 0.0275 | 0.9314 | 0.9317 | 0.9534
0734 | 15:45:14 |  15.1s | 1.0e-04 | 0.0260 | 0.9399 | 0.9309 | 0.9595 | 0.0277 | 0.9345 | 0.9276 | 0.9534
0735 | 15:45:35 |  15.5s | 1.0e-04 | 0.0257 | 0.9395 | 0.9310 | 0.9596 | 0.0276 | 0.9393 | 0.9225 | 0.9537
0736 | 15:45:57 |  14.7s | 1.0e-04 | 0.0260 | 0.9391 | 0.9308 | 0.9592 | 0.0274 | 0.9352 | 0.9288 | 0.9543
0737 | 15:46:18 |  15.4s | 1.0e-04 | 0.0257 | 0.9397 | 0.9314 | 0.9596 | 0.0274 | 0.9342 | 0.9294 | 0.9541
0738 | 15:46:40 |  15.1s | 1.0e-04 | 0.0258 | 0.9391 | 0.9318 | 0.9593 | 0.0274 | 0.9344 | 0.9291 | 0.9546
0739 | 15:47:01 |  15.3s | 1.0e-04 | 0.0257 | 0.9396 | 0.9313 | 0.9600 | 0.0275 | 0.9350 | 0.9279 | 0.9547
0740 | 15:47:22 |  15.1s | 1.0e-04 | 0.0257 | 0.9394 | 0.9320 | 0.9594 | 0.0275 | 0.9395 | 0.9235 | 0.9535
0741 | 15:47:43 |  15.1s | 1.0e-04 | 0.0254 | 0.9398 | 0.9317 | 0.9604 | 0.0275 | 0.9423 | 0.9197 | 0.9545
0742 | 15:48:05 |  15.0s | 1.0e-04 | 0.0256 | 0.9398 | 0.9313 | 0.9601 | 0.0273 | 0.9351 | 0.9293 | 0.9552
0743 | 15:48:26 |  14.9s | 1.0e-04 | 0.0255 | 0.9398 | 0.9309 | 0.9593 | 0.0275 | 0.9392 | 0.9228 | 0.9544
0744 | 15:48:47 |  14.9s | 1.0e-04 | 0.0259 | 0.9392 | 0.9317 | 0.9597 | 0.0275 | 0.9375 | 0.9259 | 0.9548
0745 | 15:49:08 |  15.3s | 1.0e-04 | 0.0256 | 0.9369 | 0.9260 | 0.9546 | 0.0273 | 0.9340 | 0.9311 | 0.9546
0746 | 15:49:29 |  18.6s | 1.0e-04 | 0.0256 | 0.9373 | 0.9250 | 0.9540 | 0.0273 | 0.9342 | 0.9309 | 0.9550
0747 | 15:49:54 |  16.0s | 1.0e-04 | 0.0257 | 0.9369 | 0.9246 | 0.9540 | 0.0274 | 0.9375 | 0.9246 | 0.9548
0748 | 15:50:17 |  14.6s | 1.0e-04 | 0.0254 | 0.9376 | 0.9254 | 0.9550 | 0.0272 | 0.9388 | 0.9252 | 0.9553
0749 | 15:50:38 |  14.8s | 1.0e-04 | 0.0256 | 0.9375 | 0.9246 | 0.9546 | 0.0275 | 0.9312 | 0.9317 | 0.9541
0750 | 15:50:59 |  15.0s | 1.0e-04 | 0.0255 | 0.9366 | 0.9242 | 0.9535 | 0.0273 | 0.9352 | 0.9277 | 0.9546
0751 | 15:51:20 |  15.3s | 1.0e-04 | 0.0256 | 0.9372 | 0.9250 | 0.9541 | 0.0273 | 0.9387 | 0.9255 | 0.9548
0752 | 15:51:41 |  15.1s | 1.0e-04 | 0.0253 | 0.9376 | 0.9255 | 0.9547 | 0.0273 | 0.9376 | 0.9264 | 0.9550
0753 | 15:52:03 |  14.9s | 1.0e-04 | 0.0256 | 0.9374 | 0.9258 | 0.9551 | 0.0275 | 0.9428 | 0.9192 | 0.9543
0754 | 15:52:24 |  15.0s | 1.0e-04 | 0.0259 | 0.9365 | 0.9241 | 0.9534 | 0.0275 | 0.9387 | 0.9224 | 0.9541
0755 | 15:52:45 |  15.1s | 1.0e-04 | 0.0255 | 0.9372 | 0.9244 | 0.9537 | 0.0274 | 0.9376 | 0.9253 | 0.9544
0756 | 15:53:06 |  15.0s | 1.0e-04 | 0.0256 | 0.9363 | 0.9251 | 0.9537 | 0.0272 | 0.9363 | 0.9274 | 0.9550
0757 | 15:53:28 |  15.0s | 1.0e-04 | 0.0254 | 0.9379 | 0.9254 | 0.9549 | 0.0277 | 0.9318 | 0.9298 | 0.9535
0758 | 15:53:49 |  14.8s | 1.0e-04 | 0.0256 | 0.9369 | 0.9254 | 0.9542 | 0.0273 | 0.9397 | 0.9231 | 0.9541
0759 | 15:54:10 |  15.9s | 1.0e-04 | 0.0255 | 0.9364 | 0.9245 | 0.9533 | 0.0273 | 0.9300 | 0.9345 | 0.9555
0760 | 15:54:32 |  18.9s | 1.0e-04 | 0.0255 | 0.9366 | 0.9255 | 0.9540 | 0.0274 | 0.9409 | 0.9216 | 0.9553
0761 | 15:54:58 |  17.5s | 1.0e-04 | 0.0260 | 0.9368 | 0.9265 | 0.9551 | 0.0273 | 0.9379 | 0.9252 | 0.9548
0762 | 15:55:22 |  15.7s | 1.0e-04 | 0.0282 | 0.9361 | 0.9263 | 0.9536 | 0.0271 | 0.9360 | 0.9285 | 0.9553
0763 | 15:55:44 |  15.8s | 1.0e-04 | 0.0283 | 0.9359 | 0.9255 | 0.9530 | 0.0274 | 0.9397 | 0.9231 | 0.9547
0764 | 15:56:06 |  15.5s | 1.0e-04 | 0.0281 | 0.9359 | 0.9261 | 0.9533 | 0.0272 | 0.9407 | 0.9229 | 0.9553
0765 | 15:56:28 |  15.6s | 1.0e-04 | 0.0281 | 0.9362 | 0.9265 | 0.9538 | 0.0275 | 0.9305 | 0.9331 | 0.9544
0766 | 15:56:50 |  15.6s | 1.0e-04 | 0.0281 | 0.9363 | 0.9270 | 0.9544 | 0.0274 | 0.9409 | 0.9215 | 0.9546
0767 | 15:57:12 |  15.5s | 1.0e-04 | 0.0281 | 0.9359 | 0.9263 | 0.9538 | 0.0273 | 0.9350 | 0.9288 | 0.9542
0768 | 15:57:34 |  16.0s | 1.0e-04 | 0.0284 | 0.9356 | 0.9266 | 0.9536 | 0.0273 | 0.9336 | 0.9300 | 0.9549
0769 | 15:57:56 |  15.5s | 1.0e-04 | 0.0281 | 0.9364 | 0.9268 | 0.9543 | 0.0271 | 0.9431 | 0.9208 | 0.9558
0770 | 15:58:18 |  15.5s | 1.0e-04 | 0.0282 | 0.9361 | 0.9256 | 0.9535 | 0.0273 | 0.9337 | 0.9311 | 0.9554
0771 | 15:58:40 |  16.5s | 1.0e-04 | 0.0283 | 0.9364 | 0.9265 | 0.9537 | 0.0271 | 0.9379 | 0.9276 | 0.9554
0772 | 15:59:03 |  15.6s | 1.0e-04 | 0.0277 | 0.9367 | 0.9284 | 0.9555 | 0.0274 | 0.9449 | 0.9174 | 0.9554
0773 | 15:59:26 |  16.3s | 1.0e-04 | 0.0280 | 0.9363 | 0.9266 | 0.9541 | 0.0270 | 0.9382 | 0.9269 | 0.9564
0774 | 15:59:48 |  15.5s | 1.0e-04 | 0.0280 | 0.9366 | 0.9283 | 0.9554 | 0.0275 | 0.9401 | 0.9230 | 0.9552
0775 | 16:00:10 |  15.7s | 1.0e-04 | 0.0283 | 0.9358 | 0.9267 | 0.9542 | 0.0271 | 0.9345 | 0.9310 | 0.9554
0776 | 16:00:32 |  15.9s | 1.0e-04 | 0.0281 | 0.9367 | 0.9272 | 0.9546 | 0.0274 | 0.9396 | 0.9238 | 0.9555
0777 | 16:00:55 |  17.4s | 1.0e-04 | 0.0280 | 0.9361 | 0.9267 | 0.9539 | 0.0273 | 0.9382 | 0.9258 | 0.9555
0778 | 16:01:19 |  15.8s | 1.0e-04 | 0.0255 | 0.9403 | 0.9316 | 0.9603 | 0.0272 | 0.9346 | 0.9299 | 0.9556
0779 | 16:01:42 |  15.7s | 1.0e-04 | 0.0248 | 0.9411 | 0.9333 | 0.9623 | 0.0274 | 0.9360 | 0.9279 | 0.9550
0780 | 16:02:05 |  16.9s | 1.0e-04 | 0.0246 | 0.9421 | 0.9337 | 0.9631 | 0.0273 | 0.9279 | 0.9368 | 0.9556
0781 | 16:02:29 |  15.8s | 1.0e-04 | 0.0248 | 0.9406 | 0.9332 | 0.9616 | 0.0274 | 0.9402 | 0.9223 | 0.9547
0782 | 16:02:52 |  17.9s | 1.0e-04 | 0.0248 | 0.9417 | 0.9335 | 0.9622 | 0.0273 | 0.9304 | 0.9340 | 0.9552
0783 | 16:04:40 |  21.8s | 1.0e-04 | 0.0247 | 0.9417 | 0.9340 | 0.9627 | 0.0273 | 0.9365 | 0.9274 | 0.9548
0784 | 16:26:39 |  17.6s | 1.0e-04 | 0.0245 | 0.9416 | 0.9336 | 0.9628 | 0.0272 | 0.9412 | 0.9236 | 0.9552
0785 | 16:27:03 |  15.7s | 1.0e-04 | 0.0246 | 0.9417 | 0.9341 | 0.9627 | 0.0273 | 0.9349 | 0.9290 | 0.9555
0786 | 16:27:26 |  17.4s | 1.0e-04 | 0.0246 | 0.9419 | 0.9331 | 0.9626 | 0.0272 | 0.9330 | 0.9325 | 0.9561
0787 | 16:27:51 |  15.5s | 1.0e-04 | 0.0245 | 0.9419 | 0.9344 | 0.9632 | 0.0274 | 0.9350 | 0.9288 | 0.9548
0788 | 16:28:13 |  15.7s | 1.0e-04 | 0.0248 | 0.9423 | 0.9335 | 0.9631 | 0.0279 | 0.9209 | 0.9414 | 0.9560
0789 | 16:28:35 |  15.5s | 1.0e-04 | 0.0244 | 0.9428 | 0.9342 | 0.9639 | 0.0273 | 0.9331 | 0.9316 | 0.9553
0790 | 16:29:00 |  19.4s | 1.0e-04 | 0.0244 | 0.9418 | 0.9330 | 0.9630 | 0.0274 | 0.9433 | 0.9196 | 0.9557
0791 | 16:32:12 |  18.0s | 1.0e-04 | 0.0245 | 0.9423 | 0.9339 | 0.9635 | 0.0274 | 0.9353 | 0.9289 | 0.9553
0792 | 16:32:55 |  17.9s | 1.0e-04 | 0.0243 | 0.9429 | 0.9352 | 0.9638 | 0.0274 | 0.9359 | 0.9286 | 0.9549
0793 | 16:39:45 |  27.6s | 1.0e-04 | 0.0245 | 0.9420 | 0.9339 | 0.9631 | 0.0272 | 0.9340 | 0.9311 | 0.9555
