nohup: ignoring input
Device: cuda | Experiment: 13 Features | Events: 200000
Starting training...
Epoch 001 | Time: 169.6s | LR: 2.00e-04 | T-Loss: 0.1274 | V-Loss: 0.1272 | T-Prec: 0.6680 | V-Prec: 0.6691 | T-Rec: 0.4165 | V-Rec: 0.4248 | T-P@R0.9: 0.3665 | V-P@R0.9: 0.3707
Epoch 002 | Time: 169.7s | LR: 2.00e-04 | T-Loss: 0.1238 | V-Loss: 0.1237 | T-Prec: 0.6772 | V-Prec: 0.6778 | T-Rec: 0.4377 | V-Rec: 0.4479 | T-P@R0.9: 0.3825 | V-P@R0.9: 0.3856
Epoch 003 | Time: 170.3s | LR: 2.00e-04 | T-Loss: 0.1216 | V-Loss: 0.1214 | T-Prec: 0.6859 | V-Prec: 0.6865 | T-Rec: 0.4474 | V-Rec: 0.4565 | T-P@R0.9: 0.3902 | V-P@R0.9: 0.3937
Epoch 004 | Time: 170.5s | LR: 2.00e-04 | T-Loss: 0.1206 | V-Loss: 0.1203 | T-Prec: 0.6852 | V-Prec: 0.6863 | T-Rec: 0.4589 | V-Rec: 0.4667 | T-P@R0.9: 0.3937 | V-P@R0.9: 0.3979
Epoch 005 | Time: 169.2s | LR: 2.00e-04 | T-Loss: 0.1199 | V-Loss: 0.1196 | T-Prec: 0.6909 | V-Prec: 0.6912 | T-Rec: 0.4562 | V-Rec: 0.4646 | T-P@R0.9: 0.3970 | V-P@R0.9: 0.4006
Epoch 006 | Time: 169.8s | LR: 2.00e-04 | T-Loss: 0.1196 | V-Loss: 0.1193 | T-Prec: 0.6720 | V-Prec: 0.6729 | T-Rec: 0.4973 | V-Rec: 0.5064 | T-P@R0.9: 0.4001 | V-P@R0.9: 0.4040
Epoch 007 | Time: 169.7s | LR: 2.00e-04 | T-Loss: 0.1189 | V-Loss: 0.1186 | T-Prec: 0.6815 | V-Prec: 0.6833 | T-Rec: 0.4820 | V-Rec: 0.4911 | T-P@R0.9: 0.4026 | V-P@R0.9: 0.4068
Epoch 008 | Time: 169.1s | LR: 2.00e-04 | T-Loss: 0.1188 | V-Loss: 0.1185 | T-Prec: 0.6716 | V-Prec: 0.6730 | T-Rec: 0.5029 | V-Rec: 0.5127 | T-P@R0.9: 0.4031 | V-P@R0.9: 0.4075
Epoch 009 | Time: 168.0s | LR: 2.00e-04 | T-Loss: 0.1184 | V-Loss: 0.1181 | T-Prec: 0.6755 | V-Prec: 0.6765 | T-Rec: 0.5023 | V-Rec: 0.5121 | T-P@R0.9: 0.4046 | V-P@R0.9: 0.4088
Epoch 010 | Time: 170.9s | LR: 2.00e-04 | T-Loss: 0.1180 | V-Loss: 0.1178 | T-Prec: 0.6769 | V-Prec: 0.6779 | T-Rec: 0.5054 | V-Rec: 0.5143 | T-P@R0.9: 0.4062 | V-P@R0.9: 0.4104
Epoch 011 | Time: 170.1s | LR: 2.00e-04 | T-Loss: 0.1176 | V-Loss: 0.1174 | T-Prec: 0.6801 | V-Prec: 0.6811 | T-Rec: 0.5042 | V-Rec: 0.5133 | T-P@R0.9: 0.4076 | V-P@R0.9: 0.4115
Epoch 012 | Time: 168.9s | LR: 2.00e-04 | T-Loss: 0.1172 | V-Loss: 0.1171 | T-Prec: 0.6830 | V-Prec: 0.6833 | T-Rec: 0.5045 | V-Rec: 0.5134 | T-P@R0.9: 0.4082 | V-P@R0.9: 0.4112
Epoch 013 | Time: 170.2s | LR: 2.00e-04 | T-Loss: 0.1169 | V-Loss: 0.1168 | T-Prec: 0.6901 | V-Prec: 0.6894 | T-Rec: 0.4998 | V-Rec: 0.5079 | T-P@R0.9: 0.4094 | V-P@R0.9: 0.4133
Epoch 014 | Time: 169.9s | LR: 2.00e-04 | T-Loss: 0.1170 | V-Loss: 0.1173 | T-Prec: 0.6901 | V-Prec: 0.6897 | T-Rec: 0.4990 | V-Rec: 0.5073 | T-P@R0.9: 0.4107 | V-P@R0.9: 0.4143
Epoch 015 | Time: 169.8s | LR: 2.00e-04 | T-Loss: 0.1165 | V-Loss: 0.1164 | T-Prec: 0.7058 | V-Prec: 0.7048 | T-Rec: 0.4758 | V-Rec: 0.4837 | T-P@R0.9: 0.4114 | V-P@R0.9: 0.4147
Epoch 016 | Time: 169.4s | LR: 2.00e-04 | T-Loss: 0.1161 | V-Loss: 0.1160 | T-Prec: 0.6992 | V-Prec: 0.6994 | T-Rec: 0.4923 | V-Rec: 0.4998 | T-P@R0.9: 0.4126 | V-P@R0.9: 0.4159
Epoch 017 | Time: 169.0s | LR: 2.00e-04 | T-Loss: 0.1159 | V-Loss: 0.1157 | T-Prec: 0.7050 | V-Prec: 0.7051 | T-Rec: 0.4864 | V-Rec: 0.4940 | T-P@R0.9: 0.4140 | V-P@R0.9: 0.4172
Epoch 018 | Time: 169.5s | LR: 2.00e-04 | T-Loss: 0.1156 | V-Loss: 0.1154 | T-Prec: 0.7013 | V-Prec: 0.7005 | T-Rec: 0.4973 | V-Rec: 0.5033 | T-P@R0.9: 0.4151 | V-P@R0.9: 0.4185
Epoch 019 | Time: 170.0s | LR: 2.00e-04 | T-Loss: 0.1156 | V-Loss: 0.1154 | T-Prec: 0.7089 | V-Prec: 0.7088 | T-Rec: 0.4831 | V-Rec: 0.4910 | T-P@R0.9: 0.4164 | V-P@R0.9: 0.4196
Epoch 020 | Time: 169.3s | LR: 2.00e-04 | T-Loss: 0.1151 | V-Loss: 0.1150 | T-Prec: 0.7016 | V-Prec: 0.7004 | T-Rec: 0.5021 | V-Rec: 0.5080 | T-P@R0.9: 0.4167 | V-P@R0.9: 0.4199
Epoch 021 | Time: 168.8s | LR: 2.00e-04 | T-Loss: 0.1149 | V-Loss: 0.1147 | T-Prec: 0.7050 | V-Prec: 0.7039 | T-Rec: 0.5020 | V-Rec: 0.5089 | T-P@R0.9: 0.4173 | V-P@R0.9: 0.4206
Epoch 022 | Time: 170.6s | LR: 2.00e-04 | T-Loss: 0.1147 | V-Loss: 0.1145 | T-Prec: 0.7070 | V-Prec: 0.7066 | T-Rec: 0.4980 | V-Rec: 0.5049 | T-P@R0.9: 0.4180 | V-P@R0.9: 0.4213
Epoch 023 | Time: 169.2s | LR: 2.00e-04 | T-Loss: 0.1144 | V-Loss: 0.1143 | T-Prec: 0.7059 | V-Prec: 0.7049 | T-Rec: 0.5081 | V-Rec: 0.5143 | T-P@R0.9: 0.4187 | V-P@R0.9: 0.4222
Epoch 024 | Time: 169.2s | LR: 2.00e-04 | T-Loss: 0.1143 | V-Loss: 0.1141 | T-Prec: 0.7142 | V-Prec: 0.7146 | T-Rec: 0.4915 | V-Rec: 0.4977 | T-P@R0.9: 0.4202 | V-P@R0.9: 0.4234
Epoch 025 | Time: 169.9s | LR: 2.00e-04 | T-Loss: 0.1140 | V-Loss: 0.1139 | T-Prec: 0.7029 | V-Prec: 0.7028 | T-Rec: 0.5126 | V-Rec: 0.5183 | T-P@R0.9: 0.4206 | V-P@R0.9: 0.4241
Epoch 026 | Time: 168.4s | LR: 2.00e-04 | T-Loss: 0.1136 | V-Loss: 0.1134 | T-Prec: 0.6979 | V-Prec: 0.6977 | T-Rec: 0.5324 | V-Rec: 0.5382 | T-P@R0.9: 0.4215 | V-P@R0.9: 0.4253
Epoch 027 | Time: 169.9s | LR: 2.00e-04 | T-Loss: 0.1135 | V-Loss: 0.1134 | T-Prec: 0.7052 | V-Prec: 0.7062 | T-Rec: 0.5198 | V-Rec: 0.5264 | T-P@R0.9: 0.4228 | V-P@R0.9: 0.4260
Epoch 028 | Time: 170.5s | LR: 2.00e-04 | T-Loss: 0.1132 | V-Loss: 0.1131 | T-Prec: 0.6821 | V-Prec: 0.6828 | T-Rec: 0.5640 | V-Rec: 0.5701 | T-P@R0.9: 0.4239 | V-P@R0.9: 0.4263
Epoch 029 | Time: 170.1s | LR: 2.00e-04 | T-Loss: 0.1129 | V-Loss: 0.1128 | T-Prec: 0.6971 | V-Prec: 0.6981 | T-Rec: 0.5395 | V-Rec: 0.5461 | T-P@R0.9: 0.4247 | V-P@R0.9: 0.4278
Epoch 030 | Time: 170.3s | LR: 2.00e-04 | T-Loss: 0.1129 | V-Loss: 0.1129 | T-Prec: 0.7121 | V-Prec: 0.7120 | T-Rec: 0.5103 | V-Rec: 0.5148 | T-P@R0.9: 0.4248 | V-P@R0.9: 0.4276
Epoch 031 | Time: 169.9s | LR: 2.00e-04 | T-Loss: 0.1129 | V-Loss: 0.1128 | T-Prec: 0.6812 | V-Prec: 0.6819 | T-Rec: 0.5760 | V-Rec: 0.5815 | T-P@R0.9: 0.4255 | V-P@R0.9: 0.4278
Epoch 032 | Time: 169.7s | LR: 2.00e-04 | T-Loss: 0.1123 | V-Loss: 0.1123 | T-Prec: 0.6962 | V-Prec: 0.6975 | T-Rec: 0.5494 | V-Rec: 0.5539 | T-P@R0.9: 0.4272 | V-P@R0.9: 0.4302
Epoch 033 | Time: 170.9s | LR: 2.00e-04 | T-Loss: 0.1122 | V-Loss: 0.1120 | T-Prec: 0.7139 | V-Prec: 0.7143 | T-Rec: 0.5176 | V-Rec: 0.5238 | T-P@R0.9: 0.4278 | V-P@R0.9: 0.4303
Epoch 034 | Time: 169.8s | LR: 2.00e-04 | T-Loss: 0.1119 | V-Loss: 0.1118 | T-Prec: 0.6967 | V-Prec: 0.6974 | T-Rec: 0.5549 | V-Rec: 0.5594 | T-P@R0.9: 0.4280 | V-P@R0.9: 0.4301
Epoch 035 | Time: 169.1s | LR: 2.00e-04 | T-Loss: 0.1118 | V-Loss: 0.1117 | T-Prec: 0.7110 | V-Prec: 0.7110 | T-Rec: 0.5282 | V-Rec: 0.5342 | T-P@R0.9: 0.4285 | V-P@R0.9: 0.4313
Epoch 036 | Time: 170.3s | LR: 2.00e-04 | T-Loss: 0.1120 | V-Loss: 0.1118 | T-Prec: 0.7120 | V-Prec: 0.7109 | T-Rec: 0.5273 | V-Rec: 0.5337 | T-P@R0.9: 0.4286 | V-P@R0.9: 0.4309
Epoch 037 | Time: 168.8s | LR: 2.00e-04 | T-Loss: 0.1113 | V-Loss: 0.1112 | T-Prec: 0.7046 | V-Prec: 0.7046 | T-Rec: 0.5456 | V-Rec: 0.5508 | T-P@R0.9: 0.4299 | V-P@R0.9: 0.4322
Epoch 038 | Time: 169.4s | LR: 2.00e-04 | T-Loss: 0.1112 | V-Loss: 0.1111 | T-Prec: 0.6973 | V-Prec: 0.6970 | T-Rec: 0.5638 | V-Rec: 0.5684 | T-P@R0.9: 0.4312 | V-P@R0.9: 0.4326
Epoch 039 | Time: 168.9s | LR: 2.00e-04 | T-Loss: 0.1113 | V-Loss: 0.1112 | T-Prec: 0.7144 | V-Prec: 0.7135 | T-Rec: 0.5321 | V-Rec: 0.5367 | T-P@R0.9: 0.4305 | V-P@R0.9: 0.4330
Epoch 040 | Time: 169.3s | LR: 2.00e-04 | T-Loss: 0.1114 | V-Loss: 0.1113 | T-Prec: 0.6893 | V-Prec: 0.6911 | T-Rec: 0.5773 | V-Rec: 0.5831 | T-P@R0.9: 0.4305 | V-P@R0.9: 0.4326
Epoch 041 | Time: 169.2s | LR: 2.00e-04 | T-Loss: 0.1107 | V-Loss: 0.1106 | T-Prec: 0.7026 | V-Prec: 0.7030 | T-Rec: 0.5582 | V-Rec: 0.5632 | T-P@R0.9: 0.4322 | V-P@R0.9: 0.4344
Epoch 042 | Time: 170.1s | LR: 2.00e-04 | T-Loss: 0.1107 | V-Loss: 0.1106 | T-Prec: 0.7108 | V-Prec: 0.7106 | T-Rec: 0.5449 | V-Rec: 0.5496 | T-P@R0.9: 0.4327 | V-P@R0.9: 0.4354
Epoch 043 | Time: 170.6s | LR: 2.00e-04 | T-Loss: 0.1106 | V-Loss: 0.1105 | T-Prec: 0.7066 | V-Prec: 0.7064 | T-Rec: 0.5531 | V-Rec: 0.5589 | T-P@R0.9: 0.4333 | V-P@R0.9: 0.4347
Epoch 044 | Time: 169.8s | LR: 2.00e-04 | T-Loss: 0.1104 | V-Loss: 0.1103 | T-Prec: 0.6987 | V-Prec: 0.6998 | T-Rec: 0.5688 | V-Rec: 0.5739 | T-P@R0.9: 0.4330 | V-P@R0.9: 0.4353
Epoch 045 | Time: 169.3s | LR: 2.00e-04 | T-Loss: 0.1103 | V-Loss: 0.1102 | T-Prec: 0.7039 | V-Prec: 0.7042 | T-Rec: 0.5612 | V-Rec: 0.5670 | T-P@R0.9: 0.4345 | V-P@R0.9: 0.4358
Epoch 046 | Time: 169.8s | LR: 2.00e-04 | T-Loss: 0.1109 | V-Loss: 0.1111 | T-Prec: 0.7161 | V-Prec: 0.7159 | T-Rec: 0.5374 | V-Rec: 0.5423 | T-P@R0.9: 0.4352 | V-P@R0.9: 0.4375
Epoch 047 | Time: 170.0s | LR: 2.00e-04 | T-Loss: 0.1100 | V-Loss: 0.1100 | T-Prec: 0.7211 | V-Prec: 0.7213 | T-Rec: 0.5331 | V-Rec: 0.5405 | T-P@R0.9: 0.4347 | V-P@R0.9: 0.4367
Epoch 048 | Time: 169.4s | LR: 2.00e-04 | T-Loss: 0.1101 | V-Loss: 0.1100 | T-Prec: 0.7179 | V-Prec: 0.7182 | T-Rec: 0.5403 | V-Rec: 0.5471 | T-P@R0.9: 0.4350 | V-P@R0.9: 0.4365
Epoch 049 | Time: 169.6s | LR: 2.00e-04 | T-Loss: 0.1100 | V-Loss: 0.1100 | T-Prec: 0.7238 | V-Prec: 0.7224 | T-Rec: 0.5325 | V-Rec: 0.5380 | T-P@R0.9: 0.4358 | V-P@R0.9: 0.4372
Epoch 050 | Time: 170.0s | LR: 2.00e-04 | T-Loss: 0.1101 | V-Loss: 0.1101 | T-Prec: 0.6971 | V-Prec: 0.6978 | T-Rec: 0.5773 | V-Rec: 0.5825 | T-P@R0.9: 0.4355 | V-P@R0.9: 0.4372
Epoch 051 | Time: 171.0s | LR: 2.00e-04 | T-Loss: 0.1098 | V-Loss: 0.1097 | T-Prec: 0.7298 | V-Prec: 0.7296 | T-Rec: 0.5190 | V-Rec: 0.5264 | T-P@R0.9: 0.4364 | V-P@R0.9: 0.4383
Epoch 052 | Time: 169.9s | LR: 2.00e-04 | T-Loss: 0.1096 | V-Loss: 0.1096 | T-Prec: 0.7092 | V-Prec: 0.7091 | T-Rec: 0.5581 | V-Rec: 0.5650 | T-P@R0.9: 0.4368 | V-P@R0.9: 0.4390
Epoch 053 | Time: 169.7s | LR: 2.00e-04 | T-Loss: 0.1095 | V-Loss: 0.1095 | T-Prec: 0.7134 | V-Prec: 0.7126 | T-Rec: 0.5554 | V-Rec: 0.5626 | T-P@R0.9: 0.4367 | V-P@R0.9: 0.4383
Epoch 054 | Time: 169.8s | LR: 2.00e-04 | T-Loss: 0.1096 | V-Loss: 0.1096 | T-Prec: 0.7181 | V-Prec: 0.7169 | T-Rec: 0.5448 | V-Rec: 0.5524 | T-P@R0.9: 0.4358 | V-P@R0.9: 0.4374
Epoch 055 | Time: 170.6s | LR: 2.00e-04 | T-Loss: 0.1091 | V-Loss: 0.1091 | T-Prec: 0.7141 | V-Prec: 0.7132 | T-Rec: 0.5576 | V-Rec: 0.5641 | T-P@R0.9: 0.4389 | V-P@R0.9: 0.4406
Epoch 056 | Time: 169.8s | LR: 2.00e-04 | T-Loss: 0.1093 | V-Loss: 0.1093 | T-Prec: 0.7135 | V-Prec: 0.7144 | T-Rec: 0.5535 | V-Rec: 0.5597 | T-P@R0.9: 0.4378 | V-P@R0.9: 0.4393
Epoch 057 | Time: 169.2s | LR: 2.00e-04 | T-Loss: 0.1093 | V-Loss: 0.1094 | T-Prec: 0.7001 | V-Prec: 0.6992 | T-Rec: 0.5802 | V-Rec: 0.5864 | T-P@R0.9: 0.4375 | V-P@R0.9: 0.4385
Epoch 058 | Time: 170.3s | LR: 2.00e-04 | T-Loss: 0.1089 | V-Loss: 0.1089 | T-Prec: 0.7154 | V-Prec: 0.7155 | T-Rec: 0.5565 | V-Rec: 0.5638 | T-P@R0.9: 0.4385 | V-P@R0.9: 0.4409
Epoch 059 | Time: 170.0s | LR: 2.00e-04 | T-Loss: 0.1091 | V-Loss: 0.1091 | T-Prec: 0.7331 | V-Prec: 0.7324 | T-Rec: 0.5258 | V-Rec: 0.5325 | T-P@R0.9: 0.4391 | V-P@R0.9: 0.4397
Epoch 060 | Time: 170.5s | LR: 2.00e-04 | T-Loss: 0.1095 | V-Loss: 0.1095 | T-Prec: 0.7288 | V-Prec: 0.7278 | T-Rec: 0.5305 | V-Rec: 0.5376 | T-P@R0.9: 0.4395 | V-P@R0.9: 0.4411
Epoch 061 | Time: 169.5s | LR: 2.00e-04 | T-Loss: 0.1091 | V-Loss: 0.1091 | T-Prec: 0.7182 | V-Prec: 0.7178 | T-Rec: 0.5549 | V-Rec: 0.5606 | T-P@R0.9: 0.4378 | V-P@R0.9: 0.4385
Epoch 062 | Time: 170.7s | LR: 2.00e-04 | T-Loss: 0.1087 | V-Loss: 0.1087 | T-Prec: 0.7191 | V-Prec: 0.7172 | T-Rec: 0.5552 | V-Rec: 0.5612 | T-P@R0.9: 0.4402 | V-P@R0.9: 0.4420
Epoch 063 | Time: 171.3s | LR: 2.00e-04 | T-Loss: 0.1085 | V-Loss: 0.1085 | T-Prec: 0.7083 | V-Prec: 0.7088 | T-Rec: 0.5740 | V-Rec: 0.5810 | T-P@R0.9: 0.4408 | V-P@R0.9: 0.4423
Epoch 064 | Time: 170.2s | LR: 2.00e-04 | T-Loss: 0.1085 | V-Loss: 0.1085 | T-Prec: 0.7231 | V-Prec: 0.7225 | T-Rec: 0.5497 | V-Rec: 0.5568 | T-P@R0.9: 0.4418 | V-P@R0.9: 0.4426
Epoch 065 | Time: 171.6s | LR: 2.00e-04 | T-Loss: 0.1087 | V-Loss: 0.1087 | T-Prec: 0.7241 | V-Prec: 0.7229 | T-Rec: 0.5475 | V-Rec: 0.5523 | T-P@R0.9: 0.4404 | V-P@R0.9: 0.4423
Epoch 066 | Time: 171.2s | LR: 2.00e-04 | T-Loss: 0.1085 | V-Loss: 0.1086 | T-Prec: 0.7371 | V-Prec: 0.7363 | T-Rec: 0.5230 | V-Rec: 0.5300 | T-P@R0.9: 0.4421 | V-P@R0.9: 0.4434
Epoch 067 | Time: 170.6s | LR: 2.00e-04 | T-Loss: 0.1083 | V-Loss: 0.1084 | T-Prec: 0.7212 | V-Prec: 0.7212 | T-Rec: 0.5536 | V-Rec: 0.5600 | T-P@R0.9: 0.4421 | V-P@R0.9: 0.4426
Epoch 068 | Time: 170.3s | LR: 2.00e-04 | T-Loss: 0.1082 | V-Loss: 0.1083 | T-Prec: 0.7011 | V-Prec: 0.7005 | T-Rec: 0.5914 | V-Rec: 0.5965 | T-P@R0.9: 0.4425 | V-P@R0.9: 0.4440
Epoch 069 | Time: 169.7s | LR: 2.00e-04 | T-Loss: 0.1082 | V-Loss: 0.1083 | T-Prec: 0.7003 | V-Prec: 0.6993 | T-Rec: 0.5952 | V-Rec: 0.6008 | T-P@R0.9: 0.4432 | V-P@R0.9: 0.4437
Epoch 070 | Time: 170.2s | LR: 2.00e-04 | T-Loss: 0.1081 | V-Loss: 0.1082 | T-Prec: 0.7225 | V-Prec: 0.7219 | T-Rec: 0.5552 | V-Rec: 0.5607 | T-P@R0.9: 0.4433 | V-P@R0.9: 0.4442
Epoch 071 | Time: 171.8s | LR: 2.00e-04 | T-Loss: 0.1081 | V-Loss: 0.1082 | T-Prec: 0.7138 | V-Prec: 0.7133 | T-Rec: 0.5722 | V-Rec: 0.5780 | T-P@R0.9: 0.4439 | V-P@R0.9: 0.4443
Epoch 072 | Time: 170.5s | LR: 2.00e-04 | T-Loss: 0.1080 | V-Loss: 0.1081 | T-Prec: 0.7028 | V-Prec: 0.7026 | T-Rec: 0.5921 | V-Rec: 0.5971 | T-P@R0.9: 0.4426 | V-P@R0.9: 0.4443
Epoch 073 | Time: 170.8s | LR: 2.00e-04 | T-Loss: 0.1078 | V-Loss: 0.1080 | T-Prec: 0.7084 | V-Prec: 0.7077 | T-Rec: 0.5827 | V-Rec: 0.5893 | T-P@R0.9: 0.4443 | V-P@R0.9: 0.4450
Epoch 074 | Time: 171.8s | LR: 2.00e-04 | T-Loss: 0.1080 | V-Loss: 0.1082 | T-Prec: 0.7332 | V-Prec: 0.7320 | T-Rec: 0.5354 | V-Rec: 0.5403 | T-P@R0.9: 0.4441 | V-P@R0.9: 0.4443
Epoch 075 | Time: 170.2s | LR: 2.00e-04 | T-Loss: 0.1077 | V-Loss: 0.1078 | T-Prec: 0.7091 | V-Prec: 0.7087 | T-Rec: 0.5843 | V-Rec: 0.5892 | T-P@R0.9: 0.4435 | V-P@R0.9: 0.4447
Epoch 076 | Time: 170.6s | LR: 2.00e-04 | T-Loss: 0.1078 | V-Loss: 0.1079 | T-Prec: 0.7211 | V-Prec: 0.7202 | T-Rec: 0.5598 | V-Rec: 0.5654 | T-P@R0.9: 0.4445 | V-P@R0.9: 0.4449
Epoch 077 | Time: 170.8s | LR: 2.00e-04 | T-Loss: 0.1086 | V-Loss: 0.1087 | T-Prec: 0.6875 | V-Prec: 0.6879 | T-Rec: 0.6187 | V-Rec: 0.6232 | T-P@R0.9: 0.4418 | V-P@R0.9: 0.4428
Epoch 078 | Time: 169.2s | LR: 2.00e-04 | T-Loss: 0.1075 | V-Loss: 0.1077 | T-Prec: 0.7316 | V-Prec: 0.7306 | T-Rec: 0.5470 | V-Rec: 0.5523 | T-P@R0.9: 0.4465 | V-P@R0.9: 0.4469
Epoch 079 | Time: 171.1s | LR: 2.00e-04 | T-Loss: 0.1075 | V-Loss: 0.1076 | T-Prec: 0.7289 | V-Prec: 0.7290 | T-Rec: 0.5514 | V-Rec: 0.5582 | T-P@R0.9: 0.4463 | V-P@R0.9: 0.4471
Epoch 080 | Time: 169.7s | LR: 2.00e-04 | T-Loss: 0.1074 | V-Loss: 0.1074 | T-Prec: 0.7268 | V-Prec: 0.7259 | T-Rec: 0.5574 | V-Rec: 0.5647 | T-P@R0.9: 0.4455 | V-P@R0.9: 0.4477
Epoch 081 | Time: 170.6s | LR: 2.00e-04 | T-Loss: 0.1074 | V-Loss: 0.1076 | T-Prec: 0.7295 | V-Prec: 0.7292 | T-Rec: 0.5511 | V-Rec: 0.5588 | T-P@R0.9: 0.4467 | V-P@R0.9: 0.4477
Epoch 082 | Time: 170.9s | LR: 2.00e-04 | T-Loss: 0.1076 | V-Loss: 0.1077 | T-Prec: 0.7301 | V-Prec: 0.7297 | T-Rec: 0.5529 | V-Rec: 0.5589 | T-P@R0.9: 0.4464 | V-P@R0.9: 0.4473
Epoch 083 | Time: 169.5s | LR: 2.00e-04 | T-Loss: 0.1076 | V-Loss: 0.1077 | T-Prec: 0.7219 | V-Prec: 0.7214 | T-Rec: 0.5631 | V-Rec: 0.5696 | T-P@R0.9: 0.4453 | V-P@R0.9: 0.4463
Epoch 084 | Time: 169.5s | LR: 2.00e-04 | T-Loss: 0.1074 | V-Loss: 0.1075 | T-Prec: 0.7244 | V-Prec: 0.7242 | T-Rec: 0.5610 | V-Rec: 0.5656 | T-P@R0.9: 0.4465 | V-P@R0.9: 0.4476
Epoch 085 | Time: 169.4s | LR: 2.00e-04 | T-Loss: 0.1075 | V-Loss: 0.1077 | T-Prec: 0.7237 | V-Prec: 0.7240 | T-Rec: 0.5610 | V-Rec: 0.5662 | T-P@R0.9: 0.4450 | V-P@R0.9: 0.4464
Epoch 086 | Time: 169.7s | LR: 2.00e-04 | T-Loss: 0.1070 | V-Loss: 0.1071 | T-Prec: 0.7190 | V-Prec: 0.7181 | T-Rec: 0.5735 | V-Rec: 0.5796 | T-P@R0.9: 0.4473 | V-P@R0.9: 0.4476
Epoch 087 | Time: 168.8s | LR: 2.00e-04 | T-Loss: 0.1071 | V-Loss: 0.1073 | T-Prec: 0.7027 | V-Prec: 0.7030 | T-Rec: 0.6016 | V-Rec: 0.6064 | T-P@R0.9: 0.4466 | V-P@R0.9: 0.4473
Epoch 088 | Time: 169.2s | LR: 2.00e-04 | T-Loss: 0.1070 | V-Loss: 0.1071 | T-Prec: 0.7157 | V-Prec: 0.7152 | T-Rec: 0.5782 | V-Rec: 0.5843 | T-P@R0.9: 0.4472 | V-P@R0.9: 0.4491
Epoch 089 | Time: 170.1s | LR: 2.00e-04 | T-Loss: 0.1069 | V-Loss: 0.1071 | T-Prec: 0.7069 | V-Prec: 0.7072 | T-Rec: 0.5993 | V-Rec: 0.6033 | T-P@R0.9: 0.4481 | V-P@R0.9: 0.4489
Epoch 090 | Time: 168.8s | LR: 2.00e-04 | T-Loss: 0.1072 | V-Loss: 0.1073 | T-Prec: 0.7397 | V-Prec: 0.7389 | T-Rec: 0.5382 | V-Rec: 0.5446 | T-P@R0.9: 0.4481 | V-P@R0.9: 0.4481
Epoch 091 | Time: 168.9s | LR: 2.00e-04 | T-Loss: 0.1068 | V-Loss: 0.1070 | T-Prec: 0.7308 | V-Prec: 0.7306 | T-Rec: 0.5552 | V-Rec: 0.5613 | T-P@R0.9: 0.4497 | V-P@R0.9: 0.4500
Epoch 092 | Time: 169.9s | LR: 2.00e-04 | T-Loss: 0.1067 | V-Loss: 0.1068 | T-Prec: 0.7271 | V-Prec: 0.7265 | T-Rec: 0.5622 | V-Rec: 0.5682 | T-P@R0.9: 0.4491 | V-P@R0.9: 0.4495
Epoch 093 | Time: 170.2s | LR: 2.00e-04 | T-Loss: 0.1070 | V-Loss: 0.1072 | T-Prec: 0.7187 | V-Prec: 0.7191 | T-Rec: 0.5686 | V-Rec: 0.5731 | T-P@R0.9: 0.4494 | V-P@R0.9: 0.4496
Epoch 094 | Time: 169.6s | LR: 2.00e-04 | T-Loss: 0.1067 | V-Loss: 0.1068 | T-Prec: 0.7207 | V-Prec: 0.7198 | T-Rec: 0.5759 | V-Rec: 0.5813 | T-P@R0.9: 0.4499 | V-P@R0.9: 0.4504
Epoch 095 | Time: 169.3s | LR: 2.00e-04 | T-Loss: 0.1066 | V-Loss: 0.1068 | T-Prec: 0.7128 | V-Prec: 0.7126 | T-Rec: 0.5881 | V-Rec: 0.5944 | T-P@R0.9: 0.4495 | V-P@R0.9: 0.4505
Epoch 096 | Time: 169.1s | LR: 2.00e-04 | T-Loss: 0.1064 | V-Loss: 0.1066 | T-Prec: 0.7276 | V-Prec: 0.7279 | T-Rec: 0.5643 | V-Rec: 0.5691 | T-P@R0.9: 0.4507 | V-P@R0.9: 0.4511
Epoch 097 | Time: 171.9s | LR: 2.00e-04 | T-Loss: 0.1071 | V-Loss: 0.1075 | T-Prec: 0.7172 | V-Prec: 0.7170 | T-Rec: 0.5781 | V-Rec: 0.5855 | T-P@R0.9: 0.4492 | V-P@R0.9: 0.4494
Epoch 098 | Time: 171.3s | LR: 2.00e-04 | T-Loss: 0.1065 | V-Loss: 0.1066 | T-Prec: 0.7251 | V-Prec: 0.7254 | T-Rec: 0.5660 | V-Rec: 0.5710 | T-P@R0.9: 0.4503 | V-P@R0.9: 0.4516
Epoch 099 | Time: 171.6s | LR: 2.00e-04 | T-Loss: 0.1065 | V-Loss: 0.1066 | T-Prec: 0.7163 | V-Prec: 0.7156 | T-Rec: 0.5865 | V-Rec: 0.5911 | T-P@R0.9: 0.4501 | V-P@R0.9: 0.4501
Epoch 100 | Time: 171.3s | LR: 2.00e-04 | T-Loss: 0.1066 | V-Loss: 0.1070 | T-Prec: 0.7347 | V-Prec: 0.7345 | T-Rec: 0.5551 | V-Rec: 0.5606 | T-P@R0.9: 0.4488 | V-P@R0.9: 0.4490
Epoch 101 | Time: 171.0s | LR: 2.00e-04 | T-Loss: 0.1064 | V-Loss: 0.1065 | T-Prec: 0.7067 | V-Prec: 0.7063 | T-Rec: 0.6030 | V-Rec: 0.6084 | T-P@R0.9: 0.4495 | V-P@R0.9: 0.4507
Epoch 102 | Time: 171.2s | LR: 2.00e-04 | T-Loss: 0.1068 | V-Loss: 0.1070 | T-Prec: 0.7406 | V-Prec: 0.7416 | T-Rec: 0.5366 | V-Rec: 0.5403 | T-P@R0.9: 0.4507 | V-P@R0.9: 0.4508
Epoch 103 | Time: 170.6s | LR: 2.00e-04 | T-Loss: 0.1067 | V-Loss: 0.1068 | T-Prec: 0.7418 | V-Prec: 0.7411 | T-Rec: 0.5426 | V-Rec: 0.5491 | T-P@R0.9: 0.4506 | V-P@R0.9: 0.4509
Epoch 104 | Time: 170.5s | LR: 2.00e-04 | T-Loss: 0.1062 | V-Loss: 0.1064 | T-Prec: 0.7115 | V-Prec: 0.7121 | T-Rec: 0.5947 | V-Rec: 0.6005 | T-P@R0.9: 0.4502 | V-P@R0.9: 0.4514
Epoch 105 | Time: 170.3s | LR: 2.00e-04 | T-Loss: 0.1060 | V-Loss: 0.1062 | T-Prec: 0.7142 | V-Prec: 0.7132 | T-Rec: 0.5917 | V-Rec: 0.5964 | T-P@R0.9: 0.4515 | V-P@R0.9: 0.4523
Epoch 106 | Time: 169.8s | LR: 2.00e-04 | T-Loss: 0.1062 | V-Loss: 0.1064 | T-Prec: 0.7326 | V-Prec: 0.7318 | T-Rec: 0.5578 | V-Rec: 0.5641 | T-P@R0.9: 0.4517 | V-P@R0.9: 0.4518
Epoch 107 | Time: 170.0s | LR: 2.00e-04 | T-Loss: 0.1062 | V-Loss: 0.1063 | T-Prec: 0.7187 | V-Prec: 0.7193 | T-Rec: 0.5848 | V-Rec: 0.5907 | T-P@R0.9: 0.4508 | V-P@R0.9: 0.4520
Epoch 108 | Time: 170.0s | LR: 2.00e-04 | T-Loss: 0.1060 | V-Loss: 0.1062 | T-Prec: 0.7413 | V-Prec: 0.7408 | T-Rec: 0.5487 | V-Rec: 0.5543 | T-P@R0.9: 0.4523 | V-P@R0.9: 0.4529
Epoch 109 | Time: 169.5s | LR: 2.00e-04 | T-Loss: 0.1059 | V-Loss: 0.1061 | T-Prec: 0.7170 | V-Prec: 0.7175 | T-Rec: 0.5898 | V-Rec: 0.5949 | T-P@R0.9: 0.4527 | V-P@R0.9: 0.4535
Epoch 110 | Time: 170.6s | LR: 2.00e-04 | T-Loss: 0.1062 | V-Loss: 0.1063 | T-Prec: 0.7032 | V-Prec: 0.7047 | T-Rec: 0.6104 | V-Rec: 0.6159 | T-P@R0.9: 0.4518 | V-P@R0.9: 0.4518
Epoch 111 | Time: 170.4s | LR: 2.00e-04 | T-Loss: 0.1058 | V-Loss: 0.1059 | T-Prec: 0.7208 | V-Prec: 0.7212 | T-Rec: 0.5857 | V-Rec: 0.5924 | T-P@R0.9: 0.4523 | V-P@R0.9: 0.4532
Epoch 112 | Time: 169.0s | LR: 2.00e-04 | T-Loss: 0.1059 | V-Loss: 0.1060 | T-Prec: 0.7293 | V-Prec: 0.7294 | T-Rec: 0.5708 | V-Rec: 0.5762 | T-P@R0.9: 0.4534 | V-P@R0.9: 0.4533
Epoch 113 | Time: 168.6s | LR: 2.00e-04 | T-Loss: 0.1057 | V-Loss: 0.1058 | T-Prec: 0.7355 | V-Prec: 0.7354 | T-Rec: 0.5605 | V-Rec: 0.5665 | T-P@R0.9: 0.4539 | V-P@R0.9: 0.4541
Epoch 114 | Time: 168.8s | LR: 2.00e-04 | T-Loss: 0.1059 | V-Loss: 0.1061 | T-Prec: 0.7214 | V-Prec: 0.7222 | T-Rec: 0.5822 | V-Rec: 0.5864 | T-P@R0.9: 0.4523 | V-P@R0.9: 0.4516
Epoch 115 | Time: 169.5s | LR: 2.00e-04 | T-Loss: 0.1057 | V-Loss: 0.1058 | T-Prec: 0.7389 | V-Prec: 0.7382 | T-Rec: 0.5550 | V-Rec: 0.5611 | T-P@R0.9: 0.4538 | V-P@R0.9: 0.4537
Epoch 116 | Time: 170.7s | LR: 2.00e-04 | T-Loss: 0.1057 | V-Loss: 0.1059 | T-Prec: 0.7274 | V-Prec: 0.7266 | T-Rec: 0.5754 | V-Rec: 0.5810 | T-P@R0.9: 0.4543 | V-P@R0.9: 0.4546
Epoch 117 | Time: 169.9s | LR: 2.00e-04 | T-Loss: 0.1056 | V-Loss: 0.1058 | T-Prec: 0.7234 | V-Prec: 0.7228 | T-Rec: 0.5834 | V-Rec: 0.5888 | T-P@R0.9: 0.4530 | V-P@R0.9: 0.4537
Epoch 118 | Time: 169.3s | LR: 2.00e-04 | T-Loss: 0.1057 | V-Loss: 0.1058 | T-Prec: 0.7198 | V-Prec: 0.7207 | T-Rec: 0.5868 | V-Rec: 0.5921 | T-P@R0.9: 0.4545 | V-P@R0.9: 0.4540
Epoch 119 | Time: 170.3s | LR: 2.00e-04 | T-Loss: 0.1059 | V-Loss: 0.1060 | T-Prec: 0.7261 | V-Prec: 0.7265 | T-Rec: 0.5718 | V-Rec: 0.5759 | T-P@R0.9: 0.4543 | V-P@R0.9: 0.4552
Epoch 120 | Time: 170.7s | LR: 2.00e-04 | T-Loss: 0.1055 | V-Loss: 0.1057 | T-Prec: 0.7207 | V-Prec: 0.7198 | T-Rec: 0.5878 | V-Rec: 0.5930 | T-P@R0.9: 0.4543 | V-P@R0.9: 0.4540
Epoch 121 | Time: 170.4s | LR: 2.00e-04 | T-Loss: 0.1055 | V-Loss: 0.1057 | T-Prec: 0.7408 | V-Prec: 0.7416 | T-Rec: 0.5527 | V-Rec: 0.5582 | T-P@R0.9: 0.4542 | V-P@R0.9: 0.4548
Epoch 122 | Time: 170.2s | LR: 2.00e-04 | T-Loss: 0.1055 | V-Loss: 0.1056 | T-Prec: 0.7364 | V-Prec: 0.7361 | T-Rec: 0.5618 | V-Rec: 0.5671 | T-P@R0.9: 0.4552 | V-P@R0.9: 0.4556
Epoch 123 | Time: 169.7s | LR: 2.00e-04 | T-Loss: 0.1056 | V-Loss: 0.1059 | T-Prec: 0.7413 | V-Prec: 0.7413 | T-Rec: 0.5538 | V-Rec: 0.5589 | T-P@R0.9: 0.4551 | V-P@R0.9: 0.4547
Epoch 124 | Time: 170.6s | LR: 2.00e-04 | T-Loss: 0.1058 | V-Loss: 0.1060 | T-Prec: 0.7183 | V-Prec: 0.7178 | T-Rec: 0.5924 | V-Rec: 0.5965 | T-P@R0.9: 0.4523 | V-P@R0.9: 0.4525
Epoch 125 | Time: 170.2s | LR: 2.00e-04 | T-Loss: 0.1056 | V-Loss: 0.1057 | T-Prec: 0.7444 | V-Prec: 0.7446 | T-Rec: 0.5455 | V-Rec: 0.5508 | T-P@R0.9: 0.4561 | V-P@R0.9: 0.4569
Epoch 126 | Time: 170.0s | LR: 2.00e-04 | T-Loss: 0.1055 | V-Loss: 0.1057 | T-Prec: 0.7266 | V-Prec: 0.7264 | T-Rec: 0.5792 | V-Rec: 0.5836 | T-P@R0.9: 0.4560 | V-P@R0.9: 0.4548
Epoch 127 | Time: 170.4s | LR: 2.00e-04 | T-Loss: 0.1057 | V-Loss: 0.1059 | T-Prec: 0.7202 | V-Prec: 0.7207 | T-Rec: 0.5836 | V-Rec: 0.5892 | T-P@R0.9: 0.4535 | V-P@R0.9: 0.4527
Epoch 128 | Time: 170.5s | LR: 2.00e-04 | T-Loss: 0.1052 | V-Loss: 0.1055 | T-Prec: 0.7206 | V-Prec: 0.7203 | T-Rec: 0.5918 | V-Rec: 0.5966 | T-P@R0.9: 0.4550 | V-P@R0.9: 0.4554
Epoch 129 | Time: 170.1s | LR: 2.00e-04 | T-Loss: 0.1055 | V-Loss: 0.1056 | T-Prec: 0.7155 | V-Prec: 0.7158 | T-Rec: 0.5959 | V-Rec: 0.6010 | T-P@R0.9: 0.4554 | V-P@R0.9: 0.4547
Epoch 130 | Time: 170.1s | LR: 2.00e-04 | T-Loss: 0.1052 | V-Loss: 0.1054 | T-Prec: 0.7133 | V-Prec: 0.7130 | T-Rec: 0.6038 | V-Rec: 0.6082 | T-P@R0.9: 0.4560 | V-P@R0.9: 0.4557
Epoch 131 | Time: 170.7s | LR: 2.00e-04 | T-Loss: 0.1053 | V-Loss: 0.1055 | T-Prec: 0.7470 | V-Prec: 0.7484 | T-Rec: 0.5418 | V-Rec: 0.5470 | T-P@R0.9: 0.4583 | V-P@R0.9: 0.4577
Epoch 132 | Time: 169.7s | LR: 2.00e-04 | T-Loss: 0.1057 | V-Loss: 0.1059 | T-Prec: 0.7436 | V-Prec: 0.7423 | T-Rec: 0.5495 | V-Rec: 0.5552 | T-P@R0.9: 0.4544 | V-P@R0.9: 0.4553
Epoch 133 | Time: 169.6s | LR: 2.00e-04 | T-Loss: 0.1053 | V-Loss: 0.1055 | T-Prec: 0.7205 | V-Prec: 0.7205 | T-Rec: 0.5933 | V-Rec: 0.5981 | T-P@R0.9: 0.4554 | V-P@R0.9: 0.4560
Epoch 134 | Time: 170.4s | LR: 2.00e-04 | T-Loss: 0.1054 | V-Loss: 0.1056 | T-Prec: 0.6962 | V-Prec: 0.6959 | T-Rec: 0.6327 | V-Rec: 0.6379 | T-P@R0.9: 0.4577 | V-P@R0.9: 0.4579
Epoch 135 | Time: 170.4s | LR: 2.00e-04 | T-Loss: 0.1050 | V-Loss: 0.1051 | T-Prec: 0.7201 | V-Prec: 0.7198 | T-Rec: 0.5950 | V-Rec: 0.5994 | T-P@R0.9: 0.4574 | V-P@R0.9: 0.4566
Epoch 136 | Time: 169.1s | LR: 2.00e-04 | T-Loss: 0.1050 | V-Loss: 0.1052 | T-Prec: 0.7235 | V-Prec: 0.7232 | T-Rec: 0.5895 | V-Rec: 0.5938 | T-P@R0.9: 0.4576 | V-P@R0.9: 0.4571
Epoch 137 | Time: 169.5s | LR: 2.00e-04 | T-Loss: 0.1050 | V-Loss: 0.1051 | T-Prec: 0.7317 | V-Prec: 0.7310 | T-Rec: 0.5757 | V-Rec: 0.5801 | T-P@R0.9: 0.4569 | V-P@R0.9: 0.4570
Epoch 138 | Time: 169.4s | LR: 2.00e-04 | T-Loss: 0.1051 | V-Loss: 0.1053 | T-Prec: 0.7368 | V-Prec: 0.7356 | T-Rec: 0.5664 | V-Rec: 0.5713 | T-P@R0.9: 0.4576 | V-P@R0.9: 0.4567
Epoch 139 | Time: 169.5s | LR: 2.00e-04 | T-Loss: 0.1048 | V-Loss: 0.1050 | T-Prec: 0.7382 | V-Prec: 0.7372 | T-Rec: 0.5658 | V-Rec: 0.5704 | T-P@R0.9: 0.4583 | V-P@R0.9: 0.4573
Epoch 140 | Time: 170.4s | LR: 2.00e-04 | T-Loss: 0.1047 | V-Loss: 0.1049 | T-Prec: 0.7338 | V-Prec: 0.7326 | T-Rec: 0.5724 | V-Rec: 0.5769 | T-P@R0.9: 0.4594 | V-P@R0.9: 0.4590
Epoch 141 | Time: 169.4s | LR: 2.00e-04 | T-Loss: 0.1049 | V-Loss: 0.1051 | T-Prec: 0.7207 | V-Prec: 0.7204 | T-Rec: 0.5928 | V-Rec: 0.5974 | T-P@R0.9: 0.4585 | V-P@R0.9: 0.4582
Epoch 142 | Time: 169.7s | LR: 2.00e-04 | T-Loss: 0.1049 | V-Loss: 0.1051 | T-Prec: 0.7356 | V-Prec: 0.7350 | T-Rec: 0.5662 | V-Rec: 0.5716 | T-P@R0.9: 0.4578 | V-P@R0.9: 0.4583
Epoch 143 | Time: 169.7s | LR: 2.00e-04 | T-Loss: 0.1049 | V-Loss: 0.1051 | T-Prec: 0.7197 | V-Prec: 0.7205 | T-Rec: 0.5943 | V-Rec: 0.5986 | T-P@R0.9: 0.4588 | V-P@R0.9: 0.4572
Epoch 144 | Time: 169.0s | LR: 2.00e-04 | T-Loss: 0.1045 | V-Loss: 0.1047 | T-Prec: 0.7255 | V-Prec: 0.7248 | T-Rec: 0.5900 | V-Rec: 0.5938 | T-P@R0.9: 0.4596 | V-P@R0.9: 0.4593
Epoch 145 | Time: 168.8s | LR: 2.00e-04 | T-Loss: 0.1047 | V-Loss: 0.1050 | T-Prec: 0.7198 | V-Prec: 0.7207 | T-Rec: 0.5958 | V-Rec: 0.6002 | T-P@R0.9: 0.4589 | V-P@R0.9: 0.4580
Epoch 146 | Time: 170.3s | LR: 2.00e-04 | T-Loss: 0.1052 | V-Loss: 0.1053 | T-Prec: 0.7526 | V-Prec: 0.7522 | T-Rec: 0.5424 | V-Rec: 0.5470 | T-P@R0.9: 0.4584 | V-P@R0.9: 0.4586
Epoch 147 | Time: 170.0s | LR: 2.00e-04 | T-Loss: 0.1049 | V-Loss: 0.1051 | T-Prec: 0.7109 | V-Prec: 0.7120 | T-Rec: 0.6114 | V-Rec: 0.6156 | T-P@R0.9: 0.4594 | V-P@R0.9: 0.4584
Epoch 148 | Time: 170.1s | LR: 2.00e-04 | T-Loss: 0.1047 | V-Loss: 0.1049 | T-Prec: 0.7291 | V-Prec: 0.7288 | T-Rec: 0.5812 | V-Rec: 0.5850 | T-P@R0.9: 0.4584 | V-P@R0.9: 0.4581
Epoch 149 | Time: 170.4s | LR: 2.00e-04 | T-Loss: 0.1046 | V-Loss: 0.1049 | T-Prec: 0.7333 | V-Prec: 0.7324 | T-Rec: 0.5767 | V-Rec: 0.5813 | T-P@R0.9: 0.4587 | V-P@R0.9: 0.4590
Epoch 150 | Time: 169.9s | LR: 2.00e-04 | T-Loss: 0.1045 | V-Loss: 0.1047 | T-Prec: 0.7229 | V-Prec: 0.7230 | T-Rec: 0.5953 | V-Rec: 0.6005 | T-P@R0.9: 0.4586 | V-P@R0.9: 0.4600
Epoch 151 | Time: 170.1s | LR: 2.00e-04 | T-Loss: 0.1048 | V-Loss: 0.1051 | T-Prec: 0.7020 | V-Prec: 0.7017 | T-Rec: 0.6309 | V-Rec: 0.6337 | T-P@R0.9: 0.4596 | V-P@R0.9: 0.4586
Epoch 152 | Time: 170.3s | LR: 2.00e-04 | T-Loss: 0.1044 | V-Loss: 0.1046 | T-Prec: 0.7255 | V-Prec: 0.7261 | T-Rec: 0.5898 | V-Rec: 0.5946 | T-P@R0.9: 0.4600 | V-P@R0.9: 0.4600
Epoch 153 | Time: 170.1s | LR: 2.00e-04 | T-Loss: 0.1045 | V-Loss: 0.1047 | T-Prec: 0.7348 | V-Prec: 0.7350 | T-Rec: 0.5769 | V-Rec: 0.5805 | T-P@R0.9: 0.4604 | V-P@R0.9: 0.4589
Epoch 154 | Time: 170.7s | LR: 2.00e-04 | T-Loss: 0.1043 | V-Loss: 0.1045 | T-Prec: 0.7252 | V-Prec: 0.7244 | T-Rec: 0.5924 | V-Rec: 0.5970 | T-P@R0.9: 0.4603 | V-P@R0.9: 0.4601
Epoch 155 | Time: 170.1s | LR: 2.00e-04 | T-Loss: 0.1043 | V-Loss: 0.1046 | T-Prec: 0.7385 | V-Prec: 0.7386 | T-Rec: 0.5720 | V-Rec: 0.5762 | T-P@R0.9: 0.4610 | V-P@R0.9: 0.4600
Epoch 156 | Time: 169.7s | LR: 2.00e-04 | T-Loss: 0.1044 | V-Loss: 0.1047 | T-Prec: 0.7347 | V-Prec: 0.7350 | T-Rec: 0.5764 | V-Rec: 0.5807 | T-P@R0.9: 0.4597 | V-P@R0.9: 0.4590
Epoch 157 | Time: 170.5s | LR: 2.00e-04 | T-Loss: 0.1043 | V-Loss: 0.1045 | T-Prec: 0.7242 | V-Prec: 0.7246 | T-Rec: 0.5953 | V-Rec: 0.5995 | T-P@R0.9: 0.4605 | V-P@R0.9: 0.4601
Epoch 158 | Time: 170.6s | LR: 2.00e-04 | T-Loss: 0.1043 | V-Loss: 0.1046 | T-Prec: 0.7318 | V-Prec: 0.7307 | T-Rec: 0.5811 | V-Rec: 0.5850 | T-P@R0.9: 0.4604 | V-P@R0.9: 0.4610
Epoch 159 | Time: 169.6s | LR: 2.00e-04 | T-Loss: 0.1046 | V-Loss: 0.1049 | T-Prec: 0.7189 | V-Prec: 0.7181 | T-Rec: 0.6034 | V-Rec: 0.6055 | T-P@R0.9: 0.4570 | V-P@R0.9: 0.4573
Epoch 160 | Time: 169.8s | LR: 2.00e-04 | T-Loss: 0.1042 | V-Loss: 0.1045 | T-Prec: 0.7310 | V-Prec: 0.7302 | T-Rec: 0.5822 | V-Rec: 0.5865 | T-P@R0.9: 0.4602 | V-P@R0.9: 0.4600
Epoch 161 | Time: 170.6s | LR: 2.00e-04 | T-Loss: 0.1042 | V-Loss: 0.1045 | T-Prec: 0.7174 | V-Prec: 0.7170 | T-Rec: 0.6088 | V-Rec: 0.6115 | T-P@R0.9: 0.4609 | V-P@R0.9: 0.4592
Epoch 162 | Time: 171.6s | LR: 2.00e-04 | T-Loss: 0.1042 | V-Loss: 0.1044 | T-Prec: 0.7271 | V-Prec: 0.7273 | T-Rec: 0.5947 | V-Rec: 0.5981 | T-P@R0.9: 0.4595 | V-P@R0.9: 0.4595
Epoch 163 | Time: 171.4s | LR: 2.00e-04 | T-Loss: 0.1041 | V-Loss: 0.1044 | T-Prec: 0.7404 | V-Prec: 0.7407 | T-Rec: 0.5646 | V-Rec: 0.5685 | T-P@R0.9: 0.4630 | V-P@R0.9: 0.4619
Epoch 164 | Time: 170.4s | LR: 2.00e-04 | T-Loss: 0.1044 | V-Loss: 0.1046 | T-Prec: 0.7308 | V-Prec: 0.7313 | T-Rec: 0.5852 | V-Rec: 0.5889 | T-P@R0.9: 0.4610 | V-P@R0.9: 0.4595
Epoch 165 | Time: 171.2s | LR: 2.00e-04 | T-Loss: 0.1038 | V-Loss: 0.1040 | T-Prec: 0.7294 | V-Prec: 0.7283 | T-Rec: 0.5911 | V-Rec: 0.5939 | T-P@R0.9: 0.4630 | V-P@R0.9: 0.4620
Epoch 166 | Time: 171.4s | LR: 2.00e-04 | T-Loss: 0.1040 | V-Loss: 0.1043 | T-Prec: 0.7466 | V-Prec: 0.7446 | T-Rec: 0.5638 | V-Rec: 0.5674 | T-P@R0.9: 0.4615 | V-P@R0.9: 0.4613
Epoch 167 | Time: 171.6s | LR: 2.00e-04 | T-Loss: 0.1040 | V-Loss: 0.1043 | T-Prec: 0.7164 | V-Prec: 0.7164 | T-Rec: 0.6139 | V-Rec: 0.6167 | T-P@R0.9: 0.4619 | V-P@R0.9: 0.4609
Epoch 168 | Time: 171.3s | LR: 2.00e-04 | T-Loss: 0.1040 | V-Loss: 0.1043 | T-Prec: 0.7424 | V-Prec: 0.7423 | T-Rec: 0.5671 | V-Rec: 0.5712 | T-P@R0.9: 0.4610 | V-P@R0.9: 0.4611
Epoch 169 | Time: 172.0s | LR: 2.00e-04 | T-Loss: 0.1040 | V-Loss: 0.1043 | T-Prec: 0.7200 | V-Prec: 0.7200 | T-Rec: 0.6055 | V-Rec: 0.6093 | T-P@R0.9: 0.4610 | V-P@R0.9: 0.4608
Epoch 170 | Time: 171.1s | LR: 2.00e-04 | T-Loss: 0.1037 | V-Loss: 0.1041 | T-Prec: 0.7187 | V-Prec: 0.7184 | T-Rec: 0.6087 | V-Rec: 0.6130 | T-P@R0.9: 0.4629 | V-P@R0.9: 0.4616
Epoch 171 | Time: 170.6s | LR: 2.00e-04 | T-Loss: 0.1038 | V-Loss: 0.1041 | T-Prec: 0.7370 | V-Prec: 0.7370 | T-Rec: 0.5772 | V-Rec: 0.5811 | T-P@R0.9: 0.4626 | V-P@R0.9: 0.4616
Epoch 172 | Time: 171.8s | LR: 2.00e-04 | T-Loss: 0.1037 | V-Loss: 0.1040 | T-Prec: 0.7250 | V-Prec: 0.7247 | T-Rec: 0.5997 | V-Rec: 0.6030 | T-P@R0.9: 0.4642 | V-P@R0.9: 0.4628
Epoch 173 | Time: 170.7s | LR: 2.00e-04 | T-Loss: 0.1037 | V-Loss: 0.1040 | T-Prec: 0.7455 | V-Prec: 0.7445 | T-Rec: 0.5654 | V-Rec: 0.5696 | T-P@R0.9: 0.4622 | V-P@R0.9: 0.4623
Epoch 174 | Time: 170.5s | LR: 2.00e-04 | T-Loss: 0.1040 | V-Loss: 0.1044 | T-Prec: 0.7339 | V-Prec: 0.7335 | T-Rec: 0.5799 | V-Rec: 0.5841 | T-P@R0.9: 0.4608 | V-P@R0.9: 0.4606
Epoch 175 | Time: 171.4s | LR: 2.00e-04 | T-Loss: 0.1039 | V-Loss: 0.1042 | T-Prec: 0.7358 | V-Prec: 0.7344 | T-Rec: 0.5769 | V-Rec: 0.5820 | T-P@R0.9: 0.4625 | V-P@R0.9: 0.4623
Epoch 176 | Time: 169.8s | LR: 2.00e-04 | T-Loss: 0.1040 | V-Loss: 0.1043 | T-Prec: 0.7108 | V-Prec: 0.7114 | T-Rec: 0.6211 | V-Rec: 0.6247 | T-P@R0.9: 0.4622 | V-P@R0.9: 0.4613
Epoch 177 | Time: 170.0s | LR: 2.00e-04 | T-Loss: 0.1037 | V-Loss: 0.1040 | T-Prec: 0.7241 | V-Prec: 0.7237 | T-Rec: 0.6015 | V-Rec: 0.6037 | T-P@R0.9: 0.4643 | V-P@R0.9: 0.4628
Epoch 178 | Time: 169.7s | LR: 2.00e-04 | T-Loss: 0.1037 | V-Loss: 0.1040 | T-Prec: 0.7289 | V-Prec: 0.7290 | T-Rec: 0.5918 | V-Rec: 0.5958 | T-P@R0.9: 0.4631 | V-P@R0.9: 0.4625
Epoch 179 | Time: 169.7s | LR: 2.00e-04 | T-Loss: 0.1040 | V-Loss: 0.1042 | T-Prec: 0.7243 | V-Prec: 0.7242 | T-Rec: 0.5978 | V-Rec: 0.6013 | T-P@R0.9: 0.4612 | V-P@R0.9: 0.4613
Epoch 180 | Time: 170.5s | LR: 2.00e-04 | T-Loss: 0.1036 | V-Loss: 0.1039 | T-Prec: 0.7438 | V-Prec: 0.7435 | T-Rec: 0.5672 | V-Rec: 0.5712 | T-P@R0.9: 0.4646 | V-P@R0.9: 0.4639
Epoch 181 | Time: 171.3s | LR: 2.00e-04 | T-Loss: 0.1039 | V-Loss: 0.1042 | T-Prec: 0.7455 | V-Prec: 0.7456 | T-Rec: 0.5615 | V-Rec: 0.5652 | T-P@R0.9: 0.4633 | V-P@R0.9: 0.4632
Epoch 182 | Time: 170.2s | LR: 2.00e-04 | T-Loss: 0.1034 | V-Loss: 0.1037 | T-Prec: 0.7406 | V-Prec: 0.7402 | T-Rec: 0.5766 | V-Rec: 0.5814 | T-P@R0.9: 0.4628 | V-P@R0.9: 0.4626
Epoch 183 | Time: 169.1s | LR: 2.00e-04 | T-Loss: 0.1035 | V-Loss: 0.1038 | T-Prec: 0.7349 | V-Prec: 0.7340 | T-Rec: 0.5852 | V-Rec: 0.5892 | T-P@R0.9: 0.4638 | V-P@R0.9: 0.4639
Epoch 184 | Time: 169.8s | LR: 2.00e-04 | T-Loss: 0.1035 | V-Loss: 0.1039 | T-Prec: 0.7298 | V-Prec: 0.7289 | T-Rec: 0.5951 | V-Rec: 0.5999 | T-P@R0.9: 0.4641 | V-P@R0.9: 0.4627
Epoch 185 | Time: 169.8s | LR: 2.00e-04 | T-Loss: 0.1035 | V-Loss: 0.1039 | T-Prec: 0.7191 | V-Prec: 0.7184 | T-Rec: 0.6132 | V-Rec: 0.6159 | T-P@R0.9: 0.4630 | V-P@R0.9: 0.4613
Epoch 186 | Time: 169.8s | LR: 2.00e-04 | T-Loss: 0.1032 | V-Loss: 0.1036 | T-Prec: 0.7349 | V-Prec: 0.7346 | T-Rec: 0.5872 | V-Rec: 0.5906 | T-P@R0.9: 0.4649 | V-P@R0.9: 0.4640
Epoch 187 | Time: 170.5s | LR: 2.00e-04 | T-Loss: 0.1034 | V-Loss: 0.1039 | T-Prec: 0.7204 | V-Prec: 0.7202 | T-Rec: 0.6105 | V-Rec: 0.6132 | T-P@R0.9: 0.4628 | V-P@R0.9: 0.4626
Epoch 188 | Time: 170.4s | LR: 2.00e-04 | T-Loss: 0.1038 | V-Loss: 0.1041 | T-Prec: 0.7587 | V-Prec: 0.7583 | T-Rec: 0.5466 | V-Rec: 0.5503 | T-P@R0.9: 0.4643 | V-P@R0.9: 0.4631
Epoch 189 | Time: 170.6s | LR: 2.00e-04 | T-Loss: 0.1032 | V-Loss: 0.1035 | T-Prec: 0.7346 | V-Prec: 0.7348 | T-Rec: 0.5893 | V-Rec: 0.5937 | T-P@R0.9: 0.4649 | V-P@R0.9: 0.4633
Epoch 190 | Time: 170.5s | LR: 2.00e-04 | T-Loss: 0.1032 | V-Loss: 0.1036 | T-Prec: 0.7293 | V-Prec: 0.7284 | T-Rec: 0.5990 | V-Rec: 0.6017 | T-P@R0.9: 0.4643 | V-P@R0.9: 0.4638
Epoch 191 | Time: 170.6s | LR: 2.00e-04 | T-Loss: 0.1033 | V-Loss: 0.1037 | T-Prec: 0.7385 | V-Prec: 0.7381 | T-Rec: 0.5844 | V-Rec: 0.5875 | T-P@R0.9: 0.4641 | V-P@R0.9: 0.4631
Epoch 192 | Time: 170.6s | LR: 2.00e-04 | T-Loss: 0.1035 | V-Loss: 0.1039 | T-Prec: 0.7355 | V-Prec: 0.7365 | T-Rec: 0.5842 | V-Rec: 0.5868 | T-P@R0.9: 0.4640 | V-P@R0.9: 0.4627
Epoch 193 | Time: 170.2s | LR: 2.00e-04 | T-Loss: 0.1032 | V-Loss: 0.1036 | T-Prec: 0.7454 | V-Prec: 0.7446 | T-Rec: 0.5691 | V-Rec: 0.5739 | T-P@R0.9: 0.4656 | V-P@R0.9: 0.4646
Epoch 194 | Time: 169.8s | LR: 2.00e-04 | T-Loss: 0.1032 | V-Loss: 0.1035 | T-Prec: 0.7276 | V-Prec: 0.7280 | T-Rec: 0.5996 | V-Rec: 0.6035 | T-P@R0.9: 0.4645 | V-P@R0.9: 0.4628
Epoch 195 | Time: 169.6s | LR: 2.00e-04 | T-Loss: 0.1032 | V-Loss: 0.1036 | T-Prec: 0.7255 | V-Prec: 0.7250 | T-Rec: 0.6048 | V-Rec: 0.6077 | T-P@R0.9: 0.4638 | V-P@R0.9: 0.4621
Epoch 196 | Time: 169.5s | LR: 2.00e-04 | T-Loss: 0.1030 | V-Loss: 0.1034 | T-Prec: 0.7276 | V-Prec: 0.7273 | T-Rec: 0.6021 | V-Rec: 0.6056 | T-P@R0.9: 0.4651 | V-P@R0.9: 0.4642
Epoch 197 | Time: 169.8s | LR: 2.00e-04 | T-Loss: 0.1031 | V-Loss: 0.1036 | T-Prec: 0.7187 | V-Prec: 0.7197 | T-Rec: 0.6165 | V-Rec: 0.6184 | T-P@R0.9: 0.4646 | V-P@R0.9: 0.4632
Epoch 198 | Time: 170.1s | LR: 2.00e-04 | T-Loss: 0.1034 | V-Loss: 0.1038 | T-Prec: 0.7179 | V-Prec: 0.7172 | T-Rec: 0.6177 | V-Rec: 0.6210 | T-P@R0.9: 0.4665 | V-P@R0.9: 0.4652
Epoch 199 | Time: 170.3s | LR: 2.00e-04 | T-Loss: 0.1029 | V-Loss: 0.1033 | T-Prec: 0.7332 | V-Prec: 0.7331 | T-Rec: 0.5927 | V-Rec: 0.5954 | T-P@R0.9: 0.4664 | V-P@R0.9: 0.4651
Epoch 200 | Time: 170.5s | LR: 2.00e-04 | T-Loss: 0.1030 | V-Loss: 0.1034 | T-Prec: 0.7207 | V-Prec: 0.7207 | T-Rec: 0.6150 | V-Rec: 0.6177 | T-P@R0.9: 0.4655 | V-P@R0.9: 0.4650
Epoch 201 | Time: 170.5s | LR: 2.00e-04 | T-Loss: 0.1029 | V-Loss: 0.1033 | T-Prec: 0.7290 | V-Prec: 0.7284 | T-Rec: 0.6026 | V-Rec: 0.6051 | T-P@R0.9: 0.4647 | V-P@R0.9: 0.4633
Epoch 202 | Time: 171.0s | LR: 2.00e-04 | T-Loss: 0.1029 | V-Loss: 0.1033 | T-Prec: 0.7220 | V-Prec: 0.7225 | T-Rec: 0.6118 | V-Rec: 0.6155 | T-P@R0.9: 0.4673 | V-P@R0.9: 0.4669
Epoch 203 | Time: 170.0s | LR: 2.00e-04 | T-Loss: 0.1032 | V-Loss: 0.1036 | T-Prec: 0.7195 | V-Prec: 0.7202 | T-Rec: 0.6103 | V-Rec: 0.6136 | T-P@R0.9: 0.4665 | V-P@R0.9: 0.4641
Epoch 204 | Time: 170.5s | LR: 2.00e-04 | T-Loss: 0.1027 | V-Loss: 0.1032 | T-Prec: 0.7370 | V-Prec: 0.7356 | T-Rec: 0.5900 | V-Rec: 0.5923 | T-P@R0.9: 0.4670 | V-P@R0.9: 0.4652
Epoch 205 | Time: 170.4s | LR: 2.00e-04 | T-Loss: 0.1030 | V-Loss: 0.1034 | T-Prec: 0.7431 | V-Prec: 0.7424 | T-Rec: 0.5778 | V-Rec: 0.5815 | T-P@R0.9: 0.4650 | V-P@R0.9: 0.4645
Epoch 206 | Time: 170.2s | LR: 2.00e-04 | T-Loss: 0.1027 | V-Loss: 0.1032 | T-Prec: 0.7189 | V-Prec: 0.7184 | T-Rec: 0.6201 | V-Rec: 0.6238 | T-P@R0.9: 0.4680 | V-P@R0.9: 0.4653
Epoch 207 | Time: 170.4s | LR: 2.00e-04 | T-Loss: 0.1027 | V-Loss: 0.1031 | T-Prec: 0.7409 | V-Prec: 0.7415 | T-Rec: 0.5825 | V-Rec: 0.5880 | T-P@R0.9: 0.4673 | V-P@R0.9: 0.4666
Epoch 208 | Time: 170.3s | LR: 2.00e-04 | T-Loss: 0.1027 | V-Loss: 0.1032 | T-Prec: 0.7233 | V-Prec: 0.7227 | T-Rec: 0.6141 | V-Rec: 0.6175 | T-P@R0.9: 0.4662 | V-P@R0.9: 0.4657
Epoch 209 | Time: 170.3s | LR: 2.00e-04 | T-Loss: 0.1037 | V-Loss: 0.1041 | T-Prec: 0.7268 | V-Prec: 0.7265 | T-Rec: 0.5970 | V-Rec: 0.6010 | T-P@R0.9: 0.4617 | V-P@R0.9: 0.4612
Epoch 210 | Time: 170.7s | LR: 2.00e-04 | T-Loss: 0.1029 | V-Loss: 0.1034 | T-Prec: 0.7428 | V-Prec: 0.7427 | T-Rec: 0.5793 | V-Rec: 0.5828 | T-P@R0.9: 0.4655 | V-P@R0.9: 0.4638
Epoch 211 | Time: 170.4s | LR: 2.00e-04 | T-Loss: 0.1028 | V-Loss: 0.1032 | T-Prec: 0.7340 | V-Prec: 0.7333 | T-Rec: 0.5952 | V-Rec: 0.5982 | T-P@R0.9: 0.4664 | V-P@R0.9: 0.4643
Epoch 212 | Time: 170.8s | LR: 2.00e-04 | T-Loss: 0.1028 | V-Loss: 0.1032 | T-Prec: 0.7221 | V-Prec: 0.7222 | T-Rec: 0.6123 | V-Rec: 0.6151 | T-P@R0.9: 0.4669 | V-P@R0.9: 0.4670
Epoch 213 | Time: 169.9s | LR: 2.00e-04 | T-Loss: 0.1026 | V-Loss: 0.1031 | T-Prec: 0.7198 | V-Prec: 0.7197 | T-Rec: 0.6173 | V-Rec: 0.6205 | T-P@R0.9: 0.4672 | V-P@R0.9: 0.4660
Epoch 214 | Time: 169.8s | LR: 2.00e-04 | T-Loss: 0.1024 | V-Loss: 0.1029 | T-Prec: 0.7383 | V-Prec: 0.7382 | T-Rec: 0.5913 | V-Rec: 0.5947 | T-P@R0.9: 0.4670 | V-P@R0.9: 0.4657
Epoch 215 | Time: 170.4s | LR: 2.00e-04 | T-Loss: 0.1026 | V-Loss: 0.1031 | T-Prec: 0.7341 | V-Prec: 0.7326 | T-Rec: 0.5971 | V-Rec: 0.5995 | T-P@R0.9: 0.4658 | V-P@R0.9: 0.4659
Epoch 216 | Time: 171.0s | LR: 2.00e-04 | T-Loss: 0.1027 | V-Loss: 0.1031 | T-Prec: 0.7420 | V-Prec: 0.7414 | T-Rec: 0.5808 | V-Rec: 0.5851 | T-P@R0.9: 0.4681 | V-P@R0.9: 0.4663
Epoch 217 | Time: 170.2s | LR: 2.00e-04 | T-Loss: 0.1030 | V-Loss: 0.1034 | T-Prec: 0.7676 | V-Prec: 0.7667 | T-Rec: 0.5391 | V-Rec: 0.5445 | T-P@R0.9: 0.4682 | V-P@R0.9: 0.4667
Epoch 218 | Time: 169.4s | LR: 2.00e-04 | T-Loss: 0.1025 | V-Loss: 0.1030 | T-Prec: 0.7187 | V-Prec: 0.7186 | T-Rec: 0.6221 | V-Rec: 0.6257 | T-P@R0.9: 0.4686 | V-P@R0.9: 0.4656
Epoch 219 | Time: 169.8s | LR: 2.00e-04 | T-Loss: 0.1025 | V-Loss: 0.1030 | T-Prec: 0.7462 | V-Prec: 0.7461 | T-Rec: 0.5756 | V-Rec: 0.5788 | T-P@R0.9: 0.4681 | V-P@R0.9: 0.4663
Epoch 220 | Time: 169.4s | LR: 2.00e-04 | T-Loss: 0.1024 | V-Loss: 0.1029 | T-Prec: 0.7328 | V-Prec: 0.7319 | T-Rec: 0.5998 | V-Rec: 0.6037 | T-P@R0.9: 0.4681 | V-P@R0.9: 0.4661
Epoch 221 | Time: 168.8s | LR: 2.00e-04 | T-Loss: 0.1024 | V-Loss: 0.1030 | T-Prec: 0.7180 | V-Prec: 0.7173 | T-Rec: 0.6251 | V-Rec: 0.6279 | T-P@R0.9: 0.4682 | V-P@R0.9: 0.4663
Epoch 222 | Time: 170.0s | LR: 2.00e-04 | T-Loss: 0.1024 | V-Loss: 0.1029 | T-Prec: 0.7306 | V-Prec: 0.7303 | T-Rec: 0.6029 | V-Rec: 0.6052 | T-P@R0.9: 0.4690 | V-P@R0.9: 0.4675
Epoch 223 | Time: 171.3s | LR: 2.00e-04 | T-Loss: 0.1023 | V-Loss: 0.1028 | T-Prec: 0.7375 | V-Prec: 0.7371 | T-Rec: 0.5916 | V-Rec: 0.5954 | T-P@R0.9: 0.4686 | V-P@R0.9: 0.4668
Epoch 224 | Time: 170.3s | LR: 2.00e-04 | T-Loss: 0.1023 | V-Loss: 0.1029 | T-Prec: 0.7419 | V-Prec: 0.7400 | T-Rec: 0.5867 | V-Rec: 0.5908 | T-P@R0.9: 0.4675 | V-P@R0.9: 0.4659
Epoch 225 | Time: 170.9s | LR: 2.00e-04 | T-Loss: 0.1022 | V-Loss: 0.1028 | T-Prec: 0.7454 | V-Prec: 0.7443 | T-Rec: 0.5825 | V-Rec: 0.5859 | T-P@R0.9: 0.4692 | V-P@R0.9: 0.4663
Epoch 226 | Time: 170.5s | LR: 2.00e-04 | T-Loss: 0.1022 | V-Loss: 0.1027 | T-Prec: 0.7335 | V-Prec: 0.7319 | T-Rec: 0.6048 | V-Rec: 0.6084 | T-P@R0.9: 0.4689 | V-P@R0.9: 0.4656
Epoch 227 | Time: 171.0s | LR: 2.00e-04 | T-Loss: 0.1023 | V-Loss: 0.1028 | T-Prec: 0.7347 | V-Prec: 0.7328 | T-Rec: 0.6014 | V-Rec: 0.6046 | T-P@R0.9: 0.4672 | V-P@R0.9: 0.4649
Epoch 228 | Time: 170.2s | LR: 2.00e-04 | T-Loss: 0.1025 | V-Loss: 0.1030 | T-Prec: 0.7590 | V-Prec: 0.7579 | T-Rec: 0.5537 | V-Rec: 0.5591 | T-P@R0.9: 0.4703 | V-P@R0.9: 0.4682
Epoch 229 | Time: 170.0s | LR: 2.00e-04 | T-Loss: 0.1020 | V-Loss: 0.1026 | T-Prec: 0.7248 | V-Prec: 0.7250 | T-Rec: 0.6181 | V-Rec: 0.6213 | T-P@R0.9: 0.4695 | V-P@R0.9: 0.4673
Epoch 230 | Time: 169.6s | LR: 2.00e-04 | T-Loss: 0.1022 | V-Loss: 0.1027 | T-Prec: 0.7489 | V-Prec: 0.7479 | T-Rec: 0.5763 | V-Rec: 0.5794 | T-P@R0.9: 0.4693 | V-P@R0.9: 0.4663
Epoch 231 | Time: 170.3s | LR: 2.00e-04 | T-Loss: 0.1024 | V-Loss: 0.1029 | T-Prec: 0.7673 | V-Prec: 0.7673 | T-Rec: 0.5420 | V-Rec: 0.5461 | T-P@R0.9: 0.4710 | V-P@R0.9: 0.4683
Epoch 232 | Time: 170.4s | LR: 2.00e-04 | T-Loss: 0.1019 | V-Loss: 0.1025 | T-Prec: 0.7477 | V-Prec: 0.7467 | T-Rec: 0.5825 | V-Rec: 0.5866 | T-P@R0.9: 0.4709 | V-P@R0.9: 0.4680
Epoch 233 | Time: 171.6s | LR: 2.00e-04 | T-Loss: 0.1018 | V-Loss: 0.1024 | T-Prec: 0.7417 | V-Prec: 0.7403 | T-Rec: 0.5923 | V-Rec: 0.5961 | T-P@R0.9: 0.4698 | V-P@R0.9: 0.4672
Epoch 234 | Time: 170.9s | LR: 2.00e-04 | T-Loss: 0.1021 | V-Loss: 0.1027 | T-Prec: 0.7377 | V-Prec: 0.7365 | T-Rec: 0.5966 | V-Rec: 0.6000 | T-P@R0.9: 0.4690 | V-P@R0.9: 0.4665
Epoch 235 | Time: 171.2s | LR: 2.00e-04 | T-Loss: 0.1019 | V-Loss: 0.1025 | T-Prec: 0.7331 | V-Prec: 0.7322 | T-Rec: 0.6069 | V-Rec: 0.6090 | T-P@R0.9: 0.4696 | V-P@R0.9: 0.4671
Epoch 236 | Time: 170.4s | LR: 2.00e-04 | T-Loss: 0.1019 | V-Loss: 0.1024 | T-Prec: 0.7298 | V-Prec: 0.7284 | T-Rec: 0.6100 | V-Rec: 0.6138 | T-P@R0.9: 0.4701 | V-P@R0.9: 0.4679
Epoch 237 | Time: 170.1s | LR: 2.00e-04 | T-Loss: 0.1017 | V-Loss: 0.1022 | T-Prec: 0.7345 | V-Prec: 0.7333 | T-Rec: 0.6041 | V-Rec: 0.6080 | T-P@R0.9: 0.4699 | V-P@R0.9: 0.4678
Epoch 238 | Time: 171.3s | LR: 2.00e-04 | T-Loss: 0.1024 | V-Loss: 0.1029 | T-Prec: 0.7155 | V-Prec: 0.7148 | T-Rec: 0.6309 | V-Rec: 0.6334 | T-P@R0.9: 0.4665 | V-P@R0.9: 0.4643
Epoch 239 | Time: 172.9s | LR: 2.00e-04 | T-Loss: 0.1019 | V-Loss: 0.1025 | T-Prec: 0.7380 | V-Prec: 0.7376 | T-Rec: 0.5953 | V-Rec: 0.5986 | T-P@R0.9: 0.4700 | V-P@R0.9: 0.4685
Epoch 240 | Time: 172.8s | LR: 2.00e-04 | T-Loss: 0.1018 | V-Loss: 0.1023 | T-Prec: 0.7365 | V-Prec: 0.7357 | T-Rec: 0.5992 | V-Rec: 0.6031 | T-P@R0.9: 0.4717 | V-P@R0.9: 0.4688
Epoch 241 | Time: 172.2s | LR: 2.00e-04 | T-Loss: 0.1018 | V-Loss: 0.1024 | T-Prec: 0.7270 | V-Prec: 0.7262 | T-Rec: 0.6147 | V-Rec: 0.6182 | T-P@R0.9: 0.4690 | V-P@R0.9: 0.4656
Epoch 242 | Time: 172.2s | LR: 2.00e-04 | T-Loss: 0.1019 | V-Loss: 0.1025 | T-Prec: 0.7402 | V-Prec: 0.7388 | T-Rec: 0.5915 | V-Rec: 0.5952 | T-P@R0.9: 0.4719 | V-P@R0.9: 0.4685
Epoch 243 | Time: 172.8s | LR: 2.00e-04 | T-Loss: 0.1020 | V-Loss: 0.1025 | T-Prec: 0.7442 | V-Prec: 0.7436 | T-Rec: 0.5872 | V-Rec: 0.5900 | T-P@R0.9: 0.4717 | V-P@R0.9: 0.4686
Epoch 244 | Time: 172.3s | LR: 2.00e-04 | T-Loss: 0.1018 | V-Loss: 0.1025 | T-Prec: 0.7515 | V-Prec: 0.7513 | T-Rec: 0.5727 | V-Rec: 0.5767 | T-P@R0.9: 0.4712 | V-P@R0.9: 0.4680
Epoch 245 | Time: 173.1s | LR: 2.00e-04 | T-Loss: 0.1015 | V-Loss: 0.1021 | T-Prec: 0.7445 | V-Prec: 0.7436 | T-Rec: 0.5894 | V-Rec: 0.5935 | T-P@R0.9: 0.4717 | V-P@R0.9: 0.4693
Epoch 246 | Time: 173.1s | LR: 2.00e-04 | T-Loss: 0.1015 | V-Loss: 0.1021 | T-Prec: 0.7461 | V-Prec: 0.7459 | T-Rec: 0.5889 | V-Rec: 0.5925 | T-P@R0.9: 0.4720 | V-P@R0.9: 0.4703
Epoch 247 | Time: 224.1s | LR: 2.00e-04 | T-Loss: 0.1017 | V-Loss: 0.1023 | T-Prec: 0.7225 | V-Prec: 0.7218 | T-Rec: 0.6247 | V-Rec: 0.6280 | T-P@R0.9: 0.4701 | V-P@R0.9: 0.4673
Epoch 248 | Time: 232.0s | LR: 2.00e-04 | T-Loss: 0.1015 | V-Loss: 0.1021 | T-Prec: 0.7564 | V-Prec: 0.7561 | T-Rec: 0.5721 | V-Rec: 0.5761 | T-P@R0.9: 0.4725 | V-P@R0.9: 0.4691
Epoch 249 | Time: 218.6s | LR: 2.00e-04 | T-Loss: 0.1016 | V-Loss: 0.1021 | T-Prec: 0.7396 | V-Prec: 0.7388 | T-Rec: 0.5980 | V-Rec: 0.6008 | T-P@R0.9: 0.4714 | V-P@R0.9: 0.4691
Epoch 250 | Time: 229.2s | LR: 2.00e-04 | T-Loss: 0.1018 | V-Loss: 0.1024 | T-Prec: 0.7435 | V-Prec: 0.7427 | T-Rec: 0.5897 | V-Rec: 0.5929 | T-P@R0.9: 0.4711 | V-P@R0.9: 0.4682
Epoch 251 | Time: 230.0s | LR: 2.00e-04 | T-Loss: 0.1014 | V-Loss: 0.1020 | T-Prec: 0.7489 | V-Prec: 0.7479 | T-Rec: 0.5841 | V-Rec: 0.5874 | T-P@R0.9: 0.4713 | V-P@R0.9: 0.4695
Epoch 252 | Time: 224.6s | LR: 2.00e-04 | T-Loss: 0.1018 | V-Loss: 0.1025 | T-Prec: 0.7254 | V-Prec: 0.7252 | T-Rec: 0.6179 | V-Rec: 0.6211 | T-P@R0.9: 0.4697 | V-P@R0.9: 0.4677
Epoch 253 | Time: 231.8s | LR: 2.00e-04 | T-Loss: 0.1013 | V-Loss: 0.1019 | T-Prec: 0.7346 | V-Prec: 0.7338 | T-Rec: 0.6095 | V-Rec: 0.6117 | T-P@R0.9: 0.4726 | V-P@R0.9: 0.4698
Epoch 254 | Time: 228.1s | LR: 2.00e-04 | T-Loss: 0.1015 | V-Loss: 0.1022 | T-Prec: 0.7310 | V-Prec: 0.7309 | T-Rec: 0.6132 | V-Rec: 0.6158 | T-P@R0.9: 0.4711 | V-P@R0.9: 0.4687
Epoch 255 | Time: 233.6s | LR: 2.00e-04 | T-Loss: 0.1013 | V-Loss: 0.1020 | T-Prec: 0.7511 | V-Prec: 0.7499 | T-Rec: 0.5856 | V-Rec: 0.5878 | T-P@R0.9: 0.4704 | V-P@R0.9: 0.4678
Epoch 256 | Time: 227.1s | LR: 2.00e-04 | T-Loss: 0.1012 | V-Loss: 0.1019 | T-Prec: 0.7430 | V-Prec: 0.7421 | T-Rec: 0.5987 | V-Rec: 0.6021 | T-P@R0.9: 0.4722 | V-P@R0.9: 0.4693
Epoch 257 | Time: 228.2s | LR: 2.00e-04 | T-Loss: 0.1015 | V-Loss: 0.1022 | T-Prec: 0.7136 | V-Prec: 0.7130 | T-Rec: 0.6431 | V-Rec: 0.6438 | T-P@R0.9: 0.4706 | V-P@R0.9: 0.4691
Epoch 258 | Time: 238.4s | LR: 2.00e-04 | T-Loss: 0.1013 | V-Loss: 0.1020 | T-Prec: 0.7308 | V-Prec: 0.7303 | T-Rec: 0.6143 | V-Rec: 0.6166 | T-P@R0.9: 0.4714 | V-P@R0.9: 0.4688
Epoch 259 | Time: 238.2s | LR: 2.00e-04 | T-Loss: 0.1010 | V-Loss: 0.1017 | T-Prec: 0.7415 | V-Prec: 0.7404 | T-Rec: 0.6007 | V-Rec: 0.6034 | T-P@R0.9: 0.4718 | V-P@R0.9: 0.4695
Epoch 260 | Time: 227.2s | LR: 2.00e-04 | T-Loss: 0.1012 | V-Loss: 0.1019 | T-Prec: 0.7275 | V-Prec: 0.7266 | T-Rec: 0.6226 | V-Rec: 0.6250 | T-P@R0.9: 0.4720 | V-P@R0.9: 0.4701
Epoch 261 | Time: 229.5s | LR: 2.00e-04 | T-Loss: 0.1012 | V-Loss: 0.1019 | T-Prec: 0.7458 | V-Prec: 0.7450 | T-Rec: 0.5929 | V-Rec: 0.5953 | T-P@R0.9: 0.4733 | V-P@R0.9: 0.4714
Epoch 262 | Time: 227.3s | LR: 2.00e-04 | T-Loss: 0.1012 | V-Loss: 0.1019 | T-Prec: 0.7513 | V-Prec: 0.7507 | T-Rec: 0.5830 | V-Rec: 0.5850 | T-P@R0.9: 0.4716 | V-P@R0.9: 0.4679
Epoch 263 | Time: 234.5s | LR: 2.00e-04 | T-Loss: 0.1011 | V-Loss: 0.1018 | T-Prec: 0.7379 | V-Prec: 0.7371 | T-Rec: 0.6062 | V-Rec: 0.6084 | T-P@R0.9: 0.4723 | V-P@R0.9: 0.4687
Epoch 264 | Time: 225.6s | LR: 2.00e-04 | T-Loss: 0.1014 | V-Loss: 0.1020 | T-Prec: 0.7599 | V-Prec: 0.7579 | T-Rec: 0.5700 | V-Rec: 0.5729 | T-P@R0.9: 0.4726 | V-P@R0.9: 0.4701
Epoch 265 | Time: 228.0s | LR: 2.00e-04 | T-Loss: 0.1010 | V-Loss: 0.1017 | T-Prec: 0.7484 | V-Prec: 0.7457 | T-Rec: 0.5904 | V-Rec: 0.5940 | T-P@R0.9: 0.4735 | V-P@R0.9: 0.4705
Epoch 266 | Time: 226.6s | LR: 2.00e-04 | T-Loss: 0.1008 | V-Loss: 0.1015 | T-Prec: 0.7432 | V-Prec: 0.7415 | T-Rec: 0.6024 | V-Rec: 0.6046 | T-P@R0.9: 0.4737 | V-P@R0.9: 0.4710
Epoch 267 | Time: 227.4s | LR: 2.00e-04 | T-Loss: 0.1013 | V-Loss: 0.1020 | T-Prec: 0.7572 | V-Prec: 0.7571 | T-Rec: 0.5772 | V-Rec: 0.5787 | T-P@R0.9: 0.4729 | V-P@R0.9: 0.4698
Epoch 268 | Time: 230.2s | LR: 2.00e-04 | T-Loss: 0.1012 | V-Loss: 0.1019 | T-Prec: 0.7623 | V-Prec: 0.7606 | T-Rec: 0.5722 | V-Rec: 0.5748 | T-P@R0.9: 0.4733 | V-P@R0.9: 0.4699
Epoch 269 | Time: 228.8s | LR: 2.00e-04 | T-Loss: 0.1014 | V-Loss: 0.1022 | T-Prec: 0.7609 | V-Prec: 0.7605 | T-Rec: 0.5676 | V-Rec: 0.5705 | T-P@R0.9: 0.4734 | V-P@R0.9: 0.4709
Epoch 270 | Time: 232.3s | LR: 2.00e-04 | T-Loss: 0.1013 | V-Loss: 0.1020 | T-Prec: 0.7506 | V-Prec: 0.7505 | T-Rec: 0.5867 | V-Rec: 0.5898 | T-P@R0.9: 0.4730 | V-P@R0.9: 0.4695
Epoch 271 | Time: 228.1s | LR: 2.00e-04 | T-Loss: 0.1009 | V-Loss: 0.1015 | T-Prec: 0.7494 | V-Prec: 0.7477 | T-Rec: 0.5876 | V-Rec: 0.5913 | T-P@R0.9: 0.4751 | V-P@R0.9: 0.4722
Epoch 272 | Time: 225.5s | LR: 2.00e-04 | T-Loss: 0.1009 | V-Loss: 0.1016 | T-Prec: 0.7443 | V-Prec: 0.7418 | T-Rec: 0.6018 | V-Rec: 0.6043 | T-P@R0.9: 0.4743 | V-P@R0.9: 0.4708
Epoch 273 | Time: 231.6s | LR: 2.00e-04 | T-Loss: 0.1007 | V-Loss: 0.1015 | T-Prec: 0.7369 | V-Prec: 0.7353 | T-Rec: 0.6134 | V-Rec: 0.6173 | T-P@R0.9: 0.4722 | V-P@R0.9: 0.4699
Epoch 274 | Time: 224.7s | LR: 2.00e-04 | T-Loss: 0.1010 | V-Loss: 0.1017 | T-Prec: 0.7598 | V-Prec: 0.7594 | T-Rec: 0.5744 | V-Rec: 0.5768 | T-P@R0.9: 0.4748 | V-P@R0.9: 0.4714
Epoch 275 | Time: 227.2s | LR: 2.00e-04 | T-Loss: 0.1008 | V-Loss: 0.1016 | T-Prec: 0.7329 | V-Prec: 0.7316 | T-Rec: 0.6171 | V-Rec: 0.6189 | T-P@R0.9: 0.4737 | V-P@R0.9: 0.4704
Epoch 276 | Time: 224.1s | LR: 2.00e-04 | T-Loss: 0.1007 | V-Loss: 0.1013 | T-Prec: 0.7391 | V-Prec: 0.7376 | T-Rec: 0.6098 | V-Rec: 0.6120 | T-P@R0.9: 0.4742 | V-P@R0.9: 0.4710
Epoch 277 | Time: 236.9s | LR: 2.00e-04 | T-Loss: 0.1005 | V-Loss: 0.1012 | T-Prec: 0.7383 | V-Prec: 0.7372 | T-Rec: 0.6145 | V-Rec: 0.6170 | T-P@R0.9: 0.4747 | V-P@R0.9: 0.4721
Epoch 278 | Time: 230.5s | LR: 2.00e-04 | T-Loss: 0.1007 | V-Loss: 0.1014 | T-Prec: 0.7322 | V-Prec: 0.7317 | T-Rec: 0.6197 | V-Rec: 0.6202 | T-P@R0.9: 0.4745 | V-P@R0.9: 0.4709
Epoch 279 | Time: 232.0s | LR: 2.00e-04 | T-Loss: 0.1005 | V-Loss: 0.1013 | T-Prec: 0.7511 | V-Prec: 0.7498 | T-Rec: 0.5899 | V-Rec: 0.5928 | T-P@R0.9: 0.4749 | V-P@R0.9: 0.4724
Epoch 280 | Time: 234.4s | LR: 2.00e-04 | T-Loss: 0.1010 | V-Loss: 0.1017 | T-Prec: 0.7494 | V-Prec: 0.7473 | T-Rec: 0.5922 | V-Rec: 0.5947 | T-P@R0.9: 0.4736 | V-P@R0.9: 0.4695
Epoch 281 | Time: 226.1s | LR: 2.00e-04 | T-Loss: 0.1012 | V-Loss: 0.1019 | T-Prec: 0.7425 | V-Prec: 0.7407 | T-Rec: 0.5990 | V-Rec: 0.6014 | T-P@R0.9: 0.4730 | V-P@R0.9: 0.4696
Epoch 282 | Time: 225.3s | LR: 2.00e-04 | T-Loss: 0.1013 | V-Loss: 0.1020 | T-Prec: 0.7198 | V-Prec: 0.7197 | T-Rec: 0.6383 | V-Rec: 0.6398 | T-P@R0.9: 0.4745 | V-P@R0.9: 0.4710
Epoch 283 | Time: 226.7s | LR: 2.00e-04 | T-Loss: 0.1007 | V-Loss: 0.1014 | T-Prec: 0.7267 | V-Prec: 0.7248 | T-Rec: 0.6303 | V-Rec: 0.6318 | T-P@R0.9: 0.4746 | V-P@R0.9: 0.4703
Epoch 284 | Time: 233.0s | LR: 2.00e-04 | T-Loss: 0.1006 | V-Loss: 0.1013 | T-Prec: 0.7394 | V-Prec: 0.7380 | T-Rec: 0.6088 | V-Rec: 0.6116 | T-P@R0.9: 0.4744 | V-P@R0.9: 0.4706
Epoch 285 | Time: 229.6s | LR: 2.00e-04 | T-Loss: 0.1008 | V-Loss: 0.1016 | T-Prec: 0.7163 | V-Prec: 0.7152 | T-Rec: 0.6444 | V-Rec: 0.6466 | T-P@R0.9: 0.4735 | V-P@R0.9: 0.4717
Epoch 286 | Time: 232.4s | LR: 2.00e-04 | T-Loss: 0.1008 | V-Loss: 0.1015 | T-Prec: 0.7592 | V-Prec: 0.7584 | T-Rec: 0.5791 | V-Rec: 0.5817 | T-P@R0.9: 0.4752 | V-P@R0.9: 0.4727
Epoch 287 | Time: 229.3s | LR: 2.00e-04 | T-Loss: 0.1004 | V-Loss: 0.1012 | T-Prec: 0.7392 | V-Prec: 0.7377 | T-Rec: 0.6141 | V-Rec: 0.6152 | T-P@R0.9: 0.4746 | V-P@R0.9: 0.4719
Epoch 288 | Time: 233.9s | LR: 2.00e-04 | T-Loss: 0.1004 | V-Loss: 0.1012 | T-Prec: 0.7519 | V-Prec: 0.7501 | T-Rec: 0.5950 | V-Rec: 0.5959 | T-P@R0.9: 0.4755 | V-P@R0.9: 0.4718
Epoch 289 | Time: 232.3s | LR: 2.00e-04 | T-Loss: 0.1009 | V-Loss: 0.1016 | T-Prec: 0.7419 | V-Prec: 0.7410 | T-Rec: 0.6061 | V-Rec: 0.6070 | T-P@R0.9: 0.4747 | V-P@R0.9: 0.4717
Epoch 290 | Time: 222.8s | LR: 2.00e-04 | T-Loss: 0.1009 | V-Loss: 0.1017 | T-Prec: 0.7379 | V-Prec: 0.7368 | T-Rec: 0.6136 | V-Rec: 0.6151 | T-P@R0.9: 0.4705 | V-P@R0.9: 0.4677
Epoch 291 | Time: 231.4s | LR: 2.00e-04 | T-Loss: 0.1004 | V-Loss: 0.1012 | T-Prec: 0.7639 | V-Prec: 0.7626 | T-Rec: 0.5770 | V-Rec: 0.5798 | T-P@R0.9: 0.4762 | V-P@R0.9: 0.4716
Epoch 292 | Time: 235.6s | LR: 2.00e-04 | T-Loss: 0.1002 | V-Loss: 0.1010 | T-Prec: 0.7380 | V-Prec: 0.7359 | T-Rec: 0.6171 | V-Rec: 0.6189 | T-P@R0.9: 0.4769 | V-P@R0.9: 0.4731
Epoch 293 | Time: 233.9s | LR: 2.00e-04 | T-Loss: 0.1007 | V-Loss: 0.1014 | T-Prec: 0.7514 | V-Prec: 0.7501 | T-Rec: 0.5879 | V-Rec: 0.5896 | T-P@R0.9: 0.4758 | V-P@R0.9: 0.4715
Epoch 294 | Time: 230.8s | LR: 2.00e-04 | T-Loss: 0.1005 | V-Loss: 0.1013 | T-Prec: 0.7658 | V-Prec: 0.7642 | T-Rec: 0.5717 | V-Rec: 0.5745 | T-P@R0.9: 0.4745 | V-P@R0.9: 0.4710
Epoch 295 | Time: 236.5s | LR: 2.00e-04 | T-Loss: 0.1003 | V-Loss: 0.1011 | T-Prec: 0.7310 | V-Prec: 0.7291 | T-Rec: 0.6278 | V-Rec: 0.6291 | T-P@R0.9: 0.4755 | V-P@R0.9: 0.4714
Epoch 296 | Time: 227.6s | LR: 2.00e-04 | T-Loss: 0.1004 | V-Loss: 0.1012 | T-Prec: 0.7437 | V-Prec: 0.7430 | T-Rec: 0.6056 | V-Rec: 0.6082 | T-P@R0.9: 0.4751 | V-P@R0.9: 0.4717
Epoch 297 | Time: 222.3s | LR: 2.00e-04 | T-Loss: 0.1001 | V-Loss: 0.1009 | T-Prec: 0.7341 | V-Prec: 0.7329 | T-Rec: 0.6257 | V-Rec: 0.6269 | T-P@R0.9: 0.4759 | V-P@R0.9: 0.4727
Epoch 298 | Time: 233.6s | LR: 2.00e-04 | T-Loss: 0.0999 | V-Loss: 0.1008 | T-Prec: 0.7419 | V-Prec: 0.7396 | T-Rec: 0.6162 | V-Rec: 0.6168 | T-P@R0.9: 0.4759 | V-P@R0.9: 0.4723
Epoch 299 | Time: 226.2s | LR: 2.00e-04 | T-Loss: 0.1004 | V-Loss: 0.1013 | T-Prec: 0.7666 | V-Prec: 0.7643 | T-Rec: 0.5759 | V-Rec: 0.5794 | T-P@R0.9: 0.4758 | V-P@R0.9: 0.4722
Epoch 300 | Time: 231.3s | LR: 2.00e-04 | T-Loss: 0.1001 | V-Loss: 0.1009 | T-Prec: 0.7477 | V-Prec: 0.7463 | T-Rec: 0.6008 | V-Rec: 0.6039 | T-P@R0.9: 0.4763 | V-P@R0.9: 0.4719
