Starting Diff-Weights Rewiring Experiment on cuda:0
0001 | 05:03:13 |  44.0s | 1.0e-04 | 0.2664 | 0.3661 | 0.1487 | 0.1144 | 0.1296 | 0.7529 | 0.4260 | 0.2702
0002 | 05:04:16 |  43.6s | 1.0e-04 | 0.1514 | 0.7488 | 0.5057 | 0.3224 | 0.1077 | 0.7860 | 0.5229 | 0.3425
0003 | 05:05:20 |  42.6s | 1.0e-04 | 0.1130 | 0.7957 | 0.5898 | 0.3969 | 0.0996 | 0.7772 | 0.6075 | 0.3722
0004 | 05:06:24 |  42.3s | 1.0e-04 | 0.1067 | 0.8105 | 0.6248 | 0.4261 | 0.0976 | 0.7696 | 0.6393 | 0.3939
0005 | 05:07:25 |  42.4s | 1.0e-04 | 0.0983 | 0.8224 | 0.6474 | 0.4466 | 0.0918 | 0.7842 | 0.6641 | 0.4053
0006 | 05:08:28 |  42.1s | 1.0e-04 | 0.0945 | 0.8302 | 0.6670 | 0.4759 | 0.0886 | 0.8219 | 0.6448 | 0.4283
0007 | 05:09:30 |  42.7s | 1.0e-04 | 0.0915 | 0.8362 | 0.6840 | 0.4971 | 0.0875 | 0.8104 | 0.6791 | 0.4519
0008 | 05:10:31 |  65.3s | 1.0e-04 | 0.0879 | 0.8392 | 0.6969 | 0.5091 | 0.0818 | 0.8256 | 0.6749 | 0.4552
0009 | 05:11:59 |  42.9s | 1.0e-04 | 0.0848 | 0.8447 | 0.7083 | 0.5334 | 0.0791 | 0.8399 | 0.6847 | 0.4988
0010 | 05:13:02 |  43.3s | 1.0e-04 | 0.0889 | 0.8450 | 0.7070 | 0.5327 | 0.0813 | 0.8339 | 0.7237 | 0.5341
0011 | 05:14:06 |  42.9s | 1.0e-04 | 0.0795 | 0.8543 | 0.7293 | 0.5661 | 0.0765 | 0.8171 | 0.7359 | 0.5239
0012 | 05:15:10 |  42.5s | 1.0e-04 | 0.0777 | 0.8527 | 0.7312 | 0.5726 | 0.0766 | 0.8552 | 0.7149 | 0.5356
0013 | 05:16:13 |  43.0s | 1.0e-04 | 0.0767 | 0.8596 | 0.7443 | 0.5997 | 0.0728 | 0.8268 | 0.7443 | 0.5349
0014 | 05:17:17 |  43.6s | 1.0e-04 | 0.0768 | 0.8572 | 0.7428 | 0.5995 | 0.0736 | 0.8193 | 0.7601 | 0.5556
0015 | 05:18:23 |  42.8s | 1.0e-04 | 0.0740 | 0.8624 | 0.7508 | 0.6123 | 0.0756 | 0.8776 | 0.6934 | 0.5651
0016 | 05:19:27 |  62.1s | 1.0e-04 | 0.0728 | 0.8649 | 0.7552 | 0.6263 | 0.0712 | 0.8482 | 0.7564 | 0.5946
0017 | 05:20:49 |  42.4s | 1.0e-04 | 0.0719 | 0.8645 | 0.7606 | 0.6351 | 0.0693 | 0.8531 | 0.7424 | 0.5846
0018 | 05:21:53 |  43.6s | 1.0e-04 | 0.0710 | 0.8661 | 0.7650 | 0.6515 | 0.0699 | 0.8608 | 0.7451 | 0.6131
0019 | 05:22:58 |  42.4s | 1.0e-04 | 0.0705 | 0.8661 | 0.7648 | 0.6471 | 0.0680 | 0.8543 | 0.7499 | 0.6010
0020 | 05:24:05 |  42.8s | 1.0e-04 | 0.0694 | 0.8680 | 0.7701 | 0.6620 | 0.0677 | 0.8348 | 0.7790 | 0.6144
0021 | 05:25:09 |  42.2s | 1.0e-04 | 0.0681 | 0.8696 | 0.7783 | 0.6770 | 0.0665 | 0.8834 | 0.7265 | 0.6284
0022 | 05:26:14 |  41.8s | 1.0e-04 | 0.0671 | 0.8726 | 0.7793 | 0.6847 | 0.0657 | 0.8775 | 0.7436 | 0.6441
0023 | 05:27:17 |  42.1s | 1.0e-04 | 0.0661 | 0.8726 | 0.7830 | 0.6907 | 0.0656 | 0.8532 | 0.7862 | 0.6701
0024 | 05:28:21 |  67.3s | 1.0e-04 | 0.0641 | 0.8730 | 0.7843 | 0.6933 | 0.0638 | 0.8551 | 0.7787 | 0.6461
0025 | 05:29:49 |  42.6s | 1.0e-04 | 0.0627 | 0.8737 | 0.7862 | 0.6997 | 0.0602 | 0.8658 | 0.7641 | 0.6611
Traceback (most recent call last):
  File "/home/levos/experiments/2026-04-19_gat_differentiable_rewiring/train_differentiable_weights.py", line 274, in <module>
    train()
  File "/home/levos/experiments/2026-04-19_gat_differentiable_rewiring/train_differentiable_weights.py", line 256, in train
    loss = F.cross_entropy(out, batch.y); loss.backward(); optimizer.step()
  File "/home/levos/miniconda3/envs/baikal/lib/python3.10/site-packages/torch/_tensor.py", line 581, in backward
    torch.autograd.backward(
  File "/home/levos/miniconda3/envs/baikal/lib/python3.10/site-packages/torch/autograd/__init__.py", line 347, in backward
    _engine_run_backward(
  File "/home/levos/miniconda3/envs/baikal/lib/python3.10/site-packages/torch/autograd/graph.py", line 825, in _engine_run_backward
    return Variable._execution_engine.run_backward(  # Calls into the C++ engine to run the backward pass
torch.OutOfMemoryError: CUDA out of memory. Tried to allocate 804.00 MiB. GPU 0 has a total capacity of 23.55 GiB of which 686.44 MiB is free. Process 1979636 has 16.64 GiB memory in use. Including non-PyTorch memory, this process has 6.22 GiB memory in use. Of the allocated memory 4.56 GiB is allocated by PyTorch, and 1.21 GiB is reserved by PyTorch but unallocated. If reserved but unallocated memory is large try setting PYTORCH_CUDA_ALLOC_CONF=expandable_segments:True to avoid fragmentation.  See documentation for Memory Management  (https://pytorch.org/docs/stable/notes/cuda.html#environment-variables)
