nohup: ignoring input
Device: cuda | Experiment: Causal Graph | Events: 100000
Starting training with Causal Graph...
Epoch 001 | Time: 191.7s | LR: 2.00e-04 | T-Loss: 0.2546 | V-Loss: 0.2506 | T-Prec: 0.4969 | V-Prec: 0.3887 | T-Rec: 0.0039 | V-Rec: 0.0073 | T-P@R0.9: 0.0811 | V-P@R0.9: 0.0785
Epoch 002 | Time: 188.3s | LR: 2.00e-04 | T-Loss: 0.2628 | V-Loss: 0.2576 | T-Prec: 0.4428 | V-Prec: 0.4191 | T-Rec: 0.0174 | V-Rec: 0.0207 | T-P@R0.9: 0.0817 | V-P@R0.9: 0.0792
Epoch 003 | Time: 190.5s | LR: 2.00e-04 | T-Loss: 0.2469 | V-Loss: 0.2438 | T-Prec: 0.4583 | V-Prec: 0.4955 | T-Rec: 0.0139 | V-Rec: 0.0120 | T-P@R0.9: 0.0819 | V-P@R0.9: 0.0793
Epoch 004 | Time: 192.8s | LR: 2.00e-04 | T-Loss: 0.2478 | V-Loss: 0.2456 | T-Prec: 0.4381 | V-Prec: 0.4261 | T-Rec: 0.0181 | V-Rec: 0.0203 | T-P@R0.9: 0.0820 | V-P@R0.9: 0.0793
Epoch 005 | Time: 185.1s | LR: 2.00e-04 | T-Loss: 0.2536 | V-Loss: 0.2482 | T-Prec: 0.4889 | V-Prec: 0.4417 | T-Rec: 0.0147 | V-Rec: 0.0180 | T-P@R0.9: 0.0820 | V-P@R0.9: 0.0794
Epoch 006 | Time: 187.2s | LR: 2.00e-04 | T-Loss: 0.2464 | V-Loss: 0.2434 | T-Prec: 0.6491 | V-Prec: 0.5667 | T-Rec: 0.0022 | V-Rec: 0.0021 | T-P@R0.9: 0.0820 | V-P@R0.9: 0.0794
Epoch 007 | Time: 191.7s | LR: 2.00e-04 | T-Loss: 0.2460 | V-Loss: 0.2433 | T-Prec: 0.5977 | V-Prec: 0.5241 | T-Rec: 0.0012 | V-Rec: 0.0078 | T-P@R0.9: 0.0822 | V-P@R0.9: 0.0796
Epoch 008 | Time: 186.4s | LR: 2.00e-04 | T-Loss: 0.2497 | V-Loss: 0.2449 | T-Prec: 0.0000 | V-Prec: 0.0000 | T-Rec: 0.0000 | V-Rec: 0.0000 | T-P@R0.9: 0.0814 | V-P@R0.9: 0.0790
Epoch 009 | Time: 183.2s | LR: 2.00e-04 | T-Loss: 0.2507 | V-Loss: 0.2480 | T-Prec: 0.4626 | V-Prec: 0.4296 | T-Rec: 0.0216 | V-Rec: 0.0197 | T-P@R0.9: 0.0821 | V-P@R0.9: 0.0794
Epoch 010 | Time: 186.2s | LR: 2.00e-04 | T-Loss: 0.2465 | V-Loss: 0.2437 | T-Prec: 0.6296 | V-Prec: 0.4878 | T-Rec: 0.0034 | V-Rec: 0.0032 | T-P@R0.9: 0.0825 | V-P@R0.9: 0.0798
Epoch 011 | Time: 184.7s | LR: 2.00e-04 | T-Loss: 0.2453 | V-Loss: 0.2429 | T-Prec: 0.4962 | V-Prec: 0.5226 | T-Rec: 0.0211 | V-Rec: 0.0167 | T-P@R0.9: 0.0826 | V-P@R0.9: 0.0798
Epoch 012 | Time: 187.0s | LR: 2.00e-04 | T-Loss: 0.2458 | V-Loss: 0.2429 | T-Prec: 0.5746 | V-Prec: 0.4977 | T-Rec: 0.0043 | V-Rec: 0.0027 | T-P@R0.9: 0.0826 | V-P@R0.9: 0.0796
Epoch 013 | Time: 189.4s | LR: 2.00e-04 | T-Loss: 0.2475 | V-Loss: 0.2439 | T-Prec: 0.5003 | V-Prec: 0.4600 | T-Rec: 0.0087 | V-Rec: 0.0107 | T-P@R0.9: 0.0826 | V-P@R0.9: 0.0798
Epoch 014 | Time: 182.3s | LR: 2.00e-04 | T-Loss: 0.2520 | V-Loss: 0.2485 | T-Prec: 0.4497 | V-Prec: 0.4261 | T-Rec: 0.0211 | V-Rec: 0.0203 | T-P@R0.9: 0.0826 | V-P@R0.9: 0.0798
Epoch 015 | Time: 181.8s | LR: 2.00e-04 | T-Loss: 0.2451 | V-Loss: 0.2423 | T-Prec: 0.5263 | V-Prec: 0.5203 | T-Rec: 0.0183 | V-Rec: 0.0127 | T-P@R0.9: 0.0829 | V-P@R0.9: 0.0800
Epoch 016 | Time: 177.8s | LR: 2.00e-04 | T-Loss: 0.2477 | V-Loss: 0.2448 | T-Prec: 0.4617 | V-Prec: 0.4283 | T-Rec: 0.0234 | V-Rec: 0.0224 | T-P@R0.9: 0.0829 | V-P@R0.9: 0.0799
Epoch 017 | Time: 190.1s | LR: 2.00e-04 | T-Loss: 0.2488 | V-Loss: 0.2461 | T-Prec: 0.4503 | V-Prec: 0.4105 | T-Rec: 0.0304 | V-Rec: 0.0275 | T-P@R0.9: 0.0825 | V-P@R0.9: 0.0797
Epoch 018 | Time: 185.3s | LR: 2.00e-04 | T-Loss: 0.2444 | V-Loss: 0.2419 | T-Prec: 0.5674 | V-Prec: 0.5406 | T-Rec: 0.0112 | V-Rec: 0.0101 | T-P@R0.9: 0.0828 | V-P@R0.9: 0.0800
Epoch 019 | Time: 186.4s | LR: 2.00e-04 | T-Loss: 0.2442 | V-Loss: 0.2418 | T-Prec: 0.5647 | V-Prec: 0.5382 | T-Rec: 0.0109 | V-Rec: 0.0090 | T-P@R0.9: 0.0830 | V-P@R0.9: 0.0801
Epoch 020 | Time: 188.6s | LR: 2.00e-04 | T-Loss: 0.2446 | V-Loss: 0.2418 | T-Prec: 0.5000 | V-Prec: 0.5714 | T-Rec: 0.0087 | V-Rec: 0.0065 | T-P@R0.9: 0.0826 | V-P@R0.9: 0.0803
Epoch 021 | Time: 177.9s | LR: 2.00e-04 | T-Loss: 0.2442 | V-Loss: 0.2420 | T-Prec: 0.5339 | V-Prec: 0.6604 | T-Rec: 0.0135 | V-Rec: 0.0056 | T-P@R0.9: 0.0830 | V-P@R0.9: 0.0802
Epoch 022 | Time: 189.7s | LR: 2.00e-04 | T-Loss: 0.2470 | V-Loss: 0.2433 | T-Prec: 0.5486 | V-Prec: 0.0000 | T-Rec: 0.0009 | V-Rec: 0.0000 | T-P@R0.9: 0.0819 | V-P@R0.9: 0.0794
Epoch 023 | Time: 189.6s | LR: 2.00e-04 | T-Loss: 0.2488 | V-Loss: 0.2454 | T-Prec: 0.4559 | V-Prec: 0.4332 | T-Rec: 0.0237 | V-Rec: 0.0207 | T-P@R0.9: 0.0829 | V-P@R0.9: 0.0801
Epoch 024 | Time: 186.1s | LR: 2.00e-04 | T-Loss: 0.2443 | V-Loss: 0.2421 | T-Prec: 0.4893 | V-Prec: 0.4849 | T-Rec: 0.0207 | V-Rec: 0.0188 | T-P@R0.9: 0.0829 | V-P@R0.9: 0.0803
Epoch 025 | Time: 185.1s | LR: 2.00e-04 | T-Loss: 0.2468 | V-Loss: 0.2429 | T-Prec: 0.5486 | V-Prec: 0.3917 | T-Rec: 0.0009 | V-Rec: 0.0010 | T-P@R0.9: 0.0825 | V-P@R0.9: 0.0800
Epoch 026 | Time: 189.8s | LR: 2.00e-04 | T-Loss: 0.2444 | V-Loss: 0.2422 | T-Prec: 0.5120 | V-Prec: 0.4630 | T-Rec: 0.0079 | V-Rec: 0.0047 | T-P@R0.9: 0.0831 | V-P@R0.9: 0.0804
Epoch 027 | Time: 182.4s | LR: 2.00e-04 | T-Loss: 0.2437 | V-Loss: 0.2414 | T-Prec: 0.5841 | V-Prec: 0.6297 | T-Rec: 0.0053 | V-Rec: 0.0047 | T-P@R0.9: 0.0832 | V-P@R0.9: 0.0802
Epoch 028 | Time: 188.0s | LR: 2.00e-04 | T-Loss: 0.2438 | V-Loss: 0.2414 | T-Prec: 0.5090 | V-Prec: 0.5223 | T-Rec: 0.0185 | V-Rec: 0.0165 | T-P@R0.9: 0.0831 | V-P@R0.9: 0.0802
Epoch 029 | Time: 184.1s | LR: 2.00e-04 | T-Loss: 0.2461 | V-Loss: 0.2427 | T-Prec: 0.4991 | V-Prec: 0.4763 | T-Rec: 0.0194 | V-Rec: 0.0210 | T-P@R0.9: 0.0830 | V-P@R0.9: 0.0805
Epoch 030 | Time: 186.2s | LR: 2.00e-04 | T-Loss: 0.2437 | V-Loss: 0.2414 | T-Prec: 0.4885 | V-Prec: 0.5008 | T-Rec: 0.0204 | V-Rec: 0.0203 | T-P@R0.9: 0.0832 | V-P@R0.9: 0.0803
Epoch 031 | Time: 184.9s | LR: 2.00e-04 | T-Loss: 0.2435 | V-Loss: 0.2412 | T-Prec: 0.5314 | V-Prec: 0.5296 | T-Rec: 0.0056 | V-Rec: 0.0071 | T-P@R0.9: 0.0832 | V-P@R0.9: 0.0805
Epoch 032 | Time: 193.2s | LR: 2.00e-04 | T-Loss: 0.2434 | V-Loss: 0.2412 | T-Prec: 0.5583 | V-Prec: 0.5397 | T-Rec: 0.0137 | V-Rec: 0.0117 | T-P@R0.9: 0.0832 | V-P@R0.9: 0.0804
Epoch 033 | Time: 181.8s | LR: 2.00e-04 | T-Loss: 0.2434 | V-Loss: 0.2412 | T-Prec: 0.5464 | V-Prec: 0.5580 | T-Rec: 0.0055 | V-Rec: 0.0046 | T-P@R0.9: 0.0832 | V-P@R0.9: 0.0804
Epoch 034 | Time: 187.8s | LR: 2.00e-04 | T-Loss: 0.2441 | V-Loss: 0.2417 | T-Prec: 0.5322 | V-Prec: 0.5216 | T-Rec: 0.0126 | V-Rec: 0.0113 | T-P@R0.9: 0.0832 | V-P@R0.9: 0.0804
Epoch 035 | Time: 190.3s | LR: 2.00e-04 | T-Loss: 0.2444 | V-Loss: 0.2414 | T-Prec: 0.5187 | V-Prec: 0.4947 | T-Rec: 0.0141 | V-Rec: 0.0137 | T-P@R0.9: 0.0834 | V-P@R0.9: 0.0805
Epoch 036 | Time: 188.4s | LR: 2.00e-04 | T-Loss: 0.2438 | V-Loss: 0.2411 | T-Prec: 0.5951 | V-Prec: 0.5815 | T-Rec: 0.0093 | V-Rec: 0.0066 | T-P@R0.9: 0.0834 | V-P@R0.9: 0.0805
Epoch 037 | Time: 184.1s | LR: 2.00e-04 | T-Loss: 0.2434 | V-Loss: 0.2411 | T-Prec: 0.5713 | V-Prec: 0.5245 | T-Rec: 0.0123 | V-Rec: 0.0106 | T-P@R0.9: 0.0834 | V-P@R0.9: 0.0805
Epoch 038 | Time: 179.4s | LR: 2.00e-04 | T-Loss: 0.2435 | V-Loss: 0.2413 | T-Prec: 0.5329 | V-Prec: 0.5439 | T-Rec: 0.0091 | V-Rec: 0.0086 | T-P@R0.9: 0.0832 | V-P@R0.9: 0.0804
Epoch 039 | Time: 187.5s | LR: 2.00e-04 | T-Loss: 0.2433 | V-Loss: 0.2411 | T-Prec: 0.5433 | V-Prec: 0.5733 | T-Rec: 0.0106 | V-Rec: 0.0095 | T-P@R0.9: 0.0834 | V-P@R0.9: 0.0805
Epoch 040 | Time: 186.0s | LR: 2.00e-04 | T-Loss: 0.2438 | V-Loss: 0.2412 | T-Prec: 0.5408 | V-Prec: 0.5124 | T-Rec: 0.0129 | V-Rec: 0.0121 | T-P@R0.9: 0.0834 | V-P@R0.9: 0.0805
Epoch 041 | Time: 179.8s | LR: 2.00e-04 | T-Loss: 0.2431 | V-Loss: 0.2408 | T-Prec: 0.5849 | V-Prec: 0.6926 | T-Rec: 0.0064 | V-Rec: 0.0026 | T-P@R0.9: 0.0834 | V-P@R0.9: 0.0804
Epoch 042 | Time: 182.1s | LR: 2.00e-04 | T-Loss: 0.2433 | V-Loss: 0.2408 | T-Prec: 0.5597 | V-Prec: 0.4351 | T-Rec: 0.0031 | V-Rec: 0.0014 | T-P@R0.9: 0.0834 | V-P@R0.9: 0.0805
Epoch 043 | Time: 188.7s | LR: 2.00e-04 | T-Loss: 0.2429 | V-Loss: 0.2406 | T-Prec: 0.5829 | V-Prec: 0.6234 | T-Rec: 0.0113 | V-Rec: 0.0064 | T-P@R0.9: 0.0835 | V-P@R0.9: 0.0806
Epoch 044 | Time: 192.3s | LR: 2.00e-04 | T-Loss: 0.2431 | V-Loss: 0.2407 | T-Prec: 0.5415 | V-Prec: 0.5325 | T-Rec: 0.0154 | V-Rec: 0.0126 | T-P@R0.9: 0.0834 | V-P@R0.9: 0.0805
Epoch 045 | Time: 191.0s | LR: 2.00e-04 | T-Loss: 0.2429 | V-Loss: 0.2406 | T-Prec: 0.5889 | V-Prec: 0.5964 | T-Rec: 0.0091 | V-Rec: 0.0093 | T-P@R0.9: 0.0834 | V-P@R0.9: 0.0805
Epoch 046 | Time: 182.8s | LR: 2.00e-04 | T-Loss: 0.2431 | V-Loss: 0.2408 | T-Prec: 0.5766 | V-Prec: 0.5449 | T-Rec: 0.0113 | V-Rec: 0.0102 | T-P@R0.9: 0.0833 | V-P@R0.9: 0.0805
Epoch 047 | Time: 183.3s | LR: 2.00e-04 | T-Loss: 0.2431 | V-Loss: 0.2407 | T-Prec: 0.6224 | V-Prec: 0.5293 | T-Rec: 0.0086 | V-Rec: 0.0076 | T-P@R0.9: 0.0836 | V-P@R0.9: 0.0807
Epoch 048 | Time: 187.5s | LR: 2.00e-04 | T-Loss: 0.2429 | V-Loss: 0.2406 | T-Prec: 0.5987 | V-Prec: 0.6926 | T-Rec: 0.0022 | V-Rec: 0.0026 | T-P@R0.9: 0.0836 | V-P@R0.9: 0.0806
Epoch 049 | Time: 185.1s | LR: 2.00e-04 | T-Loss: 0.2432 | V-Loss: 0.2408 | T-Prec: 0.5987 | V-Prec: 0.6926 | T-Rec: 0.0022 | V-Rec: 0.0026 | T-P@R0.9: 0.0835 | V-P@R0.9: 0.0806
Epoch 050 | Time: 190.6s | LR: 2.00e-04 | T-Loss: 0.2426 | V-Loss: 0.2404 | T-Prec: 0.6361 | V-Prec: 0.6113 | T-Rec: 0.0074 | V-Rec: 0.0049 | T-P@R0.9: 0.0836 | V-P@R0.9: 0.0807
Epoch 051 | Time: 183.1s | LR: 2.00e-04 | T-Loss: 0.2427 | V-Loss: 0.2403 | T-Prec: 0.6361 | V-Prec: 0.6113 | T-Rec: 0.0074 | V-Rec: 0.0049 | T-P@R0.9: 0.0837 | V-P@R0.9: 0.0808
Epoch 052 | Time: 179.4s | LR: 2.00e-04 | T-Loss: 0.2425 | V-Loss: 0.2403 | T-Prec: 0.6418 | V-Prec: 0.6507 | T-Rec: 0.0040 | V-Rec: 0.0033 | T-P@R0.9: 0.0836 | V-P@R0.9: 0.0808
Epoch 053 | Time: 181.0s | LR: 2.00e-04 | T-Loss: 0.2423 | V-Loss: 0.2402 | T-Prec: 0.5975 | V-Prec: 0.6000 | T-Rec: 0.0062 | V-Rec: 0.0056 | T-P@R0.9: 0.0837 | V-P@R0.9: 0.0808
Epoch 054 | Time: 193.3s | LR: 2.00e-04 | T-Loss: 0.2421 | V-Loss: 0.2401 | T-Prec: 0.5529 | V-Prec: 0.5782 | T-Rec: 0.0129 | V-Rec: 0.0101 | T-P@R0.9: 0.0837 | V-P@R0.9: 0.0808
Epoch 055 | Time: 183.9s | LR: 2.00e-04 | T-Loss: 0.2429 | V-Loss: 0.2406 | T-Prec: 0.5170 | V-Prec: 0.5053 | T-Rec: 0.0167 | V-Rec: 0.0163 | T-P@R0.9: 0.0838 | V-P@R0.9: 0.0808
Epoch 056 | Time: 182.3s | LR: 2.00e-04 | T-Loss: 0.2421 | V-Loss: 0.2400 | T-Prec: 0.5817 | V-Prec: 0.6004 | T-Rec: 0.0100 | V-Rec: 0.0071 | T-P@R0.9: 0.0838 | V-P@R0.9: 0.0809
Epoch 057 | Time: 182.2s | LR: 2.00e-04 | T-Loss: 0.2422 | V-Loss: 0.2401 | T-Prec: 0.6102 | V-Prec: 0.5281 | T-Rec: 0.0084 | V-Rec: 0.0085 | T-P@R0.9: 0.0836 | V-P@R0.9: 0.0808
Epoch 058 | Time: 178.7s | LR: 2.00e-04 | T-Loss: 0.2423 | V-Loss: 0.2402 | T-Prec: 0.6026 | V-Prec: 0.6430 | T-Rec: 0.0095 | V-Rec: 0.0063 | T-P@R0.9: 0.0836 | V-P@R0.9: 0.0806
Epoch 059 | Time: 187.5s | LR: 2.00e-04 | T-Loss: 0.2421 | V-Loss: 0.2400 | T-Prec: 0.6268 | V-Prec: 0.6430 | T-Rec: 0.0074 | V-Rec: 0.0063 | T-P@R0.9: 0.0838 | V-P@R0.9: 0.0809
Epoch 060 | Time: 178.8s | LR: 2.00e-04 | T-Loss: 0.2422 | V-Loss: 0.2402 | T-Prec: 0.5509 | V-Prec: 0.5764 | T-Rec: 0.0116 | V-Rec: 0.0089 | T-P@R0.9: 0.0838 | V-P@R0.9: 0.0809
Epoch 061 | Time: 183.7s | LR: 2.00e-04 | T-Loss: 0.2418 | V-Loss: 0.2398 | T-Prec: 0.5766 | V-Prec: 0.5639 | T-Rec: 0.0097 | V-Rec: 0.0070 | T-P@R0.9: 0.0839 | V-P@R0.9: 0.0809
Epoch 062 | Time: 184.9s | LR: 2.00e-04 | T-Loss: 0.2427 | V-Loss: 0.2408 | T-Prec: 0.5475 | V-Prec: 0.5190 | T-Rec: 0.0152 | V-Rec: 0.0122 | T-P@R0.9: 0.0838 | V-P@R0.9: 0.0810
Epoch 063 | Time: 195.6s | LR: 2.00e-04 | T-Loss: 0.2424 | V-Loss: 0.2402 | T-Prec: 0.4814 | V-Prec: 0.4471 | T-Rec: 0.0018 | V-Rec: 0.0011 | T-P@R0.9: 0.0839 | V-P@R0.9: 0.0809
Epoch 064 | Time: 184.7s | LR: 2.00e-04 | T-Loss: 0.2425 | V-Loss: 0.2403 | T-Prec: 0.5390 | V-Prec: 0.4758 | T-Rec: 0.0027 | V-Rec: 0.0013 | T-P@R0.9: 0.0837 | V-P@R0.9: 0.0809
Epoch 065 | Time: 187.6s | LR: 2.00e-04 | T-Loss: 0.2418 | V-Loss: 0.2399 | T-Prec: 0.6418 | V-Prec: 0.6507 | T-Rec: 0.0040 | V-Rec: 0.0033 | T-P@R0.9: 0.0840 | V-P@R0.9: 0.0809
Epoch 066 | Time: 185.0s | LR: 2.00e-04 | T-Loss: 0.2419 | V-Loss: 0.2397 | T-Prec: 0.5525 | V-Prec: 0.6344 | T-Rec: 0.0041 | V-Rec: 0.0046 | T-P@R0.9: 0.0840 | V-P@R0.9: 0.0811
Epoch 067 | Time: 161.6s | LR: 2.00e-04 | T-Loss: 0.2420 | V-Loss: 0.2398 | T-Prec: 0.5551 | V-Prec: 0.5099 | T-Rec: 0.0103 | V-Rec: 0.0110 | T-P@R0.9: 0.0841 | V-P@R0.9: 0.0811
Epoch 068 | Time: 130.4s | LR: 2.00e-04 | T-Loss: 0.2414 | V-Loss: 0.2394 | T-Prec: 0.5575 | V-Prec: 0.5413 | T-Rec: 0.0138 | V-Rec: 0.0106 | T-P@R0.9: 0.0840 | V-P@R0.9: 0.0811
Epoch 069 | Time: 130.0s | LR: 2.00e-04 | T-Loss: 0.2417 | V-Loss: 0.2396 | T-Prec: 0.5364 | V-Prec: 0.6344 | T-Rec: 0.0059 | V-Rec: 0.0046 | T-P@R0.9: 0.0840 | V-P@R0.9: 0.0809
Epoch 070 | Time: 130.7s | LR: 2.00e-04 | T-Loss: 0.2417 | V-Loss: 0.2397 | T-Prec: 0.6444 | V-Prec: 0.6507 | T-Rec: 0.0062 | V-Rec: 0.0033 | T-P@R0.9: 0.0841 | V-P@R0.9: 0.0810
Epoch 071 | Time: 129.9s | LR: 2.00e-04 | T-Loss: 0.2418 | V-Loss: 0.2397 | T-Prec: 0.6224 | V-Prec: 0.5377 | T-Rec: 0.0086 | V-Rec: 0.0110 | T-P@R0.9: 0.0842 | V-P@R0.9: 0.0810
Epoch 072 | Time: 130.3s | LR: 2.00e-04 | T-Loss: 0.2414 | V-Loss: 0.2394 | T-Prec: 0.6444 | V-Prec: 0.6344 | T-Rec: 0.0062 | V-Rec: 0.0046 | T-P@R0.9: 0.0840 | V-P@R0.9: 0.0810
Epoch 073 | Time: 129.5s | LR: 2.00e-04 | T-Loss: 0.2413 | V-Loss: 0.2393 | T-Prec: 0.6067 | V-Prec: 0.6221 | T-Rec: 0.0090 | V-Rec: 0.0083 | T-P@R0.9: 0.0841 | V-P@R0.9: 0.0811
Epoch 074 | Time: 129.7s | LR: 2.00e-04 | T-Loss: 0.2413 | V-Loss: 0.2393 | T-Prec: 0.6137 | V-Prec: 0.6276 | T-Rec: 0.0064 | V-Rec: 0.0073 | T-P@R0.9: 0.0841 | V-P@R0.9: 0.0812
Epoch 075 | Time: 130.1s | LR: 2.00e-04 | T-Loss: 0.2411 | V-Loss: 0.2393 | T-Prec: 0.6361 | V-Prec: 0.6430 | T-Rec: 0.0074 | V-Rec: 0.0063 | T-P@R0.9: 0.0842 | V-P@R0.9: 0.0812
Epoch 076 | Time: 130.0s | LR: 2.00e-04 | T-Loss: 0.2409 | V-Loss: 0.2392 | T-Prec: 0.5829 | V-Prec: 0.5828 | T-Rec: 0.0113 | V-Rec: 0.0086 | T-P@R0.9: 0.0844 | V-P@R0.9: 0.0812
Epoch 077 | Time: 130.0s | LR: 2.00e-04 | T-Loss: 0.2410 | V-Loss: 0.2391 | T-Prec: 0.5829 | V-Prec: 0.6221 | T-Rec: 0.0113 | V-Rec: 0.0083 | T-P@R0.9: 0.0843 | V-P@R0.9: 0.0811
Epoch 078 | Time: 129.9s | LR: 2.00e-04 | T-Loss: 0.2410 | V-Loss: 0.2392 | T-Prec: 0.5669 | V-Prec: 0.6128 | T-Rec: 0.0131 | V-Rec: 0.0094 | T-P@R0.9: 0.0843 | V-P@R0.9: 0.0813
Epoch 079 | Time: 129.8s | LR: 2.00e-04 | T-Loss: 0.2414 | V-Loss: 0.2395 | T-Prec: 0.5431 | V-Prec: 0.5331 | T-Rec: 0.0123 | V-Rec: 0.0139 | T-P@R0.9: 0.0842 | V-P@R0.9: 0.0812
Epoch 080 | Time: 130.0s | LR: 2.00e-04 | T-Loss: 0.2408 | V-Loss: 0.2390 | T-Prec: 0.6224 | V-Prec: 0.5700 | T-Rec: 0.0086 | V-Rec: 0.0086 | T-P@R0.9: 0.0844 | V-P@R0.9: 0.0812
Epoch 081 | Time: 130.5s | LR: 2.00e-04 | T-Loss: 0.2409 | V-Loss: 0.2390 | T-Prec: 0.5951 | V-Prec: 0.5486 | T-Rec: 0.0091 | V-Rec: 0.0092 | T-P@R0.9: 0.0843 | V-P@R0.9: 0.0813
Epoch 082 | Time: 129.9s | LR: 2.00e-04 | T-Loss: 0.2410 | V-Loss: 0.2392 | T-Prec: 0.6361 | V-Prec: 0.6565 | T-Rec: 0.0074 | V-Rec: 0.0050 | T-P@R0.9: 0.0843 | V-P@R0.9: 0.0812
Epoch 083 | Time: 130.2s | LR: 2.00e-04 | T-Loss: 0.2412 | V-Loss: 0.2393 | T-Prec: 0.5642 | V-Prec: 0.5528 | T-Rec: 0.0119 | V-Rec: 0.0103 | T-P@R0.9: 0.0842 | V-P@R0.9: 0.0812
Epoch 084 | Time: 130.1s | LR: 2.00e-04 | T-Loss: 0.2408 | V-Loss: 0.2390 | T-Prec: 0.5513 | V-Prec: 0.5537 | T-Rec: 0.0153 | V-Rec: 0.0129 | T-P@R0.9: 0.0842 | V-P@R0.9: 0.0812
Epoch 085 | Time: 130.0s | LR: 2.00e-04 | T-Loss: 0.2408 | V-Loss: 0.2389 | T-Prec: 0.5742 | V-Prec: 0.5528 | T-Rec: 0.0120 | V-Rec: 0.0103 | T-P@R0.9: 0.0842 | V-P@R0.9: 0.0812
Epoch 086 | Time: 130.3s | LR: 2.00e-04 | T-Loss: 0.2406 | V-Loss: 0.2389 | T-Prec: 0.6184 | V-Prec: 0.6565 | T-Rec: 0.0071 | V-Rec: 0.0050 | T-P@R0.9: 0.0843 | V-P@R0.9: 0.0813
Epoch 087 | Time: 129.9s | LR: 2.00e-04 | T-Loss: 0.2406 | V-Loss: 0.2389 | T-Prec: 0.5829 | V-Prec: 0.6178 | T-Rec: 0.0113 | V-Rec: 0.0080 | T-P@R0.9: 0.0844 | V-P@R0.9: 0.0813
Epoch 088 | Time: 130.9s | LR: 2.00e-04 | T-Loss: 0.2405 | V-Loss: 0.2388 | T-Prec: 0.5540 | V-Prec: 0.5821 | T-Rec: 0.0144 | V-Rec: 0.0118 | T-P@R0.9: 0.0843 | V-P@R0.9: 0.0813
Epoch 089 | Time: 130.2s | LR: 2.00e-04 | T-Loss: 0.2408 | V-Loss: 0.2392 | T-Prec: 0.5586 | V-Prec: 0.5736 | T-Rec: 0.0147 | V-Rec: 0.0131 | T-P@R0.9: 0.0843 | V-P@R0.9: 0.0813
Epoch 090 | Time: 129.8s | LR: 2.00e-04 | T-Loss: 0.2405 | V-Loss: 0.2388 | T-Prec: 0.6072 | V-Prec: 0.6222 | T-Rec: 0.0082 | V-Rec: 0.0051 | T-P@R0.9: 0.0844 | V-P@R0.9: 0.0813
Epoch 091 | Time: 129.9s | LR: 2.00e-04 | T-Loss: 0.2408 | V-Loss: 0.2390 | T-Prec: 0.6361 | V-Prec: 0.6472 | T-Rec: 0.0074 | V-Rec: 0.0061 | T-P@R0.9: 0.0843 | V-P@R0.9: 0.0813
Epoch 092 | Time: 130.6s | LR: 2.00e-04 | T-Loss: 0.2405 | V-Loss: 0.2387 | T-Prec: 0.6224 | V-Prec: 0.5722 | T-Rec: 0.0086 | V-Rec: 0.0081 | T-P@R0.9: 0.0845 | V-P@R0.9: 0.0813
Epoch 093 | Time: 130.5s | LR: 2.00e-04 | T-Loss: 0.2407 | V-Loss: 0.2390 | T-Prec: 0.5685 | V-Prec: 0.5491 | T-Rec: 0.0148 | V-Rec: 0.0111 | T-P@R0.9: 0.0843 | V-P@R0.9: 0.0814
Epoch 094 | Time: 130.7s | LR: 2.00e-04 | T-Loss: 0.2405 | V-Loss: 0.2389 | T-Prec: 0.5515 | V-Prec: 0.5857 | T-Rec: 0.0144 | V-Rec: 0.0107 | T-P@R0.9: 0.0843 | V-P@R0.9: 0.0813
Epoch 095 | Time: 131.2s | LR: 2.00e-04 | T-Loss: 0.2407 | V-Loss: 0.2389 | T-Prec: 0.6652 | V-Prec: 0.6829 | T-Rec: 0.0053 | V-Rec: 0.0043 | T-P@R0.9: 0.0844 | V-P@R0.9: 0.0812
Epoch 096 | Time: 130.1s | LR: 2.00e-04 | T-Loss: 0.2407 | V-Loss: 0.2392 | T-Prec: 0.6001 | V-Prec: 0.5516 | T-Rec: 0.0104 | V-Rec: 0.0127 | T-P@R0.9: 0.0844 | V-P@R0.9: 0.0815
Epoch 097 | Time: 130.9s | LR: 2.00e-04 | T-Loss: 0.2404 | V-Loss: 0.2387 | T-Prec: 0.6268 | V-Prec: 0.6575 | T-Rec: 0.0074 | V-Rec: 0.0050 | T-P@R0.9: 0.0844 | V-P@R0.9: 0.0815
Epoch 098 | Time: 130.4s | LR: 2.00e-04 | T-Loss: 0.2416 | V-Loss: 0.2397 | T-Prec: 0.5835 | V-Prec: 0.5630 | T-Rec: 0.0112 | V-Rec: 0.0098 | T-P@R0.9: 0.0844 | V-P@R0.9: 0.0814
Epoch 099 | Time: 130.7s | LR: 2.00e-04 | T-Loss: 0.2408 | V-Loss: 0.2392 | T-Prec: 0.5657 | V-Prec: 0.5908 | T-Rec: 0.0107 | V-Rec: 0.0086 | T-P@R0.9: 0.0843 | V-P@R0.9: 0.0814
Epoch 100 | Time: 129.8s | LR: 2.00e-04 | T-Loss: 0.2403 | V-Loss: 0.2387 | T-Prec: 0.5669 | V-Prec: 0.5714 | T-Rec: 0.0131 | V-Rec: 0.0117 | T-P@R0.9: 0.0843 | V-P@R0.9: 0.0813
Epoch 101 | Time: 130.6s | LR: 2.00e-04 | T-Loss: 0.2403 | V-Loss: 0.2387 | T-Prec: 0.5466 | V-Prec: 0.5408 | T-Rec: 0.0162 | V-Rec: 0.0109 | T-P@R0.9: 0.0844 | V-P@R0.9: 0.0813
Epoch 102 | Time: 131.3s | LR: 2.00e-04 | T-Loss: 0.2403 | V-Loss: 0.2387 | T-Prec: 0.6200 | V-Prec: 0.5939 | T-Rec: 0.0095 | V-Rec: 0.0090 | T-P@R0.9: 0.0844 | V-P@R0.9: 0.0813
Epoch 103 | Time: 130.0s | LR: 2.00e-04 | T-Loss: 0.2403 | V-Loss: 0.2387 | T-Prec: 0.5551 | V-Prec: 0.5600 | T-Rec: 0.0120 | V-Rec: 0.0138 | T-P@R0.9: 0.0844 | V-P@R0.9: 0.0814
Epoch 104 | Time: 130.3s | LR: 2.00e-04 | T-Loss: 0.2405 | V-Loss: 0.2389 | T-Prec: 0.5539 | V-Prec: 0.5326 | T-Rec: 0.0134 | V-Rec: 0.0122 | T-P@R0.9: 0.0845 | V-P@R0.9: 0.0814
Epoch 105 | Time: 130.1s | LR: 2.00e-04 | T-Loss: 0.2404 | V-Loss: 0.2389 | T-Prec: 0.6224 | V-Prec: 0.6467 | T-Rec: 0.0086 | V-Rec: 0.0071 | T-P@R0.9: 0.0845 | V-P@R0.9: 0.0815
Epoch 106 | Time: 130.7s | LR: 2.00e-04 | T-Loss: 0.2403 | V-Loss: 0.2388 | T-Prec: 0.5477 | V-Prec: 0.5380 | T-Rec: 0.0177 | V-Rec: 0.0157 | T-P@R0.9: 0.0844 | V-P@R0.9: 0.0814
Epoch 107 | Time: 130.4s | LR: 2.00e-04 | T-Loss: 0.2404 | V-Loss: 0.2388 | T-Prec: 0.6224 | V-Prec: 0.6474 | T-Rec: 0.0086 | V-Rec: 0.0060 | T-P@R0.9: 0.0844 | V-P@R0.9: 0.0814
Epoch 108 | Time: 130.1s | LR: 2.00e-04 | T-Loss: 0.2403 | V-Loss: 0.2387 | T-Prec: 0.6087 | V-Prec: 0.5933 | T-Rec: 0.0085 | V-Rec: 0.0082 | T-P@R0.9: 0.0846 | V-P@R0.9: 0.0813
Epoch 109 | Time: 129.8s | LR: 2.00e-04 | T-Loss: 0.2403 | V-Loss: 0.2389 | T-Prec: 0.5704 | V-Prec: 0.5608 | T-Rec: 0.0119 | V-Rec: 0.0115 | T-P@R0.9: 0.0844 | V-P@R0.9: 0.0813
Epoch 110 | Time: 130.5s | LR: 2.00e-04 | T-Loss: 0.2404 | V-Loss: 0.2391 | T-Prec: 0.5796 | V-Prec: 0.6053 | T-Rec: 0.0112 | V-Rec: 0.0097 | T-P@R0.9: 0.0843 | V-P@R0.9: 0.0814
Epoch 111 | Time: 130.6s | LR: 2.00e-04 | T-Loss: 0.2403 | V-Loss: 0.2388 | T-Prec: 0.6083 | V-Prec: 0.6322 | T-Rec: 0.0086 | V-Rec: 0.0075 | T-P@R0.9: 0.0844 | V-P@R0.9: 0.0815
Epoch 112 | Time: 130.4s | LR: 2.00e-04 | T-Loss: 0.2403 | V-Loss: 0.2388 | T-Prec: 0.5611 | V-Prec: 0.5350 | T-Rec: 0.0145 | V-Rec: 0.0148 | T-P@R0.9: 0.0846 | V-P@R0.9: 0.0812
Epoch 113 | Time: 130.2s | LR: 2.00e-04 | T-Loss: 0.2402 | V-Loss: 0.2387 | T-Prec: 0.6069 | V-Prec: 0.6132 | T-Rec: 0.0088 | V-Rec: 0.0100 | T-P@R0.9: 0.0845 | V-P@R0.9: 0.0814
Epoch 114 | Time: 130.2s | LR: 2.00e-04 | T-Loss: 0.2401 | V-Loss: 0.2387 | T-Prec: 0.5704 | V-Prec: 0.5519 | T-Rec: 0.0129 | V-Rec: 0.0104 | T-P@R0.9: 0.0845 | V-P@R0.9: 0.0813
Epoch 115 | Time: 130.5s | LR: 2.00e-04 | T-Loss: 0.2401 | V-Loss: 0.2386 | T-Prec: 0.6224 | V-Prec: 0.5899 | T-Rec: 0.0086 | V-Rec: 0.0102 | T-P@R0.9: 0.0846 | V-P@R0.9: 0.0814
Epoch 116 | Time: 130.3s | LR: 2.00e-04 | T-Loss: 0.2409 | V-Loss: 0.2395 | T-Prec: 0.5214 | V-Prec: 0.5986 | T-Rec: 0.0072 | V-Rec: 0.0074 | T-P@R0.9: 0.0845 | V-P@R0.9: 0.0813
Epoch 117 | Time: 130.1s | LR: 2.00e-04 | T-Loss: 0.2402 | V-Loss: 0.2388 | T-Prec: 0.6184 | V-Prec: 0.5916 | T-Rec: 0.0071 | V-Rec: 0.0106 | T-P@R0.9: 0.0845 | V-P@R0.9: 0.0815
Epoch 118 | Time: 130.1s | LR: 2.00e-04 | T-Loss: 0.2400 | V-Loss: 0.2386 | T-Prec: 0.5903 | V-Prec: 0.5678 | T-Rec: 0.0102 | V-Rec: 0.0115 | T-P@R0.9: 0.0844 | V-P@R0.9: 0.0815
Epoch 119 | Time: 129.7s | LR: 2.00e-04 | T-Loss: 0.2401 | V-Loss: 0.2387 | T-Prec: 0.6187 | V-Prec: 0.5724 | T-Rec: 0.0088 | V-Rec: 0.0090 | T-P@R0.9: 0.0846 | V-P@R0.9: 0.0814
Epoch 120 | Time: 130.2s | LR: 2.00e-04 | T-Loss: 0.2402 | V-Loss: 0.2388 | T-Prec: 0.5624 | V-Prec: 0.5773 | T-Rec: 0.0143 | V-Rec: 0.0137 | T-P@R0.9: 0.0844 | V-P@R0.9: 0.0812
Epoch 121 | Time: 130.5s | LR: 2.00e-04 | T-Loss: 0.2401 | V-Loss: 0.2387 | T-Prec: 0.6018 | V-Prec: 0.5893 | T-Rec: 0.0095 | V-Rec: 0.0090 | T-P@R0.9: 0.0845 | V-P@R0.9: 0.0813
Epoch 122 | Time: 130.1s | LR: 2.00e-04 | T-Loss: 0.2401 | V-Loss: 0.2387 | T-Prec: 0.5429 | V-Prec: 0.5443 | T-Rec: 0.0152 | V-Rec: 0.0158 | T-P@R0.9: 0.0846 | V-P@R0.9: 0.0815
Epoch 123 | Time: 129.6s | LR: 2.00e-04 | T-Loss: 0.2399 | V-Loss: 0.2386 | T-Prec: 0.5454 | V-Prec: 0.5375 | T-Rec: 0.0155 | V-Rec: 0.0163 | T-P@R0.9: 0.0847 | V-P@R0.9: 0.0815
Epoch 124 | Time: 130.4s | LR: 2.00e-04 | T-Loss: 0.2402 | V-Loss: 0.2389 | T-Prec: 0.6127 | V-Prec: 0.5927 | T-Rec: 0.0078 | V-Rec: 0.0083 | T-P@R0.9: 0.0844 | V-P@R0.9: 0.0816
Epoch 125 | Time: 129.7s | LR: 2.00e-04 | T-Loss: 0.2400 | V-Loss: 0.2387 | T-Prec: 0.5797 | V-Prec: 0.5799 | T-Rec: 0.0111 | V-Rec: 0.0094 | T-P@R0.9: 0.0844 | V-P@R0.9: 0.0815
Epoch 126 | Time: 131.1s | LR: 2.00e-04 | T-Loss: 0.2400 | V-Loss: 0.2387 | T-Prec: 0.5724 | V-Prec: 0.5712 | T-Rec: 0.0136 | V-Rec: 0.0073 | T-P@R0.9: 0.0845 | V-P@R0.9: 0.0816
Epoch 127 | Time: 130.4s | LR: 2.00e-04 | T-Loss: 0.2400 | V-Loss: 0.2388 | T-Prec: 0.6084 | V-Prec: 0.5656 | T-Rec: 0.0091 | V-Rec: 0.0120 | T-P@R0.9: 0.0846 | V-P@R0.9: 0.0815
Epoch 128 | Time: 131.2s | LR: 2.00e-04 | T-Loss: 0.2401 | V-Loss: 0.2387 | T-Prec: 0.6008 | V-Prec: 0.5688 | T-Rec: 0.0102 | V-Rec: 0.0101 | T-P@R0.9: 0.0844 | V-P@R0.9: 0.0814
Epoch 129 | Time: 130.7s | LR: 2.00e-04 | T-Loss: 0.2400 | V-Loss: 0.2388 | T-Prec: 0.5486 | V-Prec: 0.5342 | T-Rec: 0.0172 | V-Rec: 0.0161 | T-P@R0.9: 0.0846 | V-P@R0.9: 0.0814
Epoch 130 | Time: 130.2s | LR: 2.00e-04 | T-Loss: 0.2401 | V-Loss: 0.2388 | T-Prec: 0.6235 | V-Prec: 0.5895 | T-Rec: 0.0083 | V-Rec: 0.0070 | T-P@R0.9: 0.0847 | V-P@R0.9: 0.0816
Epoch 131 | Time: 130.8s | LR: 2.00e-04 | T-Loss: 0.2399 | V-Loss: 0.2388 | T-Prec: 0.6198 | V-Prec: 0.5602 | T-Rec: 0.0087 | V-Rec: 0.0088 | T-P@R0.9: 0.0845 | V-P@R0.9: 0.0813
Epoch 132 | Time: 130.6s | LR: 2.00e-04 | T-Loss: 0.2399 | V-Loss: 0.2388 | T-Prec: 0.5750 | V-Prec: 0.5173 | T-Rec: 0.0108 | V-Rec: 0.0119 | T-P@R0.9: 0.0845 | V-P@R0.9: 0.0815
Epoch 133 | Time: 130.3s | LR: 2.00e-04 | T-Loss: 0.2398 | V-Loss: 0.2387 | T-Prec: 0.5585 | V-Prec: 0.5364 | T-Rec: 0.0141 | V-Rec: 0.0166 | T-P@R0.9: 0.0846 | V-P@R0.9: 0.0814
Epoch 134 | Time: 130.4s | LR: 2.00e-04 | T-Loss: 0.2401 | V-Loss: 0.2389 | T-Prec: 0.5735 | V-Prec: 0.5887 | T-Rec: 0.0120 | V-Rec: 0.0103 | T-P@R0.9: 0.0845 | V-P@R0.9: 0.0813
Epoch 135 | Time: 130.8s | LR: 2.00e-04 | T-Loss: 0.2399 | V-Loss: 0.2388 | T-Prec: 0.6044 | V-Prec: 0.5747 | T-Rec: 0.0105 | V-Rec: 0.0111 | T-P@R0.9: 0.0845 | V-P@R0.9: 0.0814
Epoch 136 | Time: 130.4s | LR: 2.00e-04 | T-Loss: 0.2398 | V-Loss: 0.2388 | T-Prec: 0.5678 | V-Prec: 0.5388 | T-Rec: 0.0133 | V-Rec: 0.0120 | T-P@R0.9: 0.0846 | V-P@R0.9: 0.0814
Epoch 137 | Time: 130.9s | LR: 2.00e-04 | T-Loss: 0.2406 | V-Loss: 0.2393 | T-Prec: 0.6224 | V-Prec: 0.5688 | T-Rec: 0.0086 | V-Rec: 0.0053 | T-P@R0.9: 0.0845 | V-P@R0.9: 0.0815
Epoch 138 | Time: 130.2s | LR: 2.00e-04 | T-Loss: 0.2406 | V-Loss: 0.2393 | T-Prec: 0.5743 | V-Prec: 0.5591 | T-Rec: 0.0131 | V-Rec: 0.0095 | T-P@R0.9: 0.0842 | V-P@R0.9: 0.0810
Epoch 139 | Time: 130.8s | LR: 2.00e-04 | T-Loss: 0.2397 | V-Loss: 0.2388 | T-Prec: 0.5606 | V-Prec: 0.5326 | T-Rec: 0.0144 | V-Rec: 0.0164 | T-P@R0.9: 0.0847 | V-P@R0.9: 0.0815
Epoch 140 | Time: 130.7s | LR: 2.00e-04 | T-Loss: 0.2397 | V-Loss: 0.2387 | T-Prec: 0.5569 | V-Prec: 0.5633 | T-Rec: 0.0161 | V-Rec: 0.0113 | T-P@R0.9: 0.0846 | V-P@R0.9: 0.0815
Epoch 141 | Time: 130.3s | LR: 2.00e-04 | T-Loss: 0.2397 | V-Loss: 0.2388 | T-Prec: 0.5635 | V-Prec: 0.5417 | T-Rec: 0.0131 | V-Rec: 0.0137 | T-P@R0.9: 0.0846 | V-P@R0.9: 0.0813
Epoch 142 | Time: 130.2s | LR: 2.00e-04 | T-Loss: 0.2398 | V-Loss: 0.2389 | T-Prec: 0.5734 | V-Prec: 0.5249 | T-Rec: 0.0113 | V-Rec: 0.0143 | T-P@R0.9: 0.0843 | V-P@R0.9: 0.0814
Epoch 143 | Time: 130.4s | LR: 2.00e-04 | T-Loss: 0.2397 | V-Loss: 0.2388 | T-Prec: 0.5456 | V-Prec: 0.5697 | T-Rec: 0.0164 | V-Rec: 0.0118 | T-P@R0.9: 0.0846 | V-P@R0.9: 0.0816
Epoch 144 | Time: 130.5s | LR: 2.00e-04 | T-Loss: 0.2397 | V-Loss: 0.2389 | T-Prec: 0.5410 | V-Prec: 0.4958 | T-Rec: 0.0204 | V-Rec: 0.0145 | T-P@R0.9: 0.0846 | V-P@R0.9: 0.0816
Epoch 145 | Time: 130.3s | LR: 2.00e-04 | T-Loss: 0.2400 | V-Loss: 0.2391 | T-Prec: 0.5381 | V-Prec: 0.5097 | T-Rec: 0.0136 | V-Rec: 0.0103 | T-P@R0.9: 0.0845 | V-P@R0.9: 0.0812
Epoch 146 | Time: 130.2s | LR: 2.00e-04 | T-Loss: 0.2396 | V-Loss: 0.2388 | T-Prec: 0.5809 | V-Prec: 0.5496 | T-Rec: 0.0133 | V-Rec: 0.0111 | T-P@R0.9: 0.0847 | V-P@R0.9: 0.0815
Epoch 147 | Time: 130.9s | LR: 1.00e-04 | T-Loss: 0.2395 | V-Loss: 0.2388 | T-Prec: 0.5892 | V-Prec: 0.5229 | T-Rec: 0.0111 | V-Rec: 0.0151 | T-P@R0.9: 0.0846 | V-P@R0.9: 0.0814
Epoch 148 | Time: 130.5s | LR: 1.00e-04 | T-Loss: 0.2399 | V-Loss: 0.2393 | T-Prec: 0.5474 | V-Prec: 0.5245 | T-Rec: 0.0175 | V-Rec: 0.0139 | T-P@R0.9: 0.0849 | V-P@R0.9: 0.0815
Epoch 149 | Time: 130.9s | LR: 1.00e-04 | T-Loss: 0.2394 | V-Loss: 0.2388 | T-Prec: 0.5677 | V-Prec: 0.5431 | T-Rec: 0.0156 | V-Rec: 0.0124 | T-P@R0.9: 0.0847 | V-P@R0.9: 0.0815
Epoch 150 | Time: 131.1s | LR: 1.00e-04 | T-Loss: 0.2394 | V-Loss: 0.2387 | T-Prec: 0.5683 | V-Prec: 0.5102 | T-Rec: 0.0154 | V-Rec: 0.0174 | T-P@R0.9: 0.0846 | V-P@R0.9: 0.0814
Epoch 151 | Time: 129.8s | LR: 1.00e-04 | T-Loss: 0.2395 | V-Loss: 0.2389 | T-Prec: 0.5386 | V-Prec: 0.5022 | T-Rec: 0.0178 | V-Rec: 0.0165 | T-P@R0.9: 0.0845 | V-P@R0.9: 0.0816
Epoch 152 | Time: 130.2s | LR: 1.00e-04 | T-Loss: 0.2394 | V-Loss: 0.2388 | T-Prec: 0.5813 | V-Prec: 0.5227 | T-Rec: 0.0132 | V-Rec: 0.0124 | T-P@R0.9: 0.0846 | V-P@R0.9: 0.0814
Epoch 153 | Time: 130.7s | LR: 1.00e-04 | T-Loss: 0.2393 | V-Loss: 0.2388 | T-Prec: 0.5617 | V-Prec: 0.5280 | T-Rec: 0.0168 | V-Rec: 0.0133 | T-P@R0.9: 0.0848 | V-P@R0.9: 0.0815
Epoch 154 | Time: 130.3s | LR: 1.00e-04 | T-Loss: 0.2393 | V-Loss: 0.2388 | T-Prec: 0.5886 | V-Prec: 0.5308 | T-Rec: 0.0118 | V-Rec: 0.0127 | T-P@R0.9: 0.0847 | V-P@R0.9: 0.0815
Epoch 155 | Time: 130.3s | LR: 1.00e-04 | T-Loss: 0.2393 | V-Loss: 0.2389 | T-Prec: 0.5927 | V-Prec: 0.5175 | T-Rec: 0.0117 | V-Rec: 0.0097 | T-P@R0.9: 0.0847 | V-P@R0.9: 0.0814
Epoch 156 | Time: 130.6s | LR: 1.00e-04 | T-Loss: 0.2396 | V-Loss: 0.2390 | T-Prec: 0.5594 | V-Prec: 0.5040 | T-Rec: 0.0156 | V-Rec: 0.0145 | T-P@R0.9: 0.0845 | V-P@R0.9: 0.0813
Epoch 157 | Time: 131.3s | LR: 1.00e-04 | T-Loss: 0.2393 | V-Loss: 0.2389 | T-Prec: 0.6200 | V-Prec: 0.5434 | T-Rec: 0.0095 | V-Rec: 0.0077 | T-P@R0.9: 0.0847 | V-P@R0.9: 0.0816
Epoch 158 | Time: 130.5s | LR: 1.00e-04 | T-Loss: 0.2395 | V-Loss: 0.2391 | T-Prec: 0.5592 | V-Prec: 0.5221 | T-Rec: 0.0148 | V-Rec: 0.0100 | T-P@R0.9: 0.0848 | V-P@R0.9: 0.0816
Epoch 159 | Time: 130.9s | LR: 1.00e-04 | T-Loss: 0.2392 | V-Loss: 0.2388 | T-Prec: 0.5724 | V-Prec: 0.5187 | T-Rec: 0.0127 | V-Rec: 0.0122 | T-P@R0.9: 0.0847 | V-P@R0.9: 0.0815
Epoch 160 | Time: 131.1s | LR: 1.00e-04 | T-Loss: 0.2393 | V-Loss: 0.2390 | T-Prec: 0.6079 | V-Prec: 0.5359 | T-Rec: 0.0109 | V-Rec: 0.0111 | T-P@R0.9: 0.0847 | V-P@R0.9: 0.0815
Epoch 161 | Time: 131.2s | LR: 1.00e-04 | T-Loss: 0.2393 | V-Loss: 0.2389 | T-Prec: 0.6170 | V-Prec: 0.5550 | T-Rec: 0.0090 | V-Rec: 0.0094 | T-P@R0.9: 0.0847 | V-P@R0.9: 0.0814
Epoch 162 | Time: 131.5s | LR: 1.00e-04 | T-Loss: 0.2395 | V-Loss: 0.2392 | T-Prec: 0.5619 | V-Prec: 0.5169 | T-Rec: 0.0176 | V-Rec: 0.0136 | T-P@R0.9: 0.0848 | V-P@R0.9: 0.0815
Epoch 163 | Time: 130.2s | LR: 1.00e-04 | T-Loss: 0.2393 | V-Loss: 0.2389 | T-Prec: 0.5999 | V-Prec: 0.5533 | T-Rec: 0.0112 | V-Rec: 0.0092 | T-P@R0.9: 0.0847 | V-P@R0.9: 0.0815
Epoch 164 | Time: 130.3s | LR: 1.00e-04 | T-Loss: 0.2393 | V-Loss: 0.2390 | T-Prec: 0.5444 | V-Prec: 0.5155 | T-Rec: 0.0171 | V-Rec: 0.0138 | T-P@R0.9: 0.0848 | V-P@R0.9: 0.0814
Epoch 165 | Time: 131.0s | LR: 1.00e-04 | T-Loss: 0.2392 | V-Loss: 0.2389 | T-Prec: 0.6133 | V-Prec: 0.5512 | T-Rec: 0.0103 | V-Rec: 0.0073 | T-P@R0.9: 0.0849 | V-P@R0.9: 0.0816
Epoch 166 | Time: 130.3s | LR: 1.00e-04 | T-Loss: 0.2391 | V-Loss: 0.2389 | T-Prec: 0.5975 | V-Prec: 0.5153 | T-Rec: 0.0109 | V-Rec: 0.0103 | T-P@R0.9: 0.0847 | V-P@R0.9: 0.0814
Epoch 167 | Time: 130.3s | LR: 1.00e-04 | T-Loss: 0.2395 | V-Loss: 0.2394 | T-Prec: 0.5619 | V-Prec: 0.5318 | T-Rec: 0.0163 | V-Rec: 0.0121 | T-P@R0.9: 0.0847 | V-P@R0.9: 0.0813
Epoch 168 | Time: 130.3s | LR: 1.00e-04 | T-Loss: 0.2392 | V-Loss: 0.2390 | T-Prec: 0.6046 | V-Prec: 0.5332 | T-Rec: 0.0108 | V-Rec: 0.0102 | T-P@R0.9: 0.0848 | V-P@R0.9: 0.0813
Epoch 169 | Time: 130.5s | LR: 1.00e-04 | T-Loss: 0.2393 | V-Loss: 0.2391 | T-Prec: 0.6044 | V-Prec: 0.5299 | T-Rec: 0.0118 | V-Rec: 0.0094 | T-P@R0.9: 0.0848 | V-P@R0.9: 0.0816
Epoch 170 | Time: 130.1s | LR: 1.00e-04 | T-Loss: 0.2393 | V-Loss: 0.2391 | T-Prec: 0.5787 | V-Prec: 0.5082 | T-Rec: 0.0139 | V-Rec: 0.0098 | T-P@R0.9: 0.0848 | V-P@R0.9: 0.0814
Epoch 171 | Time: 130.6s | LR: 1.00e-04 | T-Loss: 0.2394 | V-Loss: 0.2393 | T-Prec: 0.6133 | V-Prec: 0.5409 | T-Rec: 0.0103 | V-Rec: 0.0100 | T-P@R0.9: 0.0847 | V-P@R0.9: 0.0813
Epoch 172 | Time: 129.6s | LR: 1.00e-04 | T-Loss: 0.2395 | V-Loss: 0.2394 | T-Prec: 0.6277 | V-Prec: 0.5344 | T-Rec: 0.0083 | V-Rec: 0.0083 | T-P@R0.9: 0.0846 | V-P@R0.9: 0.0812
Epoch 173 | Time: 130.5s | LR: 1.00e-04 | T-Loss: 0.2392 | V-Loss: 0.2391 | T-Prec: 0.5675 | V-Prec: 0.5137 | T-Rec: 0.0151 | V-Rec: 0.0129 | T-P@R0.9: 0.0848 | V-P@R0.9: 0.0815
Epoch 174 | Time: 130.3s | LR: 1.00e-04 | T-Loss: 0.2391 | V-Loss: 0.2390 | T-Prec: 0.5614 | V-Prec: 0.4794 | T-Rec: 0.0168 | V-Rec: 0.0142 | T-P@R0.9: 0.0850 | V-P@R0.9: 0.0814
Epoch 175 | Time: 130.2s | LR: 1.00e-04 | T-Loss: 0.2391 | V-Loss: 0.2390 | T-Prec: 0.5576 | V-Prec: 0.4881 | T-Rec: 0.0166 | V-Rec: 0.0166 | T-P@R0.9: 0.0849 | V-P@R0.9: 0.0814
Epoch 176 | Time: 130.9s | LR: 1.00e-04 | T-Loss: 0.2390 | V-Loss: 0.2391 | T-Prec: 0.5663 | V-Prec: 0.4883 | T-Rec: 0.0153 | V-Rec: 0.0155 | T-P@R0.9: 0.0849 | V-P@R0.9: 0.0813
Epoch 177 | Time: 130.2s | LR: 1.00e-04 | T-Loss: 0.2391 | V-Loss: 0.2391 | T-Prec: 0.5899 | V-Prec: 0.5253 | T-Rec: 0.0118 | V-Rec: 0.0140 | T-P@R0.9: 0.0847 | V-P@R0.9: 0.0813
Epoch 178 | Time: 130.8s | LR: 5.00e-05 | T-Loss: 0.2391 | V-Loss: 0.2393 | T-Prec: 0.5577 | V-Prec: 0.4949 | T-Rec: 0.0178 | V-Rec: 0.0138 | T-P@R0.9: 0.0850 | V-P@R0.9: 0.0814
Epoch 179 | Time: 130.3s | LR: 5.00e-05 | T-Loss: 0.2389 | V-Loss: 0.2391 | T-Prec: 0.5707 | V-Prec: 0.4892 | T-Rec: 0.0165 | V-Rec: 0.0164 | T-P@R0.9: 0.0849 | V-P@R0.9: 0.0813
Epoch 180 | Time: 130.8s | LR: 5.00e-05 | T-Loss: 0.2389 | V-Loss: 0.2391 | T-Prec: 0.5705 | V-Prec: 0.4996 | T-Rec: 0.0165 | V-Rec: 0.0151 | T-P@R0.9: 0.0850 | V-P@R0.9: 0.0813
Epoch 181 | Time: 130.6s | LR: 5.00e-05 | T-Loss: 0.2389 | V-Loss: 0.2391 | T-Prec: 0.5656 | V-Prec: 0.5162 | T-Rec: 0.0164 | V-Rec: 0.0150 | T-P@R0.9: 0.0849 | V-P@R0.9: 0.0815
Epoch 182 | Time: 130.7s | LR: 5.00e-05 | T-Loss: 0.2392 | V-Loss: 0.2394 | T-Prec: 0.5630 | V-Prec: 0.5095 | T-Rec: 0.0176 | V-Rec: 0.0141 | T-P@R0.9: 0.0849 | V-P@R0.9: 0.0814
Epoch 183 | Time: 130.0s | LR: 5.00e-05 | T-Loss: 0.2389 | V-Loss: 0.2392 | T-Prec: 0.5809 | V-Prec: 0.4973 | T-Rec: 0.0142 | V-Rec: 0.0103 | T-P@R0.9: 0.0849 | V-P@R0.9: 0.0814
Epoch 184 | Time: 130.3s | LR: 5.00e-05 | T-Loss: 0.2389 | V-Loss: 0.2391 | T-Prec: 0.6229 | V-Prec: 0.5133 | T-Rec: 0.0092 | V-Rec: 0.0099 | T-P@R0.9: 0.0850 | V-P@R0.9: 0.0815
Epoch 185 | Time: 130.7s | LR: 5.00e-05 | T-Loss: 0.2389 | V-Loss: 0.2392 | T-Prec: 0.5930 | V-Prec: 0.5202 | T-Rec: 0.0132 | V-Rec: 0.0135 | T-P@R0.9: 0.0851 | V-P@R0.9: 0.0814
Epoch 186 | Time: 131.0s | LR: 5.00e-05 | T-Loss: 0.2389 | V-Loss: 0.2392 | T-Prec: 0.5914 | V-Prec: 0.5257 | T-Rec: 0.0130 | V-Rec: 0.0123 | T-P@R0.9: 0.0850 | V-P@R0.9: 0.0814
Epoch 187 | Time: 130.3s | LR: 5.00e-05 | T-Loss: 0.2390 | V-Loss: 0.2394 | T-Prec: 0.5566 | V-Prec: 0.4845 | T-Rec: 0.0197 | V-Rec: 0.0153 | T-P@R0.9: 0.0850 | V-P@R0.9: 0.0814
Epoch 188 | Time: 130.1s | LR: 5.00e-05 | T-Loss: 0.2389 | V-Loss: 0.2393 | T-Prec: 0.5981 | V-Prec: 0.5054 | T-Rec: 0.0121 | V-Rec: 0.0132 | T-P@R0.9: 0.0849 | V-P@R0.9: 0.0814
Epoch 189 | Time: 130.6s | LR: 5.00e-05 | T-Loss: 0.2389 | V-Loss: 0.2393 | T-Prec: 0.5892 | V-Prec: 0.5258 | T-Rec: 0.0129 | V-Rec: 0.0130 | T-P@R0.9: 0.0850 | V-P@R0.9: 0.0813
Epoch 190 | Time: 130.3s | LR: 5.00e-05 | T-Loss: 0.2388 | V-Loss: 0.2392 | T-Prec: 0.6005 | V-Prec: 0.5049 | T-Rec: 0.0118 | V-Rec: 0.0101 | T-P@R0.9: 0.0850 | V-P@R0.9: 0.0813
Epoch 191 | Time: 130.1s | LR: 5.00e-05 | T-Loss: 0.2388 | V-Loss: 0.2393 | T-Prec: 0.5559 | V-Prec: 0.5016 | T-Rec: 0.0198 | V-Rec: 0.0154 | T-P@R0.9: 0.0849 | V-P@R0.9: 0.0813
Epoch 192 | Time: 130.9s | LR: 5.00e-05 | T-Loss: 0.2388 | V-Loss: 0.2393 | T-Prec: 0.5978 | V-Prec: 0.4941 | T-Rec: 0.0128 | V-Rec: 0.0153 | T-P@R0.9: 0.0850 | V-P@R0.9: 0.0813
Epoch 193 | Time: 130.2s | LR: 5.00e-05 | T-Loss: 0.2388 | V-Loss: 0.2393 | T-Prec: 0.5763 | V-Prec: 0.5170 | T-Rec: 0.0151 | V-Rec: 0.0140 | T-P@R0.9: 0.0850 | V-P@R0.9: 0.0814
Epoch 194 | Time: 130.7s | LR: 5.00e-05 | T-Loss: 0.2388 | V-Loss: 0.2393 | T-Prec: 0.5933 | V-Prec: 0.4918 | T-Rec: 0.0119 | V-Rec: 0.0122 | T-P@R0.9: 0.0851 | V-P@R0.9: 0.0814
Epoch 195 | Time: 130.1s | LR: 5.00e-05 | T-Loss: 0.2388 | V-Loss: 0.2393 | T-Prec: 0.5632 | V-Prec: 0.4781 | T-Rec: 0.0173 | V-Rec: 0.0160 | T-P@R0.9: 0.0850 | V-P@R0.9: 0.0813
Epoch 196 | Time: 130.0s | LR: 5.00e-05 | T-Loss: 0.2388 | V-Loss: 0.2394 | T-Prec: 0.6085 | V-Prec: 0.5038 | T-Rec: 0.0094 | V-Rec: 0.0105 | T-P@R0.9: 0.0851 | V-P@R0.9: 0.0814
Epoch 197 | Time: 130.6s | LR: 5.00e-05 | T-Loss: 0.2388 | V-Loss: 0.2393 | T-Prec: 0.5910 | V-Prec: 0.5202 | T-Rec: 0.0122 | V-Rec: 0.0135 | T-P@R0.9: 0.0850 | V-P@R0.9: 0.0814
Epoch 198 | Time: 130.0s | LR: 5.00e-05 | T-Loss: 0.2389 | V-Loss: 0.2395 | T-Prec: 0.5807 | V-Prec: 0.5017 | T-Rec: 0.0134 | V-Rec: 0.0128 | T-P@R0.9: 0.0850 | V-P@R0.9: 0.0814
Epoch 199 | Time: 130.6s | LR: 5.00e-05 | T-Loss: 0.2389 | V-Loss: 0.2395 | T-Prec: 0.5722 | V-Prec: 0.4755 | T-Rec: 0.0155 | V-Rec: 0.0134 | T-P@R0.9: 0.0852 | V-P@R0.9: 0.0813
Epoch 200 | Time: 130.2s | LR: 5.00e-05 | T-Loss: 0.2387 | V-Loss: 0.2394 | T-Prec: 0.5857 | V-Prec: 0.5003 | T-Rec: 0.0130 | V-Rec: 0.0122 | T-P@R0.9: 0.0850 | V-P@R0.9: 0.0814
Epoch 201 | Time: 130.4s | LR: 5.00e-05 | T-Loss: 0.2390 | V-Loss: 0.2396 | T-Prec: 0.5724 | V-Prec: 0.5027 | T-Rec: 0.0160 | V-Rec: 0.0150 | T-P@R0.9: 0.0850 | V-P@R0.9: 0.0813
Epoch 202 | Time: 129.9s | LR: 5.00e-05 | T-Loss: 0.2388 | V-Loss: 0.2394 | T-Prec: 0.6003 | V-Prec: 0.5049 | T-Rec: 0.0113 | V-Rec: 0.0101 | T-P@R0.9: 0.0851 | V-P@R0.9: 0.0814
Epoch 203 | Time: 129.8s | LR: 5.00e-05 | T-Loss: 0.2387 | V-Loss: 0.2394 | T-Prec: 0.5885 | V-Prec: 0.5202 | T-Rec: 0.0139 | V-Rec: 0.0135 | T-P@R0.9: 0.0851 | V-P@R0.9: 0.0813
Epoch 204 | Time: 130.3s | LR: 5.00e-05 | T-Loss: 0.2387 | V-Loss: 0.2394 | T-Prec: 0.5848 | V-Prec: 0.4809 | T-Rec: 0.0136 | V-Rec: 0.0138 | T-P@R0.9: 0.0851 | V-P@R0.9: 0.0813
Epoch 205 | Time: 130.2s | LR: 5.00e-05 | T-Loss: 0.2387 | V-Loss: 0.2394 | T-Prec: 0.5710 | V-Prec: 0.4830 | T-Rec: 0.0166 | V-Rec: 0.0165 | T-P@R0.9: 0.0851 | V-P@R0.9: 0.0813
Epoch 206 | Time: 130.4s | LR: 5.00e-05 | T-Loss: 0.2390 | V-Loss: 0.2396 | T-Prec: 0.5875 | V-Prec: 0.4924 | T-Rec: 0.0134 | V-Rec: 0.0107 | T-P@R0.9: 0.0849 | V-P@R0.9: 0.0814
Epoch 207 | Time: 130.2s | LR: 5.00e-05 | T-Loss: 0.2387 | V-Loss: 0.2395 | T-Prec: 0.5578 | V-Prec: 0.4919 | T-Rec: 0.0172 | V-Rec: 0.0141 | T-P@R0.9: 0.0850 | V-P@R0.9: 0.0813
Epoch 208 | Time: 130.6s | LR: 5.00e-05 | T-Loss: 0.2387 | V-Loss: 0.2394 | T-Prec: 0.6003 | V-Prec: 0.4692 | T-Rec: 0.0113 | V-Rec: 0.0131 | T-P@R0.9: 0.0850 | V-P@R0.9: 0.0814
Epoch 209 | Time: 129.9s | LR: 2.50e-05 | T-Loss: 0.2386 | V-Loss: 0.2394 | T-Prec: 0.5852 | V-Prec: 0.4760 | T-Rec: 0.0140 | V-Rec: 0.0144 | T-P@R0.9: 0.0851 | V-P@R0.9: 0.0814
Epoch 210 | Time: 129.9s | LR: 2.50e-05 | T-Loss: 0.2387 | V-Loss: 0.2395 | T-Prec: 0.5753 | V-Prec: 0.4899 | T-Rec: 0.0162 | V-Rec: 0.0127 | T-P@R0.9: 0.0852 | V-P@R0.9: 0.0814
Epoch 211 | Time: 130.3s | LR: 2.50e-05 | T-Loss: 0.2387 | V-Loss: 0.2395 | T-Prec: 0.5762 | V-Prec: 0.4803 | T-Rec: 0.0162 | V-Rec: 0.0167 | T-P@R0.9: 0.0851 | V-P@R0.9: 0.0813
Epoch 212 | Time: 130.5s | LR: 2.50e-05 | T-Loss: 0.2386 | V-Loss: 0.2394 | T-Prec: 0.5929 | V-Prec: 0.4862 | T-Rec: 0.0130 | V-Rec: 0.0106 | T-P@R0.9: 0.0851 | V-P@R0.9: 0.0814
Epoch 213 | Time: 130.8s | LR: 2.50e-05 | T-Loss: 0.2387 | V-Loss: 0.2395 | T-Prec: 0.5797 | V-Prec: 0.5046 | T-Rec: 0.0147 | V-Rec: 0.0140 | T-P@R0.9: 0.0851 | V-P@R0.9: 0.0814
Epoch 214 | Time: 130.8s | LR: 2.50e-05 | T-Loss: 0.2386 | V-Loss: 0.2394 | T-Prec: 0.6011 | V-Prec: 0.5072 | T-Rec: 0.0114 | V-Rec: 0.0125 | T-P@R0.9: 0.0851 | V-P@R0.9: 0.0814
Epoch 215 | Time: 130.2s | LR: 2.50e-05 | T-Loss: 0.2386 | V-Loss: 0.2395 | T-Prec: 0.5797 | V-Prec: 0.4969 | T-Rec: 0.0147 | V-Rec: 0.0149 | T-P@R0.9: 0.0851 | V-P@R0.9: 0.0814
Epoch 216 | Time: 130.4s | LR: 2.50e-05 | T-Loss: 0.2386 | V-Loss: 0.2395 | T-Prec: 0.5743 | V-Prec: 0.4899 | T-Rec: 0.0158 | V-Rec: 0.0148 | T-P@R0.9: 0.0850 | V-P@R0.9: 0.0814
Epoch 217 | Time: 129.9s | LR: 2.50e-05 | T-Loss: 0.2386 | V-Loss: 0.2395 | T-Prec: 0.5826 | V-Prec: 0.4887 | T-Rec: 0.0153 | V-Rec: 0.0148 | T-P@R0.9: 0.0850 | V-P@R0.9: 0.0814
Epoch 218 | Time: 130.6s | LR: 2.50e-05 | T-Loss: 0.2386 | V-Loss: 0.2395 | T-Prec: 0.6025 | V-Prec: 0.5072 | T-Rec: 0.0116 | V-Rec: 0.0125 | T-P@R0.9: 0.0851 | V-P@R0.9: 0.0813
Epoch 219 | Time: 130.6s | LR: 2.50e-05 | T-Loss: 0.2386 | V-Loss: 0.2395 | T-Prec: 0.5907 | V-Prec: 0.5042 | T-Rec: 0.0128 | V-Rec: 0.0139 | T-P@R0.9: 0.0850 | V-P@R0.9: 0.0814
Epoch 220 | Time: 130.8s | LR: 2.50e-05 | T-Loss: 0.2386 | V-Loss: 0.2395 | T-Prec: 0.5777 | V-Prec: 0.5035 | T-Rec: 0.0155 | V-Rec: 0.0139 | T-P@R0.9: 0.0851 | V-P@R0.9: 0.0814
Epoch 221 | Time: 130.2s | LR: 2.50e-05 | T-Loss: 0.2387 | V-Loss: 0.2396 | T-Prec: 0.5703 | V-Prec: 0.4887 | T-Rec: 0.0180 | V-Rec: 0.0148 | T-P@R0.9: 0.0851 | V-P@R0.9: 0.0814
Epoch 222 | Time: 131.3s | LR: 2.50e-05 | T-Loss: 0.2386 | V-Loss: 0.2396 | T-Prec: 0.5691 | V-Prec: 0.4954 | T-Rec: 0.0171 | V-Rec: 0.0145 | T-P@R0.9: 0.0851 | V-P@R0.9: 0.0814
Epoch 223 | Time: 130.4s | LR: 2.50e-05 | T-Loss: 0.2385 | V-Loss: 0.2395 | T-Prec: 0.5821 | V-Prec: 0.4778 | T-Rec: 0.0145 | V-Rec: 0.0109 | T-P@R0.9: 0.0852 | V-P@R0.9: 0.0814
Epoch 224 | Time: 131.4s | LR: 2.50e-05 | T-Loss: 0.2386 | V-Loss: 0.2396 | T-Prec: 0.5640 | V-Prec: 0.4887 | T-Rec: 0.0180 | V-Rec: 0.0148 | T-P@R0.9: 0.0851 | V-P@R0.9: 0.0814
Epoch 225 | Time: 130.1s | LR: 2.50e-05 | T-Loss: 0.2386 | V-Loss: 0.2396 | T-Prec: 0.5764 | V-Prec: 0.4811 | T-Rec: 0.0165 | V-Rec: 0.0152 | T-P@R0.9: 0.0851 | V-P@R0.9: 0.0814
Epoch 226 | Time: 130.4s | LR: 2.50e-05 | T-Loss: 0.2385 | V-Loss: 0.2396 | T-Prec: 0.5846 | V-Prec: 0.4979 | T-Rec: 0.0141 | V-Rec: 0.0143 | T-P@R0.9: 0.0851 | V-P@R0.9: 0.0813
Epoch 227 | Time: 131.2s | LR: 2.50e-05 | T-Loss: 0.2386 | V-Loss: 0.2397 | T-Prec: 0.5753 | V-Prec: 0.4746 | T-Rec: 0.0162 | V-Rec: 0.0163 | T-P@R0.9: 0.0852 | V-P@R0.9: 0.0814
Epoch 228 | Time: 130.6s | LR: 2.50e-05 | T-Loss: 0.2385 | V-Loss: 0.2396 | T-Prec: 0.5764 | V-Prec: 0.4796 | T-Rec: 0.0165 | V-Rec: 0.0144 | T-P@R0.9: 0.0851 | V-P@R0.9: 0.0814
Epoch 229 | Time: 130.6s | LR: 2.50e-05 | T-Loss: 0.2385 | V-Loss: 0.2396 | T-Prec: 0.5964 | V-Prec: 0.4740 | T-Rec: 0.0130 | V-Rec: 0.0125 | T-P@R0.9: 0.0851 | V-P@R0.9: 0.0813
Epoch 230 | Time: 130.1s | LR: 2.50e-05 | T-Loss: 0.2386 | V-Loss: 0.2397 | T-Prec: 0.5711 | V-Prec: 0.4888 | T-Rec: 0.0170 | V-Rec: 0.0155 | T-P@R0.9: 0.0852 | V-P@R0.9: 0.0813
Epoch 231 | Time: 130.8s | LR: 2.50e-05 | T-Loss: 0.2386 | V-Loss: 0.2396 | T-Prec: 0.5857 | V-Prec: 0.4811 | T-Rec: 0.0144 | V-Rec: 0.0154 | T-P@R0.9: 0.0851 | V-P@R0.9: 0.0813
Epoch 232 | Time: 131.2s | LR: 2.50e-05 | T-Loss: 0.2386 | V-Loss: 0.2397 | T-Prec: 0.5762 | V-Prec: 0.4947 | T-Rec: 0.0162 | V-Rec: 0.0155 | T-P@R0.9: 0.0852 | V-P@R0.9: 0.0813
Epoch 233 | Time: 131.2s | LR: 2.50e-05 | T-Loss: 0.2385 | V-Loss: 0.2396 | T-Prec: 0.5787 | V-Prec: 0.4835 | T-Rec: 0.0155 | V-Rec: 0.0138 | T-P@R0.9: 0.0852 | V-P@R0.9: 0.0814
Epoch 234 | Time: 130.5s | LR: 2.50e-05 | T-Loss: 0.2385 | V-Loss: 0.2396 | T-Prec: 0.5828 | V-Prec: 0.4923 | T-Rec: 0.0149 | V-Rec: 0.0133 | T-P@R0.9: 0.0851 | V-P@R0.9: 0.0813
Epoch 235 | Time: 130.5s | LR: 2.50e-05 | T-Loss: 0.2386 | V-Loss: 0.2398 | T-Prec: 0.5771 | V-Prec: 0.4887 | T-Rec: 0.0154 | V-Rec: 0.0148 | T-P@R0.9: 0.0852 | V-P@R0.9: 0.0813
Epoch 236 | Time: 130.0s | LR: 2.50e-05 | T-Loss: 0.2385 | V-Loss: 0.2396 | T-Prec: 0.5905 | V-Prec: 0.4939 | T-Rec: 0.0131 | V-Rec: 0.0133 | T-P@R0.9: 0.0852 | V-P@R0.9: 0.0813
Epoch 237 | Time: 131.0s | LR: 2.50e-05 | T-Loss: 0.2385 | V-Loss: 0.2397 | T-Prec: 0.5821 | V-Prec: 0.4969 | T-Rec: 0.0147 | V-Rec: 0.0149 | T-P@R0.9: 0.0851 | V-P@R0.9: 0.0813
Epoch 238 | Time: 130.8s | LR: 2.50e-05 | T-Loss: 0.2385 | V-Loss: 0.2397 | T-Prec: 0.5568 | V-Prec: 0.4817 | T-Rec: 0.0195 | V-Rec: 0.0161 | T-P@R0.9: 0.0852 | V-P@R0.9: 0.0813
Epoch 239 | Time: 130.2s | LR: 2.50e-05 | T-Loss: 0.2385 | V-Loss: 0.2397 | T-Prec: 0.5874 | V-Prec: 0.4983 | T-Rec: 0.0136 | V-Rec: 0.0141 | T-P@R0.9: 0.0852 | V-P@R0.9: 0.0813
Epoch 240 | Time: 130.5s | LR: 1.25e-05 | T-Loss: 0.2385 | V-Loss: 0.2397 | T-Prec: 0.5725 | V-Prec: 0.4947 | T-Rec: 0.0160 | V-Rec: 0.0155 | T-P@R0.9: 0.0853 | V-P@R0.9: 0.0813
Epoch 241 | Time: 130.9s | LR: 1.25e-05 | T-Loss: 0.2385 | V-Loss: 0.2396 | T-Prec: 0.5777 | V-Prec: 0.4972 | T-Rec: 0.0155 | V-Rec: 0.0143 | T-P@R0.9: 0.0852 | V-P@R0.9: 0.0813
Epoch 242 | Time: 130.3s | LR: 1.25e-05 | T-Loss: 0.2385 | V-Loss: 0.2396 | T-Prec: 0.5771 | V-Prec: 0.4887 | T-Rec: 0.0154 | V-Rec: 0.0148 | T-P@R0.9: 0.0852 | V-P@R0.9: 0.0813
Epoch 243 | Time: 131.0s | LR: 1.25e-05 | T-Loss: 0.2385 | V-Loss: 0.2396 | T-Prec: 0.5756 | V-Prec: 0.4972 | T-Rec: 0.0161 | V-Rec: 0.0143 | T-P@R0.9: 0.0852 | V-P@R0.9: 0.0813
Epoch 244 | Time: 130.8s | LR: 1.25e-05 | T-Loss: 0.2385 | V-Loss: 0.2396 | T-Prec: 0.5803 | V-Prec: 0.4848 | T-Rec: 0.0160 | V-Rec: 0.0154 | T-P@R0.9: 0.0852 | V-P@R0.9: 0.0813
Epoch 245 | Time: 130.5s | LR: 1.25e-05 | T-Loss: 0.2385 | V-Loss: 0.2397 | T-Prec: 0.5783 | V-Prec: 0.4887 | T-Rec: 0.0154 | V-Rec: 0.0148 | T-P@R0.9: 0.0852 | V-P@R0.9: 0.0813
Epoch 246 | Time: 130.1s | LR: 1.25e-05 | T-Loss: 0.2384 | V-Loss: 0.2397 | T-Prec: 0.5797 | V-Prec: 0.4887 | T-Rec: 0.0147 | V-Rec: 0.0148 | T-P@R0.9: 0.0852 | V-P@R0.9: 0.0813
Epoch 247 | Time: 130.4s | LR: 1.25e-05 | T-Loss: 0.2384 | V-Loss: 0.2397 | T-Prec: 0.5755 | V-Prec: 0.4972 | T-Rec: 0.0169 | V-Rec: 0.0143 | T-P@R0.9: 0.0851 | V-P@R0.9: 0.0813
Epoch 248 | Time: 130.5s | LR: 1.25e-05 | T-Loss: 0.2385 | V-Loss: 0.2397 | T-Prec: 0.5713 | V-Prec: 0.4899 | T-Rec: 0.0176 | V-Rec: 0.0160 | T-P@R0.9: 0.0852 | V-P@R0.9: 0.0813
Epoch 249 | Time: 130.5s | LR: 1.25e-05 | T-Loss: 0.2384 | V-Loss: 0.2397 | T-Prec: 0.5756 | V-Prec: 0.4848 | T-Rec: 0.0173 | V-Rec: 0.0154 | T-P@R0.9: 0.0852 | V-P@R0.9: 0.0813
Epoch 250 | Time: 130.3s | LR: 1.25e-05 | T-Loss: 0.2385 | V-Loss: 0.2398 | T-Prec: 0.5757 | V-Prec: 0.4980 | T-Rec: 0.0164 | V-Rec: 0.0140 | T-P@R0.9: 0.0852 | V-P@R0.9: 0.0813
Epoch 251 | Time: 130.8s | LR: 1.25e-05 | T-Loss: 0.2385 | V-Loss: 0.2397 | T-Prec: 0.5794 | V-Prec: 0.4841 | T-Rec: 0.0154 | V-Rec: 0.0155 | T-P@R0.9: 0.0852 | V-P@R0.9: 0.0813
Epoch 252 | Time: 130.6s | LR: 1.25e-05 | T-Loss: 0.2384 | V-Loss: 0.2397 | T-Prec: 0.5782 | V-Prec: 0.4892 | T-Rec: 0.0157 | V-Rec: 0.0153 | T-P@R0.9: 0.0852 | V-P@R0.9: 0.0813
Epoch 253 | Time: 130.9s | LR: 1.25e-05 | T-Loss: 0.2384 | V-Loss: 0.2397 | T-Prec: 0.5800 | V-Prec: 0.4923 | T-Rec: 0.0154 | V-Rec: 0.0133 | T-P@R0.9: 0.0851 | V-P@R0.9: 0.0813
Epoch 254 | Time: 130.3s | LR: 1.25e-05 | T-Loss: 0.2385 | V-Loss: 0.2397 | T-Prec: 0.5808 | V-Prec: 0.4923 | T-Rec: 0.0150 | V-Rec: 0.0133 | T-P@R0.9: 0.0853 | V-P@R0.9: 0.0812
Epoch 255 | Time: 130.6s | LR: 1.25e-05 | T-Loss: 0.2384 | V-Loss: 0.2397 | T-Prec: 0.5789 | V-Prec: 0.4972 | T-Rec: 0.0159 | V-Rec: 0.0143 | T-P@R0.9: 0.0852 | V-P@R0.9: 0.0813
Epoch 256 | Time: 130.1s | LR: 1.25e-05 | T-Loss: 0.2384 | V-Loss: 0.2397 | T-Prec: 0.5757 | V-Prec: 0.4980 | T-Rec: 0.0164 | V-Rec: 0.0149 | T-P@R0.9: 0.0852 | V-P@R0.9: 0.0813
Epoch 257 | Time: 129.9s | LR: 1.25e-05 | T-Loss: 0.2384 | V-Loss: 0.2397 | T-Prec: 0.5797 | V-Prec: 0.4980 | T-Rec: 0.0147 | V-Rec: 0.0149 | T-P@R0.9: 0.0852 | V-P@R0.9: 0.0813
Epoch 258 | Time: 130.0s | LR: 1.25e-05 | T-Loss: 0.2384 | V-Loss: 0.2397 | T-Prec: 0.5768 | V-Prec: 0.4897 | T-Rec: 0.0153 | V-Rec: 0.0154 | T-P@R0.9: 0.0852 | V-P@R0.9: 0.0813
Epoch 259 | Time: 130.8s | LR: 1.25e-05 | T-Loss: 0.2384 | V-Loss: 0.2397 | T-Prec: 0.5838 | V-Prec: 0.4740 | T-Rec: 0.0149 | V-Rec: 0.0125 | T-P@R0.9: 0.0852 | V-P@R0.9: 0.0813
Epoch 260 | Time: 130.9s | LR: 1.25e-05 | T-Loss: 0.2384 | V-Loss: 0.2397 | T-Prec: 0.5795 | V-Prec: 0.4923 | T-Rec: 0.0153 | V-Rec: 0.0133 | T-P@R0.9: 0.0852 | V-P@R0.9: 0.0813
Epoch 261 | Time: 130.6s | LR: 1.25e-05 | T-Loss: 0.2384 | V-Loss: 0.2397 | T-Prec: 0.5756 | V-Prec: 0.4887 | T-Rec: 0.0179 | V-Rec: 0.0148 | T-P@R0.9: 0.0851 | V-P@R0.9: 0.0813
Epoch 262 | Time: 131.2s | LR: 1.25e-05 | T-Loss: 0.2384 | V-Loss: 0.2397 | T-Prec: 0.5769 | V-Prec: 0.4849 | T-Rec: 0.0161 | V-Rec: 0.0161 | T-P@R0.9: 0.0852 | V-P@R0.9: 0.0813
Epoch 263 | Time: 132.3s | LR: 1.25e-05 | T-Loss: 0.2384 | V-Loss: 0.2397 | T-Prec: 0.5759 | V-Prec: 0.4887 | T-Rec: 0.0173 | V-Rec: 0.0148 | T-P@R0.9: 0.0852 | V-P@R0.9: 0.0813
Epoch 264 | Time: 129.6s | LR: 1.25e-05 | T-Loss: 0.2384 | V-Loss: 0.2397 | T-Prec: 0.5796 | V-Prec: 0.4773 | T-Rec: 0.0160 | V-Rec: 0.0161 | T-P@R0.9: 0.0852 | V-P@R0.9: 0.0813
Epoch 265 | Time: 130.0s | LR: 1.25e-05 | T-Loss: 0.2384 | V-Loss: 0.2397 | T-Prec: 0.5779 | V-Prec: 0.4835 | T-Rec: 0.0155 | V-Rec: 0.0138 | T-P@R0.9: 0.0852 | V-P@R0.9: 0.0813
Epoch 266 | Time: 130.3s | LR: 1.25e-05 | T-Loss: 0.2384 | V-Loss: 0.2397 | T-Prec: 0.5803 | V-Prec: 0.4829 | T-Rec: 0.0152 | V-Rec: 0.0119 | T-P@R0.9: 0.0852 | V-P@R0.9: 0.0813
Epoch 267 | Time: 130.6s | LR: 1.25e-05 | T-Loss: 0.2384 | V-Loss: 0.2398 | T-Prec: 0.5742 | V-Prec: 0.4849 | T-Rec: 0.0172 | V-Rec: 0.0161 | T-P@R0.9: 0.0853 | V-P@R0.9: 0.0813
Epoch 268 | Time: 130.5s | LR: 1.25e-05 | T-Loss: 0.2384 | V-Loss: 0.2398 | T-Prec: 0.5755 | V-Prec: 0.4886 | T-Rec: 0.0162 | V-Rec: 0.0152 | T-P@R0.9: 0.0852 | V-P@R0.9: 0.0813
Epoch 269 | Time: 130.8s | LR: 1.25e-05 | T-Loss: 0.2384 | V-Loss: 0.2397 | T-Prec: 0.5832 | V-Prec: 0.4838 | T-Rec: 0.0150 | V-Rec: 0.0155 | T-P@R0.9: 0.0852 | V-P@R0.9: 0.0813
Epoch 270 | Time: 130.5s | LR: 1.25e-05 | T-Loss: 0.2384 | V-Loss: 0.2398 | T-Prec: 0.5725 | V-Prec: 0.4925 | T-Rec: 0.0171 | V-Rec: 0.0152 | T-P@R0.9: 0.0852 | V-P@R0.9: 0.0812
Epoch 271 | Time: 130.5s | LR: 6.25e-06 | T-Loss: 0.2384 | V-Loss: 0.2398 | T-Prec: 0.5797 | V-Prec: 0.4975 | T-Rec: 0.0147 | V-Rec: 0.0147 | T-P@R0.9: 0.0852 | V-P@R0.9: 0.0813
Epoch 272 | Time: 130.6s | LR: 6.25e-06 | T-Loss: 0.2384 | V-Loss: 0.2397 | T-Prec: 0.5771 | V-Prec: 0.4972 | T-Rec: 0.0154 | V-Rec: 0.0143 | T-P@R0.9: 0.0852 | V-P@R0.9: 0.0813
Epoch 273 | Time: 130.1s | LR: 6.25e-06 | T-Loss: 0.2384 | V-Loss: 0.2398 | T-Prec: 0.5757 | V-Prec: 0.4925 | T-Rec: 0.0164 | V-Rec: 0.0152 | T-P@R0.9: 0.0852 | V-P@R0.9: 0.0813
Epoch 274 | Time: 129.9s | LR: 6.25e-06 | T-Loss: 0.2384 | V-Loss: 0.2397 | T-Prec: 0.5782 | V-Prec: 0.4980 | T-Rec: 0.0160 | V-Rec: 0.0149 | T-P@R0.9: 0.0852 | V-P@R0.9: 0.0813
Epoch 275 | Time: 130.1s | LR: 6.25e-06 | T-Loss: 0.2384 | V-Loss: 0.2398 | T-Prec: 0.5757 | V-Prec: 0.4811 | T-Rec: 0.0164 | V-Rec: 0.0157 | T-P@R0.9: 0.0852 | V-P@R0.9: 0.0813
Epoch 276 | Time: 130.8s | LR: 6.25e-06 | T-Loss: 0.2384 | V-Loss: 0.2398 | T-Prec: 0.5757 | V-Prec: 0.4893 | T-Rec: 0.0164 | V-Rec: 0.0152 | T-P@R0.9: 0.0852 | V-P@R0.9: 0.0813
Epoch 277 | Time: 130.0s | LR: 6.25e-06 | T-Loss: 0.2384 | V-Loss: 0.2398 | T-Prec: 0.5777 | V-Prec: 0.4897 | T-Rec: 0.0155 | V-Rec: 0.0154 | T-P@R0.9: 0.0852 | V-P@R0.9: 0.0813
Epoch 278 | Time: 131.2s | LR: 6.25e-06 | T-Loss: 0.2384 | V-Loss: 0.2398 | T-Prec: 0.5768 | V-Prec: 0.4980 | T-Rec: 0.0153 | V-Rec: 0.0149 | T-P@R0.9: 0.0852 | V-P@R0.9: 0.0813
Epoch 279 | Time: 130.6s | LR: 6.25e-06 | T-Loss: 0.2384 | V-Loss: 0.2397 | T-Prec: 0.5764 | V-Prec: 0.4897 | T-Rec: 0.0165 | V-Rec: 0.0154 | T-P@R0.9: 0.0852 | V-P@R0.9: 0.0813
Epoch 280 | Time: 130.9s | LR: 6.25e-06 | T-Loss: 0.2384 | V-Loss: 0.2398 | T-Prec: 0.5777 | V-Prec: 0.4980 | T-Rec: 0.0155 | V-Rec: 0.0149 | T-P@R0.9: 0.0852 | V-P@R0.9: 0.0813
Epoch 281 | Time: 130.4s | LR: 6.25e-06 | T-Loss: 0.2384 | V-Loss: 0.2398 | T-Prec: 0.5782 | V-Prec: 0.4818 | T-Rec: 0.0164 | V-Rec: 0.0157 | T-P@R0.9: 0.0852 | V-P@R0.9: 0.0813
Epoch 282 | Time: 130.3s | LR: 6.25e-06 | T-Loss: 0.2384 | V-Loss: 0.2398 | T-Prec: 0.5852 | V-Prec: 0.4923 | T-Rec: 0.0140 | V-Rec: 0.0133 | T-P@R0.9: 0.0852 | V-P@R0.9: 0.0813
Epoch 283 | Time: 131.3s | LR: 6.25e-06 | T-Loss: 0.2384 | V-Loss: 0.2398 | T-Prec: 0.5782 | V-Prec: 0.4897 | T-Rec: 0.0157 | V-Rec: 0.0154 | T-P@R0.9: 0.0853 | V-P@R0.9: 0.0812
Epoch 284 | Time: 130.3s | LR: 6.25e-06 | T-Loss: 0.2384 | V-Loss: 0.2398 | T-Prec: 0.5793 | V-Prec: 0.4897 | T-Rec: 0.0163 | V-Rec: 0.0154 | T-P@R0.9: 0.0852 | V-P@R0.9: 0.0813
Epoch 285 | Time: 130.5s | LR: 6.25e-06 | T-Loss: 0.2384 | V-Loss: 0.2398 | T-Prec: 0.5797 | V-Prec: 0.4980 | T-Rec: 0.0147 | V-Rec: 0.0149 | T-P@R0.9: 0.0852 | V-P@R0.9: 0.0813
Epoch 286 | Time: 130.5s | LR: 6.25e-06 | T-Loss: 0.2384 | V-Loss: 0.2398 | T-Prec: 0.5764 | V-Prec: 0.4897 | T-Rec: 0.0165 | V-Rec: 0.0154 | T-P@R0.9: 0.0853 | V-P@R0.9: 0.0813
Epoch 287 | Time: 130.0s | LR: 6.25e-06 | T-Loss: 0.2384 | V-Loss: 0.2398 | T-Prec: 0.5797 | V-Prec: 0.4980 | T-Rec: 0.0147 | V-Rec: 0.0149 | T-P@R0.9: 0.0852 | V-P@R0.9: 0.0813
Epoch 288 | Time: 130.2s | LR: 6.25e-06 | T-Loss: 0.2383 | V-Loss: 0.2398 | T-Prec: 0.5797 | V-Prec: 0.4980 | T-Rec: 0.0147 | V-Rec: 0.0149 | T-P@R0.9: 0.0852 | V-P@R0.9: 0.0813
Epoch 289 | Time: 130.2s | LR: 6.25e-06 | T-Loss: 0.2384 | V-Loss: 0.2398 | T-Prec: 0.5797 | V-Prec: 0.4897 | T-Rec: 0.0147 | V-Rec: 0.0154 | T-P@R0.9: 0.0852 | V-P@R0.9: 0.0813
Epoch 290 | Time: 130.9s | LR: 6.25e-06 | T-Loss: 0.2384 | V-Loss: 0.2398 | T-Prec: 0.5808 | V-Prec: 0.4895 | T-Rec: 0.0153 | V-Rec: 0.0154 | T-P@R0.9: 0.0852 | V-P@R0.9: 0.0813
Epoch 291 | Time: 131.0s | LR: 6.25e-06 | T-Loss: 0.2384 | V-Loss: 0.2398 | T-Prec: 0.5771 | V-Prec: 0.4980 | T-Rec: 0.0154 | V-Rec: 0.0149 | T-P@R0.9: 0.0852 | V-P@R0.9: 0.0813
Epoch 292 | Time: 130.2s | LR: 6.25e-06 | T-Loss: 0.2383 | V-Loss: 0.2398 | T-Prec: 0.5763 | V-Prec: 0.4980 | T-Rec: 0.0158 | V-Rec: 0.0149 | T-P@R0.9: 0.0852 | V-P@R0.9: 0.0813
Epoch 293 | Time: 130.6s | LR: 6.25e-06 | T-Loss: 0.2383 | V-Loss: 0.2398 | T-Prec: 0.5764 | V-Prec: 0.4897 | T-Rec: 0.0165 | V-Rec: 0.0154 | T-P@R0.9: 0.0852 | V-P@R0.9: 0.0812
Epoch 294 | Time: 130.6s | LR: 6.25e-06 | T-Loss: 0.2384 | V-Loss: 0.2398 | T-Prec: 0.5764 | V-Prec: 0.4768 | T-Rec: 0.0165 | V-Rec: 0.0164 | T-P@R0.9: 0.0852 | V-P@R0.9: 0.0813
Epoch 295 | Time: 130.3s | LR: 6.25e-06 | T-Loss: 0.2384 | V-Loss: 0.2398 | T-Prec: 0.5771 | V-Prec: 0.4895 | T-Rec: 0.0154 | V-Rec: 0.0152 | T-P@R0.9: 0.0852 | V-P@R0.9: 0.0813
Epoch 296 | Time: 130.6s | LR: 6.25e-06 | T-Loss: 0.2383 | V-Loss: 0.2398 | T-Prec: 0.5769 | V-Prec: 0.4980 | T-Rec: 0.0163 | V-Rec: 0.0149 | T-P@R0.9: 0.0851 | V-P@R0.9: 0.0813
Epoch 297 | Time: 130.3s | LR: 6.25e-06 | T-Loss: 0.2384 | V-Loss: 0.2398 | T-Prec: 0.5804 | V-Prec: 0.4923 | T-Rec: 0.0146 | V-Rec: 0.0133 | T-P@R0.9: 0.0852 | V-P@R0.9: 0.0813
Epoch 298 | Time: 130.2s | LR: 6.25e-06 | T-Loss: 0.2383 | V-Loss: 0.2398 | T-Prec: 0.5782 | V-Prec: 0.4980 | T-Rec: 0.0157 | V-Rec: 0.0149 | T-P@R0.9: 0.0853 | V-P@R0.9: 0.0813
Epoch 299 | Time: 131.1s | LR: 6.25e-06 | T-Loss: 0.2383 | V-Loss: 0.2398 | T-Prec: 0.5852 | V-Prec: 0.4980 | T-Rec: 0.0140 | V-Rec: 0.0149 | T-P@R0.9: 0.0853 | V-P@R0.9: 0.0812
Epoch 300 | Time: 130.1s | LR: 6.25e-06 | T-Loss: 0.2383 | V-Loss: 0.2398 | T-Prec: 0.5742 | V-Prec: 0.4849 | T-Rec: 0.0172 | V-Rec: 0.0161 | T-P@R0.9: 0.0852 | V-P@R0.9: 0.0813
